1                                                          The SAS System                              11:39 Monday, January 5, 2015

NOTE: Unable to open SASUSER.PROFILE. WORK.PROFILE will be opened instead.
NOTE: All profile changes will be lost at the end of the session.
NOTE: Copyright (c) 2002-2010 by SAS Institute Inc., Cary, NC, USA. 
NOTE: SAS (r) Proprietary Software 9.3 (TS1M2) 
      Licensed to LOYALTY SOLUTIONS & RESEARCH PRIVATE LIMITED, Site 11602563.
NOTE: This session is executing on the Linux 2.6.18-348.6.1.el5 (LIN X64) platform.



NOTE: Enhanced analytical products:

SAS/STAT 12.1, SAS/ETS 12.1, SAS/OR 12.2, SAS/IML 12.1

You are running SAS 9. Some SAS 8 files will be automatically converted 
by the V9 engine; others are incompatible.  Please see 
http://support.sas.com/rnd/migration/planning/platform/64bit.html

PROC MIGRATE will preserve current SAS file attributes and is 
recommended for converting all your SAS libraries from any 
SAS 8 release to SAS 9.  For details and examples, please see
http://support.sas.com/rnd/migration/index.html


This message is contained in the SAS news file, and is presented upon
initialization.  Edit the file "news" in the "misc/base" directory to
display site-specific news and information in the program log.
The command line option "-nonews" will prevent this display.




NOTE: SAS initialization used:
      real time           0.03 seconds
      cpu time            0.02 seconds
      

NOTE: AUTOEXEC processing beginning; file is /sasdata/core_etl/prod/sas/includes/init_env.sas.


NOTE: DATA statement used (Total process time):
      real time           0.00 seconds
      cpu time            0.00 seconds
      

50        +/************************************************************************
51        +*       Program      : SET_RPT_ENV							            *
52        +*                                                                       *
53        +*       Owner        : Analytics, LSRPL                                 *
54        +*                                                                       *
55        +*       Author       : ANANTHA RAMAN                          			*
56        +*                                                                       *
57        +*       Input        :  NONE                         					*
58        +*                                                                       *
59        +*       Output       : PERFECT SAS ENVIRONMENT							*
60        +*                                                                       *
61        +*       Dependencies : NONE                                             *
62        +*                                                                       *
63        +*       Description  : This macro can be used to SET THE BASIC SAS ENV  *
2                                                          The SAS System                              11:39 Monday, January 5, 2015

64        +*                      at eachh invocation of SAS Session  				*
65        +*																		*
66        +* 		Path		 :/sasdata/core_etl/prod/sas/sasautos/set_rpt_env.sas*
67        +*																		*
68        +*                                                                       *
69        +*       Usage        : 													*
70        +*                                                                       *
71        +*       History      :                                                  *
72        +*   LSRL-273	13-Jul-2011	Created.                       				*
73        +*   LSRL-273    04-dec-2012 Added step to create dwhnpg library     	*
74        +*                           (C0001)                                     *
75        +*   LSRL-273    26-JAN-2013 Moving physical_card_Type_id = 4 from   	*
76        +*                           CARDED to NON-CARDED bucket in the format 	*
77        +*							definition FORMATS.CARD_TYPE (C0002)		*
78        +*   LSRL-273    24-feb-2013 Added step to create date cut-off macro 	*
79        +*                   		variables (C0003)                           *
80        +*	LSRL-324    28-mar-2013 Default compress of datasets has added		*
81        +*							(C0004)										*
82        +*	LSRL-324    03-apr-2013 included table or column info macro (C0005) *
83        +*	LSRL-273    01-may-2013	Added a new format PID2LMID to capture 		*
84        +*							loyalty_partner_id given the partner_id 	*
85        +*							(C0006)										*
86        +*   LSRL-273  16-sep-2013 Migrated to the UNIX environment. (C0007)     *
87        +*   LSRL-273  17-sep-2013 Decoupled FORMAT creation code and restricted *
88        +*                         it only for etl_adm user                      *
89        +*   LSRL-273  19-sep-2013 Added SUMMLIB to list of preloaded libraries (C0008)*
90        +*   LSRL-273  01-oct-2013 Moved the SAS formats pre-loaded library from *
91        +*             core_etl to sasconf area to facilitate availability of the*
92        +*		formats to all client tools and BI servers. (C0009)       		*
93        +*	LSRL-324  26-Oct-2013 Creates the formats on conditional basis		*
94        +*				1) if login user is ETL_ADM and if it is first run only *
95        +*				2) System will wait for 2 mins if signal file created 	*
96        +*					with in 2 minutes of signal file creation (C0010)	*
97        +*   LSRL-273  05-dec-2013 Added library reference for AMX_STG(C0011)    *
98        +*   LSRL-334  15APR2014 created formats in a common location 			*
99        +*             for both servers 10.32.161.207 and 10.32.161.208 to check *
100       +*			  the difference between the performance of servers (C0012)*
101       +*   LSRL-273  Restoring the formats location so that BI process can access *
102       +*             user defined formats (C0013)                              *
103       +************************************************************************/
104       +
105       +options MAUTOSOURCE SASAUTOS=(
106       +					"/sasdata/core_etl/prod/FG/sasautos/reporting steps"
107       +					"/sasdata/core_etl/prod/FG/sasautos"
108       +					"/sasdata/core_etl/prod/sas/sasautos"
109       +                                         /*C0001 */
110       +				);
111       +
112       +
113       +%macro set_rpt_env;
114       +
115       +options compress=Char Reuse=yes; /* C0004 */
116       +options mprint mlogic symbolgen fmtsearch=(formats);
117       +
118       +/* Date related macro variables to be available throughout the session */
119       +data _null_;
120       +	call symput("rundate", put(today(), date9.));
121       +run;
3                                                          The SAS System                              11:39 Monday, January 5, 2015

122       +
123       +%put &rundate.;
124       +
125       +/* Earliest date to pick up data from */
126       +%LET epoch=01JUL2010;
127       +
128       +/* Last months last working day */
129       +%LET START_DATE_LAST_MON = INTNX("MONTH", "&SYSDATE"D, -1, "B");
130       +%LET END_DATE_LAST_MON = INTNX("MONTH", "&SYSDATE"D, -1, "E");
131       +%LET START_DATE_CURR_MON = INTNX("MONTH", "&SYSDATE"D, -0, "B");
132       +%LET END_DATE_CURR_MON = INTNX("MONTH", "&SYSDATE"D, -0, "E");
133       +
134       +/* SAS Native libraries */
135       +libname CUBELIB "/sasdata/core_etl/prod/libraries/CUBELIB";
136       +libname AUDITLIB "/sasdata/core_etl/prod/libraries/AUDITLIB/";
137       +libname SASMART "/sasdata/core_etl/prod/libraries/SASMART";
138       +libname SUPPLIB "/sasdata/core_etl/prod/libraries/SUPPLIB";
139       +libname WHOUSE "/sasdata/core_etl/prod/libraries/WHOUSE";
140       +libname TEMPLIB "/sasdata/core_etl/prod/libraries/TEMPLIB";
141       +libname OPSLIB "/sasdata/core_etl/prod/libraries/OPSLIB";
142       +libname ECOUPON "/sasdata/core_etl/prod/libraries/ECOUPON";
143       +libname REPORT "/sasdata/bi/REPORT";
144       +/* C0008 */
145       +libname SUMMLIB "/sasdata/core_etl/prod/libraries/SUMMLIB";
146       +libname CIMLIB "/sasdata/ci/CIMPLIB";
147       +libname CAMPLIB "/sasdata/campaign/CAMPLIB";
148       +libname DIDLIB "/sasdata1/did/DIDLIB";
149       +libname DID_STG "/sasdata1/did/DID_STG";
150       +
151       +libname BI_STG "/sasdata1/bi/BI_STG";
152       +libname BI_AUDIT "/sasdata1/bi/BI_AUDIT";
153       +
154       +/* C0011 */
155       +LIBNAME AMX_STG "/sasdata1/amex/AMX_STG";
156       +
157       +
158       +
159       +/*
160       +	20130917: Currently, core_etl admin (etl_adm user does not have write access to the following folder.
161       +	Moving formats creation to a localized folder within core_etl area.
162       +
163       +*/
164       +
165       +
166       +/* C0009 */
167       +/*(C0012)*/
168       +/* LIBNAME FORMATS "/sasdata/core_etl/prod/libraries/FORMATS_TMP"; */
169       +LIBNAME FORMATS "/sasconf/serverconfig/Lev1/SASApp/SASEnvironment/SASFormats/";
170       +/*LIBNAME FORMATS "/sasconf/serverconfig/Lev1/SASAnalytics/SASEnvironment/SASFormats/";*/
171       +
172       +
173       +/* ORACLE libraries */
174       +%include "/sasdata/core_etl/prod/sas/includes/set_conn_biu_dwh_rw.sas" / source2;
175       +
176       +
177       +
178       +/*C0010*/
179       +/* Construction of standardized PB formats. Runs only if core_etl administrator invokes the SAS-session and file
4                                                          The SAS System                              11:39 Monday, January 5, 2015

179      !+existence of formats_signal_DDMONYYYY.txt file*/
180       +
181       +	%IF %cmpres(%upcase(&sysuserid.))=%cmpres(ETL_ADM) %then
182       +		%do; /* ----- Checks the existence of file -- FORMATS_SIGNAL_DDMONYYYY.txt -----*/
183       +			%if %sysfunc(fileexist(/sasdata/core_etl/prod/conf/signals/formats_signal_&sysdate9..txt)) = 0 %then
184       +				%do;
185       +					/* ----- If file doesn't exist, create the file and run the formats creation ----- */
186       +				Data _null_;
187       +				file "/sasdata/core_etl/prod/conf/signals/formats_signal_&sysdate9..txt";
188       +				put "------------------";
189       +				run;
190       +				
191       +				%create_pb_std_formats;
192       +
193       +				%end;
194       +			%else
195       +				%do;
196       +					/* ----- If file exist, check the file creation time is 2 minutes before ----- */
197       +					/* ----- If file creation time is less than 2 minutes, system will wait for 2 minutes ------ */
198       +					filename stat pipe "ls -ltr /sasdata/core_etl/prod/conf/signals/formats_signal_&sysdate9..txt"	;			
199       +
200       +					data time;
201       +					infile stat truncover;
202       +					input var $200.;
203       +					Cr_time1 = scan(var,8,'');
204       +					cr_time  = ( scan(cr_time1,1,':')*60 ) + (scan(cr_time1,2,':')*1);
205       +					curtime1 = put(timepart(datetime()),HHMM5.);
206       +					a = scan(curtime1,1,':')*60;
207       +					b = scan(curtime1,2,':')*1;
208       +					curtime  = a + b;
209       +					call symputx('Mac_crt_time',cr_time);
210       +					call symputx('Mac_cur_time',curtime);
211       +					run;
212       +
213       +					%put Creatime Time ----> &Mac_crt_time. -- Current Time ------>  &Mac_cur_time.;
214       +
215       +					%if %eval(&Mac_crt_time. + 2) > &Mac_cur_time. %then
216       +						%do;
217       +							Data _null_;
218       +							a =sleep(120,1);
219       +							run;
220       +						%end;
221       +
222       +				%end;
223       +			%end;
224       +		%else
225       +				%do;
226       +					/* ----- If login user is not ETL_ADM and checking status file existence ----- */
227       +					/* ----- If file exist, check the file creation time is 2 minutes before ----- */
228       +					/* ----- If file creation time is less than 2 minutes, system will wait for 2 minutes ------ */
229       +
230       +					filename stat pipe "ls -ltr /sasdata/core_etl/prod/conf/signals/formats_signal_&sysdate9..txt"	;			
231       +
232       +					data time;
233       +					infile stat truncover;
234       +					input var $200.;
235       +					Cr_time1 = scan(var,8,'');
236       +					cr_time  = ( scan(cr_time1,1,':')*60 ) + (scan(cr_time1,2,':')*1);
5                                                          The SAS System                              11:39 Monday, January 5, 2015

237       +					curtime1 = put(timepart(datetime()),HHMM5.);
238       +					a = scan(curtime1,1,':')*60;
239       +					b = scan(curtime1,2,':')*1;
240       +					curtime  = a + b;
241       +					call symputx('Mac_crt_time',cr_time);
242       +					call symputx('Mac_cur_time',curtime);
243       +					run;
244       +
245       +					%put Creatime Time ----> &Mac_crt_time. -- Current Time ------>  &Mac_cur_time.;
246       +
247       +					%if %eval(&Mac_crt_time. + 2) > &Mac_cur_time. %then
248       +						%do;
249       +							Data _null_;
250       +							a =sleep(120,1);
251       +							run;
252       +						%end;
253       +
254       +				%end;
255       +
256       +%mend set_rpt_env;
257       +
258       +
NOTE: %INCLUDE (level 1) ending.
MPRINT(SET_RPT_ENV):   symbolgen fmtsearch=(formats);
MPRINT(SET_RPT_ENV):   data _null_;
MPRINT(SET_RPT_ENV):   call symput("rundate", put(today(), date9.));
MPRINT(SET_RPT_ENV):   run;

NOTE: DATA statement used (Total process time):
      real time           0.00 seconds
      cpu time            0.00 seconds
      

MLOGIC(SET_RPT_ENV):  %PUT &rundate.
SYMBOLGEN:  Macro variable RUNDATE resolves to 05JAN2015
05JAN2015
MLOGIC(SET_RPT_ENV):  %LET (variable name is EPOCH)
MLOGIC(SET_RPT_ENV):  %LET (variable name is START_DATE_LAST_MON)
SYMBOLGEN:  Macro variable SYSDATE resolves to 05JAN15
MLOGIC(SET_RPT_ENV):  %LET (variable name is END_DATE_LAST_MON)
SYMBOLGEN:  Macro variable SYSDATE resolves to 05JAN15
MLOGIC(SET_RPT_ENV):  %LET (variable name is START_DATE_CURR_MON)
SYMBOLGEN:  Macro variable SYSDATE resolves to 05JAN15
MLOGIC(SET_RPT_ENV):  %LET (variable name is END_DATE_CURR_MON)
SYMBOLGEN:  Macro variable SYSDATE resolves to 05JAN15
MPRINT(SET_RPT_ENV):   libname CUBELIB "/sasdata/core_etl/prod/libraries/CUBELIB";
NOTE: Libref CUBELIB was successfully assigned as follows: 
      Engine:        V9 
      Physical Name: /sasdata/core_etl/prod/libraries/CUBELIB
MPRINT(SET_RPT_ENV):   libname AUDITLIB "/sasdata/core_etl/prod/libraries/AUDITLIB/";
NOTE: Libref AUDITLIB was successfully assigned as follows: 
      Engine:        V9 
      Physical Name: /sasdata/core_etl/prod/libraries/AUDITLIB
MPRINT(SET_RPT_ENV):   libname SASMART "/sasdata/core_etl/prod/libraries/SASMART";
NOTE: Libref SASMART was successfully assigned as follows: 
      Engine:        V9 
      Physical Name: /sasdata/core_etl/prod/libraries/SASMART
MPRINT(SET_RPT_ENV):   libname SUPPLIB "/sasdata/core_etl/prod/libraries/SUPPLIB";
6                                                          The SAS System                              11:39 Monday, January 5, 2015

NOTE: Libref SUPPLIB was successfully assigned as follows: 
      Engine:        V9 
      Physical Name: /sasdata/core_etl/prod/libraries/SUPPLIB
MPRINT(SET_RPT_ENV):   libname WHOUSE "/sasdata/core_etl/prod/libraries/WHOUSE";
NOTE: Libref WHOUSE was successfully assigned as follows: 
      Engine:        V9 
      Physical Name: /sasdata/core_etl/prod/libraries/WHOUSE
MPRINT(SET_RPT_ENV):   libname TEMPLIB "/sasdata/core_etl/prod/libraries/TEMPLIB";
NOTE: Libref TEMPLIB was successfully assigned as follows: 
      Engine:        V9 
      Physical Name: /sasdata/core_etl/prod/libraries/TEMPLIB
MPRINT(SET_RPT_ENV):   libname OPSLIB "/sasdata/core_etl/prod/libraries/OPSLIB";
NOTE: Libref OPSLIB was successfully assigned as follows: 
      Engine:        V9 
      Physical Name: /sasdata/core_etl/prod/libraries/OPSLIB
MPRINT(SET_RPT_ENV):   libname ECOUPON "/sasdata/core_etl/prod/libraries/ECOUPON";
NOTE: Libref ECOUPON was successfully assigned as follows: 
      Engine:        V9 
      Physical Name: /sasdata/core_etl/prod/libraries/ECOUPON
MPRINT(SET_RPT_ENV):   libname REPORT "/sasdata/bi/REPORT";
NOTE: Libref REPORT was successfully assigned as follows: 
      Engine:        V9 
      Physical Name: /sasdata/bi/REPORT
MPRINT(SET_RPT_ENV):   libname SUMMLIB "/sasdata/core_etl/prod/libraries/SUMMLIB";
NOTE: Libref SUMMLIB was successfully assigned as follows: 
      Engine:        V9 
      Physical Name: /sasdata/core_etl/prod/libraries/SUMMLIB
MPRINT(SET_RPT_ENV):   libname CIMLIB "/sasdata/ci/CIMPLIB";
NOTE: Libref CIMLIB was successfully assigned as follows: 
      Engine:        V9 
      Physical Name: /sasdata/ci/CIMPLIB
MPRINT(SET_RPT_ENV):   libname CAMPLIB "/sasdata/campaign/CAMPLIB";
NOTE: Libref CAMPLIB was successfully assigned as follows: 
      Engine:        V9 
      Physical Name: /sasdata/campaign/CAMPLIB
MPRINT(SET_RPT_ENV):   libname DIDLIB "/sasdata1/did/DIDLIB";
NOTE: Libref DIDLIB was successfully assigned as follows: 
      Engine:        V9 
      Physical Name: /sasdata1/did/DIDLIB
MPRINT(SET_RPT_ENV):   libname DID_STG "/sasdata1/did/DID_STG";
NOTE: Libref DID_STG was successfully assigned as follows: 
      Engine:        V9 
      Physical Name: /sasdata1/did/DID_STG
MPRINT(SET_RPT_ENV):   libname BI_STG "/sasdata1/bi/BI_STG";
NOTE: Libref BI_STG was successfully assigned as follows: 
      Engine:        V9 
      Physical Name: /sasdata1/bi/BI_STG
MPRINT(SET_RPT_ENV):   libname BI_AUDIT "/sasdata1/bi/BI_AUDIT";
NOTE: Libref BI_AUDIT was successfully assigned as follows: 
      Engine:        V9 
      Physical Name: /sasdata1/bi/BI_AUDIT
MPRINT(SET_RPT_ENV):   LIBNAME AMX_STG "/sasdata1/amex/AMX_STG";
NOTE: Libref AMX_STG was successfully assigned as follows: 
      Engine:        V9 
      Physical Name: /sasdata1/amex/AMX_STG
MPRINT(SET_RPT_ENV):   LIBNAME FORMATS "/sasconf/serverconfig/Lev1/SASApp/SASEnvironment/SASFormats/";
NOTE: Libref FORMATS was successfully assigned as follows: 
      Engine:        V9 
7                                                          The SAS System                              11:39 Monday, January 5, 2015

      Physical Name: /sasconf/serverconfig/Lev1/SASApp/SASEnvironment/SASFormats
260       +/************************************************************************
261       +*       Program      : G:\sas\common\includes\set_conn_biu_dwh_rw.sas   *
262       +*                                                                       *
263       +*                                                                       *
264       +*       Owner        : Analytics, LSRPL                                 *
265       +*                                                                       *
266       +*       Author       : LSRL/273                                         *
267       +*                                                                       *
268       +*       Input        :                                                  *
269       +*                                                                       *
270       +*                                                                       *
271       +*                                                                       *
272       +*       Output       :                                                  *
273       +*                                                                       *
274       +*                                                                       *
275       +*                                                                       *
276       +*       Dependencies :                                                  *
277       +*                                                                       *
278       +*       Description  : Creates library references to ORACLE schema(s).  *
279       +*                                                                       *
280       +*                                                                       *
281       +*       Usage        :                                                  *
282       +*                                                                       *
283       +*                                                                       *
284       +*                                                                       *
285       +*                                                                       *
286       +*       History      :                                                  *
287       +*       (Analyst)     (Date)    (Changes)                               *
288       +*       LSRL/273    16MAY2013  Added libref creation for ECOUPON2       *
289       +*                              (C0001)                                  *
290       +*       LSRL/273    16-sep-2013 Module operational in UNIX environment. *
291       +*                   Currently defined ORACLE libraries are:             *
292       +*                   DWHLIB                                              *
293       +*                   ECOUPON                                             *
294       +*                   OFBIZLIB                                            *
295       +*                   This would be replaced with Oracle connections as   *
296       +*                   CMS implementation.                                 *
297       +*  		LSRL/334    27MAY2014(C0002)											*
298       +*                   Adding cmsdwh library to connect to cmsdwh          *
299       +*                   CMSDWH                                              *
300       +*                 														*
301       +************************************************************************/
302       +
303       +/* C0003*/
304       + LIBNAME dwhlib ORACLE  PATH=DWHFO  SCHEMA=dwh  USER=dwh  PASSWORD=XXXXXXXXX ;
MPRINT(SET_RPT_ENV):   LIBNAME dwhlib ORACLE PATH=DWHFO SCHEMA=dwh USER=dwh PASSWORD="manager" ;
NOTE: Libref DWHLIB was successfully assigned as follows: 
      Engine:        ORACLE 
      Physical Name: DWHFO
305       +/* LIBNAME DWHLIB ORACLE  PATH=CMSDWH  SCHEMA=BIU_READ  USER=biu_read
305      !+PASSWORD="{SAS002}56AFFB0547A4A37417F8135F2EAD17C9" ; */
306       +
307       +/* LIBNAME starlib ORACLE  PATH=DWHFO  SCHEMA=star  USER=dwh  PASSWORD="manager" ;
308       +LIBNAME worklib ORACLE  PATH=DWHFO  SCHEMA=work  USER=dwh  PASSWORD="manager" ; */
309       +libname ofbizlib oracle user=dwh password=XXXXXXX schema=OFBIZ path='DWHFO';
MPRINT(SET_RPT_ENV):   libname ofbizlib oracle user=dwh password=manager schema=OFBIZ path='DWHFO';
NOTE: Libref OFBIZLIB was successfully assigned as follows: 
8                                                          The SAS System                              11:39 Monday, January 5, 2015

      Engine:        ORACLE 
      Physical Name: DWHFO
310       +
311       +/* Connect to E-couponing test server */
312       +/*libname ecoulibt oracle USER=ecoupon password=payback path=PAYBACK;*/
313       +/* Connect to E-couponing prod area in ORACLE */
314       +libname ecoulibp oracle USER=dwh password=XXXXXXX schema=ecoupon path=DWHFO;
MPRINT(SET_RPT_ENV):   libname ecoulibp oracle USER=dwh password=manager schema=ecoupon path=DWHFO;
NOTE: Libref ECOULIBP was successfully assigned as follows: 
      Engine:        ORACLE 
      Physical Name: DWHFO
315       +/* C0001 */
316       +LIBNAME ecoupon2 ORACLE  PATH=dwhfo  SCHEMA=ecoupon2  USER=ecoupon2  PASSWORD=XXXXXXXXXXXXXXXXXXXXXXXXXXXXXXXXXXXXXXXXXX
316      !+;
MPRINT(SET_RPT_ENV):   LIBNAME ecoupon2 ORACLE PATH=dwhfo SCHEMA=ecoupon2 USER=ecoupon2 
PASSWORD="{sas002}30A3A7464DCD9CC727DA4AF75736010D" ;
NOTE: Libref ECOUPON2 was successfully assigned as follows: 
      Engine:        ORACLE 
      Physical Name: dwhfo
317       +/* libname assignment for npg schema - To capture redemptions */
318       +LIBNAME DWHNPG ORACLE  PATH=DWHFO  SCHEMA=PAYBACK_NPG  USER=PAYBACK_NPG
318      !+PASSWORD=XXXXXXXXXXXXXXXXXXXXXXXXXXXXXXXXXXXXXXXXXXXXXXXXXX ;
MPRINT(SET_RPT_ENV):   LIBNAME DWHNPG ORACLE PATH=DWHFO SCHEMA=PAYBACK_NPG USER=PAYBACK_NPG 
PASSWORD="{sas002}3A30C82816E6152A3E034D255B1B9FA02961C64C" ;
NOTE: Libref DWHNPG was successfully assigned as follows: 
      Engine:        ORACLE 
      Physical Name: DWHFO
319       +/* C0002 */
320       +LIBNAME cmsdwh ORACLE  PATH=cmsdwh  SCHEMA=cmsdwh  USER=cmsdwh  PASSWORD=XXXXXXXXXXXXXXXXXXXXXXXXXXXXXXXXXX ;
MPRINT(SET_RPT_ENV):   LIBNAME cmsdwh ORACLE PATH=cmsdwh SCHEMA=cmsdwh USER=cmsdwh PASSWORD="{sas002}B25C7C3409B4127615725006" ;
NOTE: Libref CMSDWH was successfully assigned as follows: 
      Engine:        ORACLE 
      Physical Name: cmsdwh
NOTE: %INCLUDE (level 1) ending.
MLOGIC(SET_RPT_ENV):  Beginning compilation of CMPRES using the autocall file /sasdata/core_etl/prod/sas/sasautos/cmpres.sas.
MLOGIC(SET_RPT_ENV):  Ending compilation of CMPRES.
MLOGIC(CMPRES):  Beginning execution.
MLOGIC(CMPRES):  This macro was compiled from the autocall file /sasdata/core_etl/prod/sas/sasautos/cmpres.sas
SYMBOLGEN:  Macro variable SYSUSERID resolves to etl_adm
MLOGIC(CMPRES):  Parameter PARAM has value ETL_ADM
SYMBOLGEN:  Macro variable PARAM resolves to ETL_ADM
MLOGIC(CMPRES):  Ending execution.
MLOGIC(CMPRES):  Beginning execution.
MLOGIC(CMPRES):  This macro was compiled from the autocall file /sasdata/core_etl/prod/sas/sasautos/cmpres.sas
MLOGIC(CMPRES):  Parameter PARAM has value ETL_ADM
SYMBOLGEN:  Macro variable PARAM resolves to ETL_ADM
MLOGIC(CMPRES):  Ending execution.
MLOGIC(SET_RPT_ENV):  %IF condition %cmpres(%upcase(&sysuserid.))=%cmpres(ETL_ADM) is TRUE
SYMBOLGEN:  Macro variable SYSDATE9 resolves to 05JAN2015
MLOGIC(SET_RPT_ENV):  %IF condition %sysfunc(fileexist(/sasdata/core_etl/prod/conf/signals/formats_signal_&sysdate9..txt)) = 0 is 
      FALSE
SYMBOLGEN:  Macro variable SYSDATE9 resolves to 05JAN2015
MPRINT(SET_RPT_ENV):   filename stat pipe "ls -ltr /sasdata/core_etl/prod/conf/signals/formats_signal_05JAN2015.txt" ;
MPRINT(SET_RPT_ENV):   data time;
MPRINT(SET_RPT_ENV):   infile stat truncover;
MPRINT(SET_RPT_ENV):   input var $200.;
MPRINT(SET_RPT_ENV):   Cr_time1 = scan(var,8,'');
MPRINT(SET_RPT_ENV):   cr_time = ( scan(cr_time1,1,':')*60 ) + (scan(cr_time1,2,':')*1);
9                                                          The SAS System                              11:39 Monday, January 5, 2015

MPRINT(SET_RPT_ENV):   curtime1 = put(timepart(datetime()),HHMM5.);
MPRINT(SET_RPT_ENV):   a = scan(curtime1,1,':')*60;
MPRINT(SET_RPT_ENV):   b = scan(curtime1,2,':')*1;
MPRINT(SET_RPT_ENV):   curtime = a + b;
MPRINT(SET_RPT_ENV):   call symputx('Mac_crt_time',cr_time);
MPRINT(SET_RPT_ENV):   call symputx('Mac_cur_time',curtime);
MPRINT(SET_RPT_ENV):   run;

NOTE: Character values have been converted to numeric values at the places given by: (Line):(Column).
      320:236   320:11    320:96    320:130   
NOTE: The infile STAT is:
      Pipe command="ls -ltr /sasdata/core_etl/prod/conf/signals/formats_signal_05JAN2015.txt"

NOTE: 1 record was read from the infile STAT.
      The minimum record length was 114.
      The maximum record length was 114.
NOTE: The data set WORK.TIME has 1 observations and 7 variables.
NOTE: Compressing data set WORK.TIME decreased size by 0.00 percent. 
      Compressed is 1 pages; un-compressed would require 1 pages.
NOTE: DATA statement used (Total process time):
      real time           0.01 seconds
      cpu time            0.00 seconds
      

MLOGIC(SET_RPT_ENV):  %PUT Creatime Time ----> &Mac_crt_time. -- Current Time ------>  &Mac_cur_time.
SYMBOLGEN:  Macro variable MAC_CRT_TIME resolves to 5
SYMBOLGEN:  Macro variable MAC_CUR_TIME resolves to 700
Creatime Time ----> 5 -- Current Time ------>  700
SYMBOLGEN:  Macro variable MAC_CRT_TIME resolves to 5
SYMBOLGEN:  Macro variable MAC_CUR_TIME resolves to 700
MLOGIC(SET_RPT_ENV):  %IF condition %eval(&Mac_crt_time. + 2) > &Mac_cur_time. is FALSE
MLOGIC(SET_RPT_ENV):  Ending execution.

NOTE: AUTOEXEC processing completed.

1          
2          %include '/sasdata/core_etl/sas/sasautos/create_pb_std_formats.sas';
WARNING: Physical file does not exist, /sasdata/core_etl/sas/sasautos/create_pb_std_formats.sas.
ERROR: Cannot open %INCLUDE file /sasdata/core_etl/sas/sasautos/create_pb_std_formats.sas.
3          
4          %create_pb_std_formats;
MLOGIC:  Beginning compilation of CREATE_PB_STD_FORMATS using the autocall file 
      /sasdata/core_etl/prod/sas/sasautos/create_pb_std_formats.sas.
MLOGIC:  Ending compilation of CREATE_PB_STD_FORMATS.
MLOGIC(CREATE_PB_STD_FORMATS):  Beginning execution.
MLOGIC(CREATE_PB_STD_FORMATS):  This macro was compiled from the autocall file 
      /sasdata/core_etl/prod/sas/sasautos/create_pb_std_formats.sas
MPRINT(CREATE_PB_STD_FORMATS):   PROC DATASETS LIB=FORMATS MT=CATALOG nolist;
MPRINT(CREATE_PB_STD_FORMATS):   DELETE FORMATS ;
MPRINT(CREATE_PB_STD_FORMATS):   quit;
NOTE: Deleting FORMATS.FORMATS (memtype=CATALOG).
NOTE: PROCEDURE DATASETS used (Total process time):
      real time           0.06 seconds
      cpu time            0.04 seconds
      

MPRINT(CREATE_PB_STD_FORMATS):   proc format library = FORMATS;
MPRINT(CREATE_PB_STD_FORMATS):   value ACTION_TYPE 3 = "Earn Reversal" 4 = "Burn Reversal" 1,5 = "Earn" 2,6 = "Burn" ;
10                                                         The SAS System                              11:39 Monday, January 5, 2015

NOTE: Format ACTION_TYPE has been written to FORMATS.FORMATS.
MPRINT(CREATE_PB_STD_FORMATS):   quit;

NOTE: PROCEDURE FORMAT used (Total process time):
      real time           0.16 seconds
      cpu time            0.00 seconds
      

MPRINT(CREATE_PB_STD_FORMATS):   proc format library = FORMATS;
MPRINT(CREATE_PB_STD_FORMATS):   value ACTION_SUB_TYPE 3 = "Earn Reversal" 4 = "Burn Reversal" 1 = "Earn" 5 = "Preallocated Earn" 2 
= "Burn" 6 = "Preallocated Burn" ;
NOTE: Format ACTION_SUB_TYPE has been written to FORMATS.FORMATS.
MPRINT(CREATE_PB_STD_FORMATS):   quit;

NOTE: PROCEDURE FORMAT used (Total process time):
      real time           0.00 seconds
      cpu time            0.00 seconds
      

MPRINT(CREATE_PB_STD_FORMATS):   proc format library=FORMATS;
MPRINT(CREATE_PB_STD_FORMATS):   VALUE fgprcd 183 = "BRF" 179 = "BBZ" 181 = "FBZ" 182 = "CTL" 185 = "EZN" 184 = "HTN" 180 = "PTL" 
188 = "FUTBCOM" 190 = "PTL3STR" 191 = "PTL5STR" 192 = "PTL7STR" 193 = "EZOL" 194 = "FH" 197 = "PFO" 200 = "FRT" 205 = "FBB" 223 = 
"IL" OTHER = "PB N/W" ;
NOTE: Format FGPRCD has been written to FORMATS.FORMATS.
MPRINT(CREATE_PB_STD_FORMATS):   quit;

NOTE: PROCEDURE FORMAT used (Total process time):
      real time           0.00 seconds
      cpu time            0.00 seconds
      

MPRINT(CREATE_PB_STD_FORMATS):   proc format library=FORMATS;
MPRINT(CREATE_PB_STD_FORMATS):   VALUE fgpartcd 179 = "BIG BAZAAR" 180 = "PANTALOON" 181 = "FOOD BAZAAR" 182 = "CENTRAL" 183 = 
"BRAND FACTORY" 184 = "HOME TOWN" 185 = "E ZONE" 188 = "FUTURE BAZAAR" 190 = "PANTALOON 3STAR" 191 = "PANTALOON 5STAR" 192 = 
"PANTALOON 7STAR" 193 = "E ZONE ONLINE" 194 = "FOOD HALL" 197 = "PANTALOONS FACTORY OUTLET" 200 = "FOOD RIGHT" 205 = "FBB" 223 = 
"INDUSLEAGUE" OTHER = "PB N/W" ;
NOTE: Format FGPARTCD has been written to FORMATS.FORMATS.
MPRINT(CREATE_PB_STD_FORMATS):   run;

NOTE: PROCEDURE FORMAT used (Total process time):
      real time           0.00 seconds
      cpu time            0.00 seconds
      

MPRINT(CREATE_PB_STD_FORMATS):   proc format library=FORMATS;
MPRINT(CREATE_PB_STD_FORMATS):   VALUE fgpid2lmid 179 = 90012965 180 = 90012972 181 = 90012969 182 = 90012967 183 = 90012966 184 = 
90012971 185 = 90012968 188 = 90012970 190 = 90012972 191 = 90012972 192 = 90012972 193 = 90012968 194 = 90013041 197 = 90013564 
200 = 90013625 205 = 90013505 223 = 90014145 ;
NOTE: Format FGPID2LMID has been written to FORMATS.FORMATS.
MPRINT(CREATE_PB_STD_FORMATS):   quit;

NOTE: PROCEDURE FORMAT used (Total process time):
      real time           0.00 seconds
      cpu time            0.00 seconds
      

MPRINT(CREATE_PB_STD_FORMATS):   proc format library=FORMATS;
MPRINT(CREATE_PB_STD_FORMATS):   VALUE $ fgpart2lmid "BIG BAZAAR" = 90012965 "PANTALOONS" = 90012972 "FOOD BAZAAR" = 90012969 
11                                                         The SAS System                              11:39 Monday, January 5, 2015

"CENTRAL" = 90012967 "BRAND FACTORY" = 90012966 "HOME TOWN" = 90012971 "E ZONE" = 90012968 "PANTALOON 3STAR" = 90012972 "FUTURE 
BAZAAR" = 90012970 "PANTALOON 5STAR" = 90012972 "PANTALOON 7STAR" = 90012972 "PANTALOON" = 90012972 "E ZONE ONLINE" = 90012968 
"FOOD HALL" = 90013041 "FBB" = 90013505 "PANTALOONS FACTORY OUTLET" = 90013564 "FOOD RIGHT" = 90013625 "INDUSLEAGUE" = 90014145 ;
NOTE: Format $FGPART2LMID has been written to FORMATS.FORMATS.
MPRINT(CREATE_PB_STD_FORMATS):   quit;

NOTE: PROCEDURE FORMAT used (Total process time):
      real time           0.00 seconds
      cpu time            0.00 seconds
      

MPRINT(CREATE_PB_STD_FORMATS):   PROC FORMAT library=formats;
MPRINT(CREATE_PB_STD_FORMATS):   value $ citygrp 'MUMBAI'='MUMBAI' 'DELHI'='DELHI' 'HYDERABAD' = 'HYDERABAD' 'KOLKATA' = 'KOLKATA' 
'AHMEDABAD' = 'AHMEDABAD' 'PUNE' = 'PUNE' 'BANGALORE' = 'BANGALORE' 'CHENNAI' = 'CHENNAI' OTHER = 'OTHERS' ;
NOTE: Format $CITYGRP has been written to FORMATS.FORMATS.
MPRINT(CREATE_PB_STD_FORMATS):   QUIT;

NOTE: PROCEDURE FORMAT used (Total process time):
      real time           0.00 seconds
      cpu time            0.00 seconds
      

MPRINT(CREATE_PB_STD_FORMATS):   PROC FORMAT library = formats;
MPRINT(CREATE_PB_STD_FORMATS):   VALUE AGEGRP low-17 = '< 18' 18-25 = '18-25' 26-30 = '26-30' 31-40 = '31-40' 41-45 = '41-45' 46-50 
= '46-50' 51-60 = '51-60' 61-70 = '61-70' other = 'N/A' ;
NOTE: Format AGEGRP has been written to FORMATS.FORMATS.
MPRINT(CREATE_PB_STD_FORMATS):   quit;

NOTE: PROCEDURE FORMAT used (Total process time):
      real time           0.00 seconds
      cpu time            0.00 seconds
      

MPRINT(CREATE_PB_STD_FORMATS):   proc format;
MPRINT(CREATE_PB_STD_FORMATS):   value $ KPINAME "UNIQ_MEMCNT" = "# of Unique Members transacted" "uniq_memcnt" = "# of Unique 
Members transacted" "TOTAL_BRCH_SALES" = "Total value of Earn tranx" "num_earns" = "# of Earn Transactions" "NUM_EARNS" = "# of 
Earn Transactions" "num_burns" = "# of Redemptions" "NUM_BURNS" = "# of Redemptions" "POINTS_EARNS" = "Total points issued" 
"points_earns" = "Total points issued" "POINTS_BURNS" = "Total points redeemed" "points_burns" = "Total points redeemed" 
"num_earn_revs" = "# of Earn Rev. activities" "NUM_EARN_REVS" = "# of Earn Rev. activities" "POINTS_EARN_REVS" = "Total earn points 
reversed" "points_earn_revs" = "Total earn points reversed" "TOTAL_PB_BILLS" = "Total PB Bills" "total_pb_bills" = "Total PB Bills" 
;
NOTE: Format $KPINAME has been output.
MPRINT(CREATE_PB_STD_FORMATS):   quit;

NOTE: PROCEDURE FORMAT used (Total process time):
      real time           0.01 seconds
      cpu time            0.00 seconds
      

MPRINT(CREATE_PB_STD_FORMATS):   proc format library = formats;
MPRINT(CREATE_PB_STD_FORMATS):   value $ fgcmbine (DEFAULT=20) "BIG BAZAAR-NWG" = "BIGBAZAAR" "BIG BAZAAR-SE" = "BIGBAZAAR" "FOOD 
BAZAAR-NWG" = "FOODBAZAAR" "FOOD BAZAAR-SE" = "FOODBAZAAR" ;
NOTE: Format $FGCMBINE has been written to FORMATS.FORMATS.
MPRINT(CREATE_PB_STD_FORMATS):   run;

NOTE: PROCEDURE FORMAT used (Total process time):
      real time           0.00 seconds
      cpu time            0.01 seconds
12                                                         The SAS System                              11:39 Monday, January 5, 2015

      

MPRINT(CREATE_PB_STD_FORMATS):   proc format library = FORMATS;
MPRINT(CREATE_PB_STD_FORMATS):   value card_sub_type 1 = "PERMANENT" 2 = "TEMPORARY" 3 = "NOT CARDED" 4 = "RETAIL CARDS" 5 = 
"VIRTUAL CARDS" ;
NOTE: Format CARD_SUB_TYPE has been written to FORMATS.FORMATS.
MPRINT(CREATE_PB_STD_FORMATS):   quit;

NOTE: PROCEDURE FORMAT used (Total process time):
      real time           0.00 seconds
      cpu time            0.00 seconds
      

MPRINT(CREATE_PB_STD_FORMATS):   proc format LIBRARY = FORMATS;
MPRINT(CREATE_PB_STD_FORMATS):   value CARD_TYPE 1,5="CARDED" 2,3,4="NON-CARDED" ;
NOTE: Format CARD_TYPE has been written to FORMATS.FORMATS.
MPRINT(CREATE_PB_STD_FORMATS):   quit;

NOTE: PROCEDURE FORMAT used (Total process time):
      real time           0.00 seconds
      cpu time            0.00 seconds
      

MPRINT(CREATE_PB_STD_FORMATS):   PROC FORMAT library = formats;
MPRINT(CREATE_PB_STD_FORMATS):   value card_type_prec 1 = 1 2 = 3 3 = 4 4 = 2 5 = 5 ;
NOTE: Format CARD_TYPE_PREC has been written to FORMATS.FORMATS.
MPRINT(CREATE_PB_STD_FORMATS):   quit;

NOTE: PROCEDURE FORMAT used (Total process time):
      real time           0.00 seconds
      cpu time            0.00 seconds
      

MPRINT(CREATE_PB_STD_FORMATS):   Proc format library = formats;
MPRINT(CREATE_PB_STD_FORMATS):   Value cluster_ht 1 = "Royal Redeemer" 2 = "Affluent" 3 = "Big Ticket Spenders" 4 = "Enthusiast FG" 
5 = "Low Enthusiast FG" ;
NOTE: Format CLUSTER_HT has been written to FORMATS.FORMATS.
MPRINT(CREATE_PB_STD_FORMATS):   quit;

NOTE: PROCEDURE FORMAT used (Total process time):
      real time           0.00 seconds
      cpu time            0.00 seconds
      

MPRINT(CREATE_PB_STD_FORMATS):   proc format library=formats;
MPRINT(CREATE_PB_STD_FORMATS):   value pts2slab low-0 = "0" 1-200 = ">0 to 200" 201-1000 = ">200 to 1000" 1001-2000 = ">1000 to 
2000" 2001-4000 = ">2000 to 4000" 4001-5000 = ">4000 to 5000" 5001-8000 = ">5000 to 8000" 8001-10000 = ">8000 to 10000" 10001-12000 
= ">10000 to 12000" 12001-50000 = ">12000 to 50000" 50001-100000= ">50000 to 100000" 100001-high= ">100000" ;
NOTE: Format PTS2SLAB has been written to FORMATS.FORMATS.
MPRINT(CREATE_PB_STD_FORMATS):   quit;

NOTE: PROCEDURE FORMAT used (Total process time):
      real time           0.00 seconds
      cpu time            0.00 seconds
      

MPRINT(CREATE_PB_STD_FORMATS):   Proc format library=formats;
MPRINT(CREATE_PB_STD_FORMATS):   value ptsvd low-0 = "0" 1-49 = ">1 to 49" 50-199 = ">50 to 199" 200-499 = ">200 to 499" 500-999 = 
13                                                         The SAS System                              11:39 Monday, January 5, 2015

">500 to 999" 1000-high = ">1000" ;
NOTE: Format PTSVD has been written to FORMATS.FORMATS.
MPRINT(CREATE_PB_STD_FORMATS):   quit;

NOTE: PROCEDURE FORMAT used (Total process time):
      real time           0.00 seconds
      cpu time            0.00 seconds
      

MPRINT(CREATE_PB_STD_FORMATS):   proc format library=formats;
MPRINT(CREATE_PB_STD_FORMATS):   value RFMTPTS 0 = '0' 1-49 = '1-49' 50-199 = '50-199' 200-499 = '200-499' 500-999 = '500-999' 
1000-high = '1000+' ;
NOTE: Format RFMTPTS has been written to FORMATS.FORMATS.
MPRINT(CREATE_PB_STD_FORMATS):   quit;

NOTE: PROCEDURE FORMAT used (Total process time):
      real time           0.00 seconds
      cpu time            0.01 seconds
      

MPRINT(CREATE_PB_STD_FORMATS):   proc format library=formats;
MPRINT(CREATE_PB_STD_FORMATS):   value pts4slab low-0 = "0" 1-200 = ">0 to 200" 201-1000 = ">200 to 1000" 1001-2000 = ">1000 to 
2000" 2001-4000 = ">2000 to 4000" 4001-high = ">4000" ;
NOTE: Format PTS4SLAB has been written to FORMATS.FORMATS.
MPRINT(CREATE_PB_STD_FORMATS):   quit;

NOTE: PROCEDURE FORMAT used (Total process time):
      real time           0.00 seconds
      cpu time            0.00 seconds
      

MPRINT(CREATE_PB_STD_FORMATS):   proc format LIBRARY = FORMATS;
MPRINT(CREATE_PB_STD_FORMATS):   value age 15-21 = "15-21" 22-29 = "22-29" 30-39 = "30-39" 40-55 = "40-55" 56-high = "56 +" other = 
"N/A" ;
NOTE: Format AGE has been written to FORMATS.FORMATS.
MPRINT(CREATE_PB_STD_FORMATS):   run;

NOTE: PROCEDURE FORMAT used (Total process time):
      real time           0.00 seconds
      cpu time            0.00 seconds
      

MPRINT(CREATE_PB_STD_FORMATS):   quit;
MPRINT(CREATE_PB_STD_FORMATS):   PROC FORMAT LIBRARY = FORMATS;
MPRINT(CREATE_PB_STD_FORMATS):   VALUE $ ENRGRP "BIGBAZAAR" = "BIGBAZAAR" "FOODBAZAAR" = "FOODBAZAAR" "CENTRAL" = "CENTRAL" 
"BRANDFACTORY" = "BRANDFACTORY" "HOMETOWN" = "HOMETOWN" "EZONE" = "EZONE" "FUTUREBAZAAR" = "FUTUREBAZAAR" "PANTALOONS" = 
"PANTALOONS" "FOODHALL" = "FOODHALL" "FBB" = "FBB" "INDUSLEAGUE" = "INDUSLEAGUE" "FOODRIGHT" = "FOODRIGHT" "ICICIBANKDEBIT" = 
"ICICIDEBIT" "ICICIBANKCREDIT" = "ICICICREDIT" "ICICIOTHERS" = "ICICIOTHERS" "HPCL" = "HPCL" "MEGAMART" = "MEGAMART" "MMT" = "MMT" 
"MKRETAIL" = "MKRETAIL" "UNIVERCELL" = "UNIVERCELL" "B2E FIDELITY" = "B2E" "B2E MINDTREE" = "B2E" "B2E HCL" = "B2E" "B2E METLIFE" = 
"B2E" "B2E UBG" = "B2E" "B2E COGNIZANT" = "B2E" "B2E NESS" = "B2E" "VF_POSTPAID"= "VODAFONE" "VF_PREPAID"= "VODAFONE" OTHER = "PB 
N/W" ;
NOTE: Format $ENRGRP has been written to FORMATS.FORMATS.
MPRINT(CREATE_PB_STD_FORMATS):   quit;

NOTE: PROCEDURE FORMAT used (Total process time):
      real time           0.00 seconds
      cpu time            0.00 seconds
      
14                                                         The SAS System                              11:39 Monday, January 5, 2015


MPRINT(CREATE_PB_STD_FORMATS):   PROC FORMAT LIBRARY = FORMATS;
MPRINT(CREATE_PB_STD_FORMATS):   VALUE $ PARTGRP "BIGBAZAAR" = "BIGBAZAAR" "FOODBAZAAR" = "FOODBAZAAR" "CENTRAL" = "CENTRAL" 
"BRANDFACTORY" = "BRANDFACTORY" "HOMETOWN" = "HOMETOWN" "EZONE" = "EZONE" "EZONEONLINE" = "EZONEONLINE" "FUTUREBAZAAR" = 
"FUTUREBAZAAR" "PANTALOONS" = "PANTALOONS" "FOODHALL" = "FOODHALL" "FOODRIGHT" = "FOODRIGHT" "FBB" = "FBB" "INDUSLEAGUE" = 
"INDUSLEAGUE" "HPCL" = "HPCL" "MEGAMART" = "MEGAMART" "MMT" = "MMT" "MMT_BUS" = "MMT" "MMT_DOM_AIR_TCKT" = "MMT" "MMT_AIRTKT" = 
"MMT" "MMT_HOTELS" = "MMT" "MMT_DOM_PKG" = "MMT" "MMT_INTL_PKG" = "MMT" "MMT_INTL_AIR_TCKT" = "MMT" "MAKEMYTRIP(INDIA)PVT.LTD." = 
"MMT" "MKRETAIL" = "MKRETAIL" "UNIVERCELL" = "UNIVERCELL" "ICICIBANKCREDIT" = "ICICICREDIT" "ICICIBANKDEBIT" = "ICICIDEBIT" 
"ICICIOTHERS" = "ICICIOTHERS" "BOOKMYSHOW" = "BOOKMYSHOW" "PLANETSPORTS" = "PLANETSPORTS" "BABYOYE" = "BABYOYE" "EDABBA" = "EDABBA" 
"FIRSTCRY" = "FIRSTCRY" "KOOVS" = "KOOVS" "PERFUME2ORDER" = "PERFUME2ORDER" "SURATDIAMOND" = "SURATDIAMOND" "VALYOO" = "VALYOO" 
"VF_POSTPAID"= "VODAFONE" "VF_PREPAID"="VODAFONE" OTHER = "PB N/W" ;
NOTE: Format $PARTGRP has been written to FORMATS.FORMATS.
MPRINT(CREATE_PB_STD_FORMATS):   quit;

NOTE: PROCEDURE FORMAT used (Total process time):
      real time           0.00 seconds
      cpu time            0.00 seconds
      

MPRINT(CREATE_PB_STD_FORMATS):   PROC FORMAT;
MPRINT(CREATE_PB_STD_FORMATS):   VALUE $PARTNER2SCT "BIGBAZAAR" = "FG_BBZ" "FOODBAZAAR" = "FG_FOB" "CENTRAL" = "FG_CTL" 
"BRANDFACTORY" = "FG_BF" "HOMETOWN" = "FG_HTN" "EZONE" = "FG_EZ" "FUTUREBAZAAR" = "FG_FUB" "PANTALOONS" = "FG_PL" "FOODHALL" = 
"FG_FHL" "FOODRIGHT" = "FG_FRT" "FBB" = "FG_FBB" "INDUSLEAGUE" = "FG_IL" "HPCL" = "HPCL" "MEGAMART" = "MM" "MMT" = "MMT" "MKRETAIL" 
= "MKR" "UNIVERCELL" = "UNI" "ICICICREDIT" = "ICICR" "ICICIDEBIT" = "ICIDE" "ICICIOTHERS" = "PBN" "BOOKMYSHOW" = "BMS" "PB N/W" = 
"PBN" "PLANETSPORTS" = "PLASP" "BABYOYE" = "BABOY" "EDABBA" = "EDB" "FIRSTCRY" = "FICR" "KOOVS" = "KOO" "PERFUME2ORDER" = "PER" 
"SURATDIAMOND" = "SUR" "VALYOO" = "VALY" ;
NOTE: Format $PARTNER2SCT has been output.
MPRINT(CREATE_PB_STD_FORMATS):   quit;

NOTE: PROCEDURE FORMAT used (Total process time):
      real time           0.00 seconds
      cpu time            0.00 seconds
      

MPRINT(CREATE_PB_STD_FORMATS):   proc format;
MPRINT(CREATE_PB_STD_FORMATS):   value $ metro "KOLKATA" = "METRO" "DELHI" = "METRO" "NEW DELHI" = "METRO" "MUMBAI" = "METRO" 
"CHENNAI" = "METRO" "PUNE" = "METRO" "HYDERABAD" = "METRO" "BANGALORE" = "METRO" "BENGALURU" = "METRO" "BANGLORE" = "METRO" OTHER = 
"NON-METRO" ;
NOTE: Format $METRO has been output.
MPRINT(CREATE_PB_STD_FORMATS):   quit;

NOTE: PROCEDURE FORMAT used (Total process time):
      real time           0.00 seconds
      cpu time            0.00 seconds
      

MPRINT(CREATE_PB_STD_FORMATS):   proc format library=formats;
MPRINT(CREATE_PB_STD_FORMATS):   value KYCFLG 1 = "ACCEPTED COMPLETE" 2 = "ACCEPTED INCOMPLETE (EML/ADDR)" 3 = "ACCEPTED INCOMPLETE 
(BOTH)" 4 = "NOT UPDATED" ;
NOTE: Format KYCFLG has been written to FORMATS.FORMATS.
MPRINT(CREATE_PB_STD_FORMATS):   quit;

NOTE: PROCEDURE FORMAT used (Total process time):
      real time           0.00 seconds
      cpu time            0.00 seconds
      

MPRINT(CREATE_PB_STD_FORMATS):   PROC FORMAT;
15                                                         The SAS System                              11:39 Monday, January 5, 2015

MPRINT(CREATE_PB_STD_FORMATS):   VALUE TRANTYPE 8,295="SWIPE EARN" OTHER="NON-SWIPE EARN" ;
NOTE: Format TRANTYPE has been output.
MPRINT(CREATE_PB_STD_FORMATS):   QUIT;

NOTE: PROCEDURE FORMAT used (Total process time):
      real time           0.00 seconds
      cpu time            0.00 seconds
      

MPRINT(CREATE_PB_STD_FORMATS):   proc format library=formats;
MPRINT(CREATE_PB_STD_FORMATS):   value pts4fg low-0 = "0" 1-200 = ">0 to 200" 201-1000 = ">200 to 1000" 1001-2000 = ">1000 to 2000" 
2001-4000 = ">2000 to 4000" 4001-5000 = ">4000 to 5000" 5000-10000 = ">5000 to 10000" 10000-high = ">10000" ;
NOTE: Format PTS4FG has been written to FORMATS.FORMATS.
MPRINT(CREATE_PB_STD_FORMATS):   run;

NOTE: PROCEDURE FORMAT used (Total process time):
      real time           0.00 seconds
      cpu time            0.01 seconds
      

MPRINT(CREATE_PB_STD_FORMATS):   proc format library = FORMATS;
MPRINT(CREATE_PB_STD_FORMATS):   value memtype 167 = "ROYALE" 166 = "ELITE" 2,168 = "CLASSIC" ;
NOTE: Format MEMTYPE has been written to FORMATS.FORMATS.
MPRINT(CREATE_PB_STD_FORMATS):   quit;

NOTE: PROCEDURE FORMAT used (Total process time):
      real time           0.00 seconds
      cpu time            0.00 seconds
      

MPRINT(CREATE_PB_STD_FORMATS):   proc format library = FORMATS;
MPRINT(CREATE_PB_STD_FORMATS):   value MOMtype 201111 = "NOV11" 201112 = "DEC11" 201201 = "JAN12" 201202= "FEB12" 201203= "MAR12" 
201204 = "APR12" 201205= "MAY12" 201206= "JUN12" 201207= "JUL12" 201208= "AUG12" 201209= "SEP12" ;
NOTE: Format MOMTYPE has been written to FORMATS.FORMATS.
MPRINT(CREATE_PB_STD_FORMATS):   quit;

NOTE: PROCEDURE FORMAT used (Total process time):
      real time           0.00 seconds
      cpu time            0.00 seconds
      

MPRINT(CREATE_PB_STD_FORMATS):   PROC FORMAT ;
MPRINT(CREATE_PB_STD_FORMATS):   VALUE EC_TYPE 1 = "Offline Offer" 2 = "Online Offer";
NOTE: Format EC_TYPE has been output.
MPRINT(CREATE_PB_STD_FORMATS):   quit;

NOTE: PROCEDURE FORMAT used (Total process time):
      real time           0.00 seconds
      cpu time            0.00 seconds
      

MPRINT(CREATE_PB_STD_FORMATS):   proc format library = FORMATS;
MPRINT(CREATE_PB_STD_FORMATS):   value BB_RFV 1 ="REGULAR_BIG_TROLLEY" 2 ="REGULAR_MEDIUM_TROLLEY" 3 ="REGULAR_LOW_TROLLEY" 4 
="ONE_TIME_HIGH_VALUE" 5 ="ONE_TIME_LOW_VALUE" 6 ="CASUAL_HIGH_VALUE" 7 ="CASUAL_LOW_VALUE" 8 ="BIGBAZAAR NEW CUSTOMER" 9 
="BIGBAZAAR INACTIVE" 10 ="BIGBAZAAR LAPSER" ;
NOTE: Format BB_RFV has been written to FORMATS.FORMATS.
MPRINT(CREATE_PB_STD_FORMATS):   value FVRL_RFV 1 ="REGULAR_BIG_TROLLEY" 2 ="REGULAR_MEDIUM_TROLLEY" 3 ="REGULAR_LOW_TROLLEY" 4 
="ONE_TIME_HIGH_VALUE" 5 ="ONE_TIME_LOW_VALUE" 6 ="CASUAL_HIGH_VALUE" 7 ="CASUAL_LOW_VALUE" 8 ="FVRL NEW CUSTOMER" 9 ="FVRL 
16                                                         The SAS System                              11:39 Monday, January 5, 2015

INACTIVE" 10 ="FVRL LAPSER" ;
NOTE: Format FVRL_RFV has been written to FORMATS.FORMATS.
MPRINT(CREATE_PB_STD_FORMATS):   VALUE CENTRAL_RFV 1 ="PREMIUM CUSTOMERS" 2 ="ENTHUSIASTS" 3 ="MALL HOPPERS" 4 ="YOUNG ASPIRANTS" 5 
="MAKEOVER SHOPPERS" 6 ="WANDERERS" 7 ="CENTRAL NEW CUSTOMER" 8 ="CENTRAL 12MNTH INACTIVE" 9 ="CENTRAL LAPSER" 10 ="CENTRAL NEVER 
ACTIVE" ;
NOTE: Format CENTRAL_RFV has been written to FORMATS.FORMATS.
MPRINT(CREATE_PB_STD_FORMATS):   VALUE CENTRAL_RFV_NEW 1 ="Central Platinum" 2 ="Central Gold" 3 ="Central Silver" 4 ="Central 
Active" 5 ="Central Never active" ;
NOTE: Format CENTRAL_RFV_NEW has been written to FORMATS.FORMATS.
MPRINT(CREATE_PB_STD_FORMATS):   VALUE BF_RFV 1 ="HIGH SPENDERS" 2 ="REGULAR SHOPPERS" 3 ="NASCENT SHOPPER" 4 ="BF NEW CUSTOMER" 5 
="HIBERNATORS" ;
NOTE: Format BF_RFV has been written to FORMATS.FORMATS.
MPRINT(CREATE_PB_STD_FORMATS):   VALUE EVO_SEG_6M 1 ="ADVO" 2 ="ENTH" 3 ="KN_ICI_MP" 4 ="KN_ICI_SP" 5 ="KNOWER_MP" 6 ="KNOWER_SP" 7 
="BY_ICI_SP" 8 ="BY_ICICI_MP" 9 ="BY_MP" 10 ="BY_SP" 11 ="INACTIVE" ;
NOTE: Format EVO_SEG_6M has been written to FORMATS.FORMATS.
MPRINT(CREATE_PB_STD_FORMATS):   VALUE EVO_SEG_12M 1 ="ADVO" 2 ="ENTH" 3 ="KN_ICI_MP" 4 ="KN_ICI_SP" 5 ="KNOWER_MP" 6 ="KNOWER_SP" 
7 ="BY_ICI_SP" 8 ="BY_ICICI_MP" 9 ="BY_MP" 10 ="BY_SP" 11 ="INACTIVE" ;
NOTE: Format EVO_SEG_12M has been written to FORMATS.FORMATS.
MPRINT(CREATE_PB_STD_FORMATS):   VALUE REACHABILITY 1 ="BOTH" 2 ="EMAIL" 3 ="SMS" 4 ="NONE" ;
NOTE: Format REACHABILITY has been written to FORMATS.FORMATS.
MPRINT(CREATE_PB_STD_FORMATS):   VALUE LS_GROUP 1="A.PENSION(>=60)" 2="B.Single_MEN(<=30)" 3="C.Single_WOMEN(<=30)" 
4="D.YOUNG_COUPLES(<=30)" 5="F.COUPLES(30-45)" 6="G.COUPLE_KID(30-45)" 7="H.Single_MEN(30-45)" 8="I.Single_WOMEN(30-45)" 
9="K.Mature_COUPLE_KID(45-60)" 10="L.Single_MEN(45-60)" 11="M.Single_WOMEN(45-60)" 12="E.YOUNG_COUPLE_KID(<=30)" ;
NOTE: Format LS_GROUP has been written to FORMATS.FORMATS.
MPRINT(CREATE_PB_STD_FORMATS):   VALUE EVO_SEG_NEW 7="Cursory_shoppers" 6="Single_LOB_enthusiasts" 5="Single_LOB_Loyalists" 
4="Two_Dipping_cross_User" 3="Two_Format_Enthusiasts" 2="Enthusiasts" 1="Advocates" ;
NOTE: Format EVO_SEG_NEW has been written to FORMATS.FORMATS.
MPRINT(CREATE_PB_STD_FORMATS):   VALUE WOMEN_SEG 1="1. BigBazaar Loyalists" 2="2. Ready to eat Shoppers" 3="3. Groceries & Staples 
Shoppers" 4="4. Non Essentials Shoppers" 5="5. Random Shoppers" ;
NOTE: Format WOMEN_SEG has been written to FORMATS.FORMATS.
MPRINT(CREATE_PB_STD_FORMATS):   run;

NOTE: PROCEDURE FORMAT used (Total process time):
      real time           0.00 seconds
      cpu time            0.00 seconds
      

MPRINT(CREATE_PB_STD_FORMATS):   data MEMBER_CARD_LOGO_MAP;
MPRINT(CREATE_PB_STD_FORMATS):   format label $10.;
MPRINT(CREATE_PB_STD_FORMATS):   retain fmtname "CDLOGOMP" type "N";
MPRINT(CREATE_PB_STD_FORMATS):   set DWHLIB.MST_MEMBER_CARD_TYPE;
MPRINT(CREATE_PB_STD_FORMATS):   start = MEMBER_CARD_TYPE_ID;
MPRINT(CREATE_PB_STD_FORMATS):   label = MEMBER_CARD_TYPE_DESC;
MPRINT(CREATE_PB_STD_FORMATS):   run;

NOTE: There were 217 observations read from the data set DWHLIB.MST_MEMBER_CARD_TYPE.
NOTE: The data set WORK.MEMBER_CARD_LOGO_MAP has 217 observations and 24 variables.
NOTE: Compressing data set WORK.MEMBER_CARD_LOGO_MAP decreased size by 83.33 percent. 
      Compressed is 1 pages; un-compressed would require 6 pages.
NOTE: DATA statement used (Total process time):
      real time           0.02 seconds
      cpu time            0.01 seconds
      

MPRINT(CREATE_PB_STD_FORMATS):   proc format cntlin = MEMBER_CARD_LOGO_MAP library = FORMATS;
NOTE: Format CDLOGOMP has been written to FORMATS.FORMATS.
MPRINT(CREATE_PB_STD_FORMATS):   quit;

17                                                         The SAS System                              11:39 Monday, January 5, 2015

NOTE: There were 217 observations read from the data set WORK.MEMBER_CARD_LOGO_MAP.
NOTE: PROCEDURE FORMAT used (Total process time):
      real time           0.00 seconds
      cpu time            0.00 seconds
      

MPRINT(CREATE_PB_STD_FORMATS):   data _null_;
SYMBOLGEN:  Macro variable SYSDATE resolves to 05JAN15
MPRINT(CREATE_PB_STD_FORMATS):   call symput("curr_year", YEAR("05JAN15"D));
MPRINT(CREATE_PB_STD_FORMATS):   run;

NOTE: Numeric values have been converted to character values at the places given by: (Line):(Column).
      33:234   
NOTE: DATA statement used (Total process time):
      real time           0.00 seconds
      cpu time            0.00 seconds
      

MLOGIC(CREATE_PB_STD_FORMATS):  %PUT &curr_year.
SYMBOLGEN:  Macro variable CURR_YEAR resolves to         2015
2015
NOTE: %INCLUDE (level 1) file /sasdata/core_etl/prod/FG/sasautos/generate_fg_calendar.sas is file 
      /sasdata/core_etl/prod/FG/sasautos/generate_fg_calendar.sas.
34        +/************************************************************************
35        +*       Program      :                                                  *
36        +*                                                                       *
37        +*                                                                       *
38        +*       Owner        : Analytics, LSRPL                                 *
39        +*                                                                       *
40        +*       Author       :                                                  *
41        +*                                                                       *
42        +*       Input        :                                                  *
43        +*                                                                       *
44        +*                                                                       *
45        +*                                                                       *
46        +*       Output       :                                                  *
47        +*                                                                       *
48        +*                                                                       *
49        +*                                                                       *
50        +*       Dependencies :                                                  *
51        +*                                                                       *
52        +*       Description  :                                                  *
53        +*                                                                       *
54        +*                                                                       *
55        +*       Usage        :                                                  *
56        +*                                                                       *
57        +*                                                                       *
58        +*                                                                       *
59        +*                                                                       *
60        +*       History      :                                                  *
61        +*       (Analyst)     (Date)    (Changes)                               *
62        +*                                                                       *
63        +*                                                                       *
64        +************************************************************************/
65        +/************************************************************************
66        +*       Program      :                                                  *
67        +*                                                                       *
68        +*                                                                       *
18                                                         The SAS System                              11:39 Monday, January 5, 2015

69        +*       Owner        : Analytics, LSRPL                                 *
70        +*                                                                       *
71        +*       Author       :                                                  *
72        +*                                                                       *
73        +*       Input        :                                                  *
74        +*                                                                       *
75        +*                                                                       *
76        +*                                                                       *
77        +*       Output       :                                                  *
78        +*                                                                       *
79        +*                                                                       *
80        +*                                                                       *
81        +*       Dependencies :                                                  *
82        +*                                                                       *
83        +*       Description  :                                                  *
84        +*                                                                       *
85        +*                                                                       *
86        +*       Usage        :                                                  *
87        +*                                                                       *
88        +*                                                                       *
89        +*                                                                       *
90        +*                                                                       *
91        +*       History      :                                                  *
92        +*       (Analyst)     (Date)    (Changes)                               *
93        +* 		Imran-334      24JUL2014 Increased the end date for fg calendar *
94        +*								for next 10 Years (C0001)						*
95        +*                                                                       *
96        +*                                                                       *
97        +************************************************************************/
98        +
99        +%macro generate_fg_calendar(base_year=, outdsn=work.FG_CALENDAR_&base_year.);
100       +
101       +data &outdsn.;
102       +	format activity_date date9.;
103       +	DO i = "01JUL&base_year."D TO "08JUL&base_year."D;
104       +		IF weekday(i) = 2 then start = I;
105       +		CONTINUE;
106       +	END;
107       +/*	end = intnx("WEEK.2", INTNX("YEAR", start, 4, "S"), -1, "E");*/
108       +/*	(C0001)*/
109       +	end = intnx("WEEK.2", INTNX("YEAR", start, 10, "S"), -1, "E");
110       +
111       +	count = 0;
112       +	week = 0;
113       +	do activity_date = start to end;
114       +		count = count + 1;
115       +		if mod(count, 7) = 1 then week = week + 1;
116       +/*(C0001)*/
117       +		if activity_date le INTNX("WEEK", "&sysdate."d ,1, "S");
118       +		output;
119       +	end;
120       +	
121       +	keep activity_date week;
122       +run;
123       +
124       +%mend generate_fg_calendar;
NOTE: %INCLUDE (level 1) ending.
MLOGIC(GENERATE_FG_CALENDAR):  Beginning execution.
19                                                         The SAS System                              11:39 Monday, January 5, 2015

MLOGIC(CMPRES):  Beginning execution.
SYMBOLGEN:  Macro variable CURR_YEAR resolves to         2015
MLOGIC(CMPRES):  Parameter PARAM has value 2015
SYMBOLGEN:  Macro variable PARAM resolves to 2015
MLOGIC(CMPRES):  Ending execution.
MLOGIC(GENERATE_FG_CALENDAR):  Parameter BASE_YEAR has value 2011
MLOGIC(GENERATE_FG_CALENDAR):  Parameter OUTDSN has value whouse.fg_week_calendar_2015
SYMBOLGEN:  Macro variable OUTDSN resolves to whouse.fg_week_calendar_2015
MPRINT(GENERATE_FG_CALENDAR):   data whouse.fg_week_calendar_2015;
MPRINT(GENERATE_FG_CALENDAR):   format activity_date date9.;
SYMBOLGEN:  Macro variable BASE_YEAR resolves to 2011
SYMBOLGEN:  Macro variable BASE_YEAR resolves to 2011
MPRINT(GENERATE_FG_CALENDAR):   DO i = "01JUL2011"D TO "08JUL2011"D;
MPRINT(GENERATE_FG_CALENDAR):   IF weekday(i) = 2 then start = I;
MPRINT(GENERATE_FG_CALENDAR):   CONTINUE;
MPRINT(GENERATE_FG_CALENDAR):   END;
MPRINT(GENERATE_FG_CALENDAR):   end = intnx("WEEK.2", INTNX("YEAR", start, 10, "S"), -1, "E");
MPRINT(GENERATE_FG_CALENDAR):   count = 0;
MPRINT(GENERATE_FG_CALENDAR):   week = 0;
MPRINT(GENERATE_FG_CALENDAR):   do activity_date = start to end;
MPRINT(GENERATE_FG_CALENDAR):   count = count + 1;
MPRINT(GENERATE_FG_CALENDAR):   if mod(count, 7) = 1 then week = week + 1;
SYMBOLGEN:  Macro variable SYSDATE resolves to 05JAN15
MPRINT(GENERATE_FG_CALENDAR):   if activity_date le INTNX("WEEK", "05JAN15"d ,1, "S");
MPRINT(GENERATE_FG_CALENDAR):   output;
MPRINT(GENERATE_FG_CALENDAR):   end;
MPRINT(GENERATE_FG_CALENDAR):   keep activity_date week;
MPRINT(GENERATE_FG_CALENDAR):   run;

NOTE: Compression was disabled for data set WHOUSE.FG_WEEK_CALENDAR_2015 because compression overhead would increase the size of 
      the data set.
NOTE: The data set WHOUSE.FG_WEEK_CALENDAR_2015 has 1289 observations and 2 variables.
NOTE: DATA statement used (Total process time):
      real time           0.02 seconds
      cpu time            0.01 seconds
      

MLOGIC(GENERATE_FG_CALENDAR):  Ending execution.
MPRINT(CREATE_PB_STD_FORMATS):  ;
MPRINT(CREATE_PB_STD_FORMATS):   data fg_temp;
MPRINT(CREATE_PB_STD_FORMATS):   format label $10.;
MPRINT(CREATE_PB_STD_FORMATS):   retain fmtname "FGWEEK" type "N";
MPRINT(CREATE_PB_STD_FORMATS):   set
MLOGIC(CMPRES):  Beginning execution.
SYMBOLGEN:  Macro variable CURR_YEAR resolves to         2015
MLOGIC(CMPRES):  Parameter PARAM has value 2015
SYMBOLGEN:  Macro variable PARAM resolves to 2015
MPRINT(CMPRES):   whouse.fg_week_calendar_2015
MLOGIC(CMPRES):  Ending execution.
MPRINT(CREATE_PB_STD_FORMATS):  ;
MPRINT(CREATE_PB_STD_FORMATS):   start = activity_date;
MPRINT(CREATE_PB_STD_FORMATS):   label = "Week # " || put(week,3.);
MPRINT(CREATE_PB_STD_FORMATS):   run;

NOTE: There were 1289 observations read from the data set WHOUSE.FG_WEEK_CALENDAR_2015.
NOTE: The data set WORK.FG_TEMP has 1289 observations and 6 variables.
NOTE: Compressing data set WORK.FG_TEMP increased size by 25.00 percent. 
      Compressed is 10 pages; un-compressed would require 8 pages.
20                                                         The SAS System                              11:39 Monday, January 5, 2015

NOTE: DATA statement used (Total process time):
      real time           0.00 seconds
      cpu time            0.00 seconds
      

MPRINT(CREATE_PB_STD_FORMATS):   proc format cntlin = fg_temp library = FORMATS;
NOTE: Format FGWEEK has been written to FORMATS.FORMATS.
MPRINT(CREATE_PB_STD_FORMATS):   run;
NOTE: PROCEDURE FORMAT used (Total process time):
      real time           0.00 seconds
      cpu time            0.01 seconds
      
NOTE: There were 1289 observations read from the data set WORK.FG_TEMP.

MPRINT(CREATE_PB_STD_FORMATS):   proc format library = formats;
MPRINT(CREATE_PB_STD_FORMATS):   value fg_wk_mth_map 1-4 = "JUL2011" 5-8 = "AUG2011" 9-13 = "SEP2011" 14-17 = "OCT2011" 18-21 = 
"NOV2011" 22-26 = "DEC2011" 27-30 = "JAN2012" 31-34 = "FEB2012" 35-39 = "MAR2012" 40-43 = "APR2012" 44-47 = "MAY2012" 48-52 = 
"JUN2012" ;
NOTE: Format FG_WK_MTH_MAP has been written to FORMATS.FORMATS.
MPRINT(CREATE_PB_STD_FORMATS):   run;

NOTE: PROCEDURE FORMAT used (Total process time):
      real time           0.00 seconds
      cpu time            0.00 seconds
      

MPRINT(CREATE_PB_STD_FORMATS):   data fg_temp2;
MPRINT(CREATE_PB_STD_FORMATS):   format label 8.;
MPRINT(CREATE_PB_STD_FORMATS):   retain fmtname "FGWEEKN" type "N";
MPRINT(CREATE_PB_STD_FORMATS):   set
MLOGIC(CMPRES):  Beginning execution.
SYMBOLGEN:  Macro variable CURR_YEAR resolves to         2015
MLOGIC(CMPRES):  Parameter PARAM has value 2015
SYMBOLGEN:  Macro variable PARAM resolves to 2015
MPRINT(CMPRES):   whouse.fg_week_calendar_2015
MLOGIC(CMPRES):  Ending execution.
MPRINT(CREATE_PB_STD_FORMATS):  ;
MPRINT(CREATE_PB_STD_FORMATS):   start = activity_date;
MPRINT(CREATE_PB_STD_FORMATS):   label = week;
MPRINT(CREATE_PB_STD_FORMATS):   run;

NOTE: There were 1289 observations read from the data set WHOUSE.FG_WEEK_CALENDAR_2015.
NOTE: The data set WORK.FG_TEMP2 has 1289 observations and 6 variables.
NOTE: Compressing data set WORK.FG_TEMP2 increased size by 28.57 percent. 
      Compressed is 9 pages; un-compressed would require 7 pages.
NOTE: DATA statement used (Total process time):
      real time           0.00 seconds
      cpu time            0.00 seconds
      

MPRINT(CREATE_PB_STD_FORMATS):   proc format cntlin = fg_temp2 library = WORK;
NOTE: Format FGWEEKN has been output.
MPRINT(CREATE_PB_STD_FORMATS):   run;
NOTE: PROCEDURE FORMAT used (Total process time):
      real time           0.00 seconds
      cpu time            0.01 seconds
      
NOTE: There were 1289 observations read from the data set WORK.FG_TEMP2.
21                                                         The SAS System                              11:39 Monday, January 5, 2015


MPRINT(CREATE_PB_STD_FORMATS):   data active_status_temp;
MPRINT(CREATE_PB_STD_FORMATS):   retain fmtname "fmtactstat" type "N";
MPRINT(CREATE_PB_STD_FORMATS):   set dwhlib.mst_active_status;
MPRINT(CREATE_PB_STD_FORMATS):   START = active_status_id;
MPRINT(CREATE_PB_STD_FORMATS):   label = active_status_desc;
MPRINT(CREATE_PB_STD_FORMATS):   run;

NOTE: There were 15 observations read from the data set DWHLIB.MST_ACTIVE_STATUS.
NOTE: The data set WORK.ACTIVE_STATUS_TEMP has 15 observations and 18 variables.
NOTE: Compressing data set WORK.ACTIVE_STATUS_TEMP decreased size by 0.00 percent. 
      Compressed is 1 pages; un-compressed would require 1 pages.
NOTE: DATA statement used (Total process time):
      real time           0.02 seconds
      cpu time            0.01 seconds
      

MPRINT(CREATE_PB_STD_FORMATS):   proc format lib=formats cntlin=active_status_temp;
NOTE: Format FMTACTSTAT has been written to FORMATS.FORMATS.
MPRINT(CREATE_PB_STD_FORMATS):   run;

NOTE: PROCEDURE FORMAT used (Total process time):
      real time           0.00 seconds
      cpu time            0.00 seconds
      
NOTE: There were 15 observations read from the data set WORK.ACTIVE_STATUS_TEMP.

MPRINT(CREATE_PB_STD_FORMATS):   proc sort data = dwhlib.mst_association out=SUPPLIB.AID_LIST NODUPKEY;
MPRINT(CREATE_PB_STD_FORMATS):   by ASSOCIATION_ID;
MPRINT(CREATE_PB_STD_FORMATS):   run;

11                                                          The SAS System                              11:39 Monday, January 5, 
2015
 
 NOTE: PROCEDURE SQL used (Total process time):
       real time           0.02 seconds
       cpu time            0.01 seconds
       
 
NOTE: SQL generation was used to perform the sorting.
NOTE: There were 47 observations read from the data set WORK._ZSQL0.
NOTE: The data set SUPPLIB.AID_LIST has 47 observations and 22 variables.
NOTE: Compressing data set SUPPLIB.AID_LIST decreased size by 50.00 percent. 
      Compressed is 1 pages; un-compressed would require 2 pages.
NOTE: PROCEDURE SORT used (Total process time):
      real time           0.31 seconds
      cpu time            0.06 seconds
      

MPRINT(CREATE_PB_STD_FORMATS):   data TEMP_AID;
MPRINT(CREATE_PB_STD_FORMATS):   RETAIN FMTNAME "AID2CODE" type "N";
MPRINT(CREATE_PB_STD_FORMATS):   set supplib.aid_list;
MPRINT(CREATE_PB_STD_FORMATS):   WHERE ASSOCIATION_ID ~= .;
MPRINT(CREATE_PB_STD_FORMATS):   start = association_id;
MPRINT(CREATE_PB_STD_FORMATS):   label = ASSOCIATION_CODE;
MPRINT(CREATE_PB_STD_FORMATS):   run;

NOTE: There were 47 observations read from the data set SUPPLIB.AID_LIST.
22                                                         The SAS System                              11:39 Monday, January 5, 2015

      WHERE ASSOCIATION_ID not = .;
NOTE: The data set WORK.TEMP_AID has 47 observations and 26 variables.
NOTE: Compressing data set WORK.TEMP_AID decreased size by 50.00 percent. 
      Compressed is 1 pages; un-compressed would require 2 pages.
NOTE: DATA statement used (Total process time):
      real time           0.00 seconds
      cpu time            0.00 seconds
      

MPRINT(CREATE_PB_STD_FORMATS):   proc format cntlin = temp_AID library = formats;
NOTE: Format AID2CODE has been written to FORMATS.FORMATS.
MPRINT(CREATE_PB_STD_FORMATS):   run;
NOTE: PROCEDURE FORMAT used (Total process time):
      real time           0.00 seconds
      cpu time            0.01 seconds
      
NOTE: There were 47 observations read from the data set WORK.TEMP_AID.

MPRINT(CREATE_PB_STD_FORMATS):   proc sort data = dwhlib.mst_sourced_association out=SUPPLIB.SID_LIST NODUPKEY;
MPRINT(CREATE_PB_STD_FORMATS):   by SOURCED_ASSOCIATION_ID;
MPRINT(CREATE_PB_STD_FORMATS):   run;

11                                                          The SAS System                              11:39 Monday, January 5, 
2015
 
 NOTE: PROCEDURE SQL used (Total process time):
       real time           0.02 seconds
       cpu time            0.00 seconds
       
 
NOTE: SQL generation was used to perform the sorting.
NOTE: There were 105 observations read from the data set WORK._ZSQL0.
NOTE: The data set SUPPLIB.SID_LIST has 105 observations and 25 variables.
NOTE: Compressing data set SUPPLIB.SID_LIST decreased size by 75.00 percent. 
      Compressed is 1 pages; un-compressed would require 4 pages.
NOTE: PROCEDURE SORT used (Total process time):
      real time           0.13 seconds
      cpu time            0.04 seconds
      

MPRINT(CREATE_PB_STD_FORMATS):   data TEMP_SID;
MPRINT(CREATE_PB_STD_FORMATS):   RETAIN FMTNAME "SID2DESC" type "N";
MPRINT(CREATE_PB_STD_FORMATS):   set supplib.sid_list;
MPRINT(CREATE_PB_STD_FORMATS):   start = sourced_association_id;
MPRINT(CREATE_PB_STD_FORMATS):   label = SOURCED_ASSOCIATION_DESC;
MPRINT(CREATE_PB_STD_FORMATS):   run;

NOTE: There were 105 observations read from the data set SUPPLIB.SID_LIST.
NOTE: The data set WORK.TEMP_SID has 105 observations and 29 variables.
NOTE: Compressing data set WORK.TEMP_SID decreased size by 75.00 percent. 
      Compressed is 1 pages; un-compressed would require 4 pages.
NOTE: DATA statement used (Total process time):
      real time           0.00 seconds
      cpu time            0.01 seconds
      

MPRINT(CREATE_PB_STD_FORMATS):   proc format cntlin = temp_SID library = formats;
NOTE: Format SID2DESC has been written to FORMATS.FORMATS.
23                                                         The SAS System                              11:39 Monday, January 5, 2015

MPRINT(CREATE_PB_STD_FORMATS):   run;

NOTE: PROCEDURE FORMAT used (Total process time):
      real time           0.00 seconds
      cpu time            0.00 seconds
      
NOTE: There were 105 observations read from the data set WORK.TEMP_SID.

MPRINT(CREATE_PB_STD_FORMATS):   proc sort data = dwhlib.mst_sourced_association out=SUPPLIB.SID_LIST_2 NODUPKEY;
MPRINT(CREATE_PB_STD_FORMATS):   by SOURCED_ASSOCIATION_ID;
MPRINT(CREATE_PB_STD_FORMATS):   run;

11                                                          The SAS System                              11:39 Monday, January 5, 
2015
 
 NOTE: PROCEDURE SQL used (Total process time):
       real time           0.02 seconds
       cpu time            0.01 seconds
       
 
NOTE: SQL generation was used to perform the sorting.
NOTE: There were 105 observations read from the data set WORK._ZSQL0.
NOTE: The data set SUPPLIB.SID_LIST_2 has 105 observations and 25 variables.
NOTE: Compressing data set SUPPLIB.SID_LIST_2 decreased size by 75.00 percent. 
      Compressed is 1 pages; un-compressed would require 4 pages.
NOTE: PROCEDURE SORT used (Total process time):
      real time           0.13 seconds
      cpu time            0.04 seconds
      

MPRINT(CREATE_PB_STD_FORMATS):   data TEMP_SID_2;
MPRINT(CREATE_PB_STD_FORMATS):   RETAIN FMTNAME "SID2CODE" type "N";
MPRINT(CREATE_PB_STD_FORMATS):   set supplib.sid_list_2;
MPRINT(CREATE_PB_STD_FORMATS):   start = sourced_association_id;
MPRINT(CREATE_PB_STD_FORMATS):   label = SOURCED_ASSOCIATION_CODE;
MPRINT(CREATE_PB_STD_FORMATS):   run;

NOTE: There were 105 observations read from the data set SUPPLIB.SID_LIST_2.
NOTE: The data set WORK.TEMP_SID_2 has 105 observations and 29 variables.
NOTE: Compressing data set WORK.TEMP_SID_2 decreased size by 75.00 percent. 
      Compressed is 1 pages; un-compressed would require 4 pages.
NOTE: DATA statement used (Total process time):
      real time           0.00 seconds
      cpu time            0.01 seconds
      

MPRINT(CREATE_PB_STD_FORMATS):   proc format cntlin = temp_SID_2 library = formats;
NOTE: Format SID2CODE has been written to FORMATS.FORMATS.
MPRINT(CREATE_PB_STD_FORMATS):   run;

NOTE: PROCEDURE FORMAT used (Total process time):
      real time           0.00 seconds
      cpu time            0.00 seconds
      
NOTE: There were 105 observations read from the data set WORK.TEMP_SID_2.

MPRINT(CREATE_PB_STD_FORMATS):   proc sort data = dwhlib.mst_promo_codes out=SUPPLIB.PID_LIST NODUPKEY;
MPRINT(CREATE_PB_STD_FORMATS):   by PROMO_CODE_ID;
24                                                         The SAS System                              11:39 Monday, January 5, 2015

MPRINT(CREATE_PB_STD_FORMATS):   run;

11                                                          The SAS System                              11:39 Monday, January 5, 
2015
 
 NOTE: PROCEDURE SQL used (Total process time):
       real time           0.02 seconds
       cpu time            0.00 seconds
       
 
NOTE: SQL generation was used to perform the sorting.
NOTE: There were 248 observations read from the data set WORK._ZSQL0.
NOTE: The data set SUPPLIB.PID_LIST has 248 observations and 15 variables.
NOTE: Compressing data set SUPPLIB.PID_LIST decreased size by 83.33 percent. 
      Compressed is 1 pages; un-compressed would require 6 pages.
NOTE: PROCEDURE SORT used (Total process time):
      real time           0.12 seconds
      cpu time            0.03 seconds
      

MPRINT(CREATE_PB_STD_FORMATS):   data TEMP_PID;
MPRINT(CREATE_PB_STD_FORMATS):   RETAIN FMTNAME "PID2DESC" type "N";
MPRINT(CREATE_PB_STD_FORMATS):   set SUPPLIB.PID_LIST;
MPRINT(CREATE_PB_STD_FORMATS):   start = PROMO_CODE_ID;
MPRINT(CREATE_PB_STD_FORMATS):   label = PROMO_CODE_DESC;
MPRINT(CREATE_PB_STD_FORMATS):   run;

NOTE: There were 248 observations read from the data set SUPPLIB.PID_LIST.
NOTE: The data set WORK.TEMP_PID has 248 observations and 19 variables.
NOTE: Compressing data set WORK.TEMP_PID decreased size by 85.71 percent. 
      Compressed is 1 pages; un-compressed would require 7 pages.
NOTE: DATA statement used (Total process time):
      real time           0.00 seconds
      cpu time            0.01 seconds
      

MPRINT(CREATE_PB_STD_FORMATS):   proc format cntlin = temp_PID library = formats;
NOTE: Format PID2DESC has been written to FORMATS.FORMATS.
MPRINT(CREATE_PB_STD_FORMATS):   run;

NOTE: PROCEDURE FORMAT used (Total process time):
      real time           0.00 seconds
      cpu time            0.00 seconds
      
NOTE: There were 248 observations read from the data set WORK.TEMP_PID.

MPRINT(CREATE_PB_STD_FORMATS):   proc sort data = dwhlib.mst_promo_codes out=SUPPLIB.PID_LIST_2 NODUPKEY;
MPRINT(CREATE_PB_STD_FORMATS):   by PROMO_CODE_ID;
MPRINT(CREATE_PB_STD_FORMATS):   run;

11                                                          The SAS System                              11:39 Monday, January 5, 
2015
 
 NOTE: PROCEDURE SQL used (Total process time):
       real time           0.02 seconds
       cpu time            0.01 seconds
       
 
25                                                         The SAS System                              11:39 Monday, January 5, 2015

NOTE: SQL generation was used to perform the sorting.
NOTE: There were 248 observations read from the data set WORK._ZSQL0.
NOTE: The data set SUPPLIB.PID_LIST_2 has 248 observations and 15 variables.
NOTE: Compressing data set SUPPLIB.PID_LIST_2 decreased size by 83.33 percent. 
      Compressed is 1 pages; un-compressed would require 6 pages.
NOTE: PROCEDURE SORT used (Total process time):
      real time           0.12 seconds
      cpu time            0.05 seconds
      

MPRINT(CREATE_PB_STD_FORMATS):   data TEMP_PID_2;
MPRINT(CREATE_PB_STD_FORMATS):   RETAIN FMTNAME "PID2CODE" type "N";
MPRINT(CREATE_PB_STD_FORMATS):   set SUPPLIB.PID_LIST_2;
MPRINT(CREATE_PB_STD_FORMATS):   start = PROMO_CODE_ID;
MPRINT(CREATE_PB_STD_FORMATS):   label = PROMO_CODE;
MPRINT(CREATE_PB_STD_FORMATS):   run;

NOTE: There were 248 observations read from the data set SUPPLIB.PID_LIST_2.
NOTE: The data set WORK.TEMP_PID_2 has 248 observations and 19 variables.
NOTE: Compressing data set WORK.TEMP_PID_2 decreased size by 85.71 percent. 
      Compressed is 1 pages; un-compressed would require 7 pages.
NOTE: DATA statement used (Total process time):
      real time           0.00 seconds
      cpu time            0.00 seconds
      

MPRINT(CREATE_PB_STD_FORMATS):   proc format cntlin = temp_PID_2 library = formats;
NOTE: Format PID2CODE has been written to FORMATS.FORMATS.
MPRINT(CREATE_PB_STD_FORMATS):   run;

NOTE: PROCEDURE FORMAT used (Total process time):
      real time           0.00 seconds
      cpu time            0.00 seconds
      
NOTE: There were 248 observations read from the data set WORK.TEMP_PID_2.

MPRINT(CREATE_PB_STD_FORMATS):   proc sort data = dwhlib.mst_member_card_type out=SUPPLIB.MEM_CARD_TYPE_LIST NODUPKEY;
MPRINT(CREATE_PB_STD_FORMATS):   by MEMBER_CARD_TYPE_ID;
MPRINT(CREATE_PB_STD_FORMATS):   run;

11                                                          The SAS System                              11:39 Monday, January 5, 
2015
 
 NOTE: PROCEDURE SQL used (Total process time):
       real time           0.02 seconds
       cpu time            0.00 seconds
       
 
NOTE: SQL generation was used to perform the sorting.
NOTE: There were 217 observations read from the data set WORK._ZSQL0.
NOTE: The data set SUPPLIB.MEM_CARD_TYPE_LIST has 217 observations and 20 variables.
NOTE: Compressing data set SUPPLIB.MEM_CARD_TYPE_LIST decreased size by 83.33 percent. 
      Compressed is 1 pages; un-compressed would require 6 pages.
NOTE: PROCEDURE SORT used (Total process time):
      real time           0.12 seconds
      cpu time            0.05 seconds
      

26                                                         The SAS System                              11:39 Monday, January 5, 2015

MPRINT(CREATE_PB_STD_FORMATS):   data TEMP_MCTID;
MPRINT(CREATE_PB_STD_FORMATS):   RETAIN FMTNAME "MCT2DESC" type "N";
MPRINT(CREATE_PB_STD_FORMATS):   set SUPPLIB.MEM_CARD_TYPE_LIST;
MPRINT(CREATE_PB_STD_FORMATS):   start = MEMBER_CARD_TYPE_ID;
MPRINT(CREATE_PB_STD_FORMATS):   label = MEMBER_CARD_TYPE_DESC;
MPRINT(CREATE_PB_STD_FORMATS):   run;

NOTE: There were 217 observations read from the data set SUPPLIB.MEM_CARD_TYPE_LIST.
NOTE: The data set WORK.TEMP_MCTID has 217 observations and 24 variables.
NOTE: Compressing data set WORK.TEMP_MCTID decreased size by 85.71 percent. 
      Compressed is 1 pages; un-compressed would require 7 pages.
NOTE: DATA statement used (Total process time):
      real time           0.00 seconds
      cpu time            0.00 seconds
      

MPRINT(CREATE_PB_STD_FORMATS):   proc format cntlin = temp_MCTID library = formats;
NOTE: Format MCT2DESC has been written to FORMATS.FORMATS.
MPRINT(CREATE_PB_STD_FORMATS):   run;

NOTE: PROCEDURE FORMAT used (Total process time):
      real time           0.00 seconds
      cpu time            0.00 seconds
      
NOTE: There were 217 observations read from the data set WORK.TEMP_MCTID.

MPRINT(CREATE_PB_STD_FORMATS):   data branch;
MPRINT(CREATE_PB_STD_FORMATS):   RETAIN FMTNAME "BRCHNM" TYPE "N";
MPRINT(CREATE_PB_STD_FORMATS):   set WHOUSE.PARTNER_HIERARCHY_1_DEDUP (keep=LEGAL_NAME STAR_BRANCH_ID);
MPRINT(CREATE_PB_STD_FORMATS):   START=STAR_BRANCH_ID;
MPRINT(CREATE_PB_STD_FORMATS):   LABEL = LEGAL_NAME;
MPRINT(CREATE_PB_STD_FORMATS):   run;

NOTE: There were 1007 observations read from the data set WHOUSE.PARTNER_HIERARCHY_1_DEDUP.
NOTE: The data set WORK.BRANCH has 1007 observations and 6 variables.
NOTE: Compressing data set WORK.BRANCH decreased size by 31.58 percent. 
      Compressed is 13 pages; un-compressed would require 19 pages.
NOTE: DATA statement used (Total process time):
      real time           0.02 seconds
      cpu time            0.02 seconds
      

MPRINT(CREATE_PB_STD_FORMATS):   proc format cntlin = BRANCH LIBRARY = FORMATS;
NOTE: Format BRCHNM has been written to FORMATS.FORMATS.
MPRINT(CREATE_PB_STD_FORMATS):   run;

NOTE: PROCEDURE FORMAT used (Total process time):
      real time           0.00 seconds
      cpu time            0.00 seconds
      
NOTE: There were 1007 observations read from the data set WORK.BRANCH.

MPRINT(CREATE_PB_STD_FORMATS):   DATA ECOUPON.MST_ECOUPON_COMM_CHANNEL;
MPRINT(CREATE_PB_STD_FORMATS):   SET ECOUPON.EC_CHANNEL (keep=Channel_Code Channel_Name rename=(Channel_Code = Start CHANNEL_NAME = 
label)) end=last;
MPRINT(CREATE_PB_STD_FORMATS):   RETAIN fmtname "ECOUPON_COMM_CHANNEL" TYPE 'N';
MPRINT(CREATE_PB_STD_FORMATS):   OUTPUT;
MPRINT(CREATE_PB_STD_FORMATS):   if last then do;
27                                                         The SAS System                              11:39 Monday, January 5, 2015

MPRINT(CREATE_PB_STD_FORMATS):   hlo='O';
MPRINT(CREATE_PB_STD_FORMATS):   label='Other Channel';
MPRINT(CREATE_PB_STD_FORMATS):   output;
MPRINT(CREATE_PB_STD_FORMATS):   end;
MPRINT(CREATE_PB_STD_FORMATS):   run;

NOTE: There were 9 observations read from the data set ECOUPON.EC_CHANNEL.
NOTE: The data set ECOUPON.MST_ECOUPON_COMM_CHANNEL has 10 observations and 5 variables.
NOTE: Compressing data set ECOUPON.MST_ECOUPON_COMM_CHANNEL decreased size by 0.00 percent. 
      Compressed is 1 pages; un-compressed would require 1 pages.
NOTE: DATA statement used (Total process time):
      real time           0.04 seconds
      cpu time            0.00 seconds
      

MPRINT(CREATE_PB_STD_FORMATS):   proc format lib=FORMATS cntlin=ECOUPON.MST_ECOUPON_COMM_CHANNEL;
NOTE: Format ECOUPON_COMM_CHANNEL has been written to FORMATS.FORMATS.
MPRINT(CREATE_PB_STD_FORMATS):   RUN;

NOTE: PROCEDURE FORMAT used (Total process time):
      real time           0.00 seconds
      cpu time            0.00 seconds
      
NOTE: There were 10 observations read from the data set ECOUPON.MST_ECOUPON_COMM_CHANNEL.

MPRINT(CREATE_PB_STD_FORMATS):   data lookup1;
MPRINT(CREATE_PB_STD_FORMATS):   retain fmtname "LMID2PID" TYPE "C";
MPRINT(CREATE_PB_STD_FORMATS):   set dwhlib.dim_partner (keep=partner_id loyalty_partner_id where=(loyalty_partner_id ~= ""));
MPRINT(CREATE_PB_STD_FORMATS):   start = LOYALTY_PARTNER_ID;
MPRINT(CREATE_PB_STD_FORMATS):   label = PARTNER_ID;
MPRINT(CREATE_PB_STD_FORMATS):   run;

NOTE: There were 15125 observations read from the data set DWHLIB.DIM_PARTNER.
      WHERE loyalty_partner_id not = ' ';
NOTE: The data set WORK.LOOKUP1 has 15125 observations and 6 variables.
NOTE: Compressing data set WORK.LOOKUP1 decreased size by 11.85 percent. 
      Compressed is 119 pages; un-compressed would require 135 pages.
NOTE: DATA statement used (Total process time):
      real time           0.33 seconds
      cpu time            0.04 seconds
      

MPRINT(CREATE_PB_STD_FORMATS):   proc format CNTLIN=WORK.LOOKUP1 library = FORMATS;
NOTE: Format $LMID2PID has been written to FORMATS.FORMATS.
MPRINT(CREATE_PB_STD_FORMATS):   run;

NOTE: PROCEDURE FORMAT used (Total process time):
      real time           0.09 seconds
      cpu time            0.09 seconds
      
NOTE: There were 15125 observations read from the data set WORK.LOOKUP1.

MPRINT(CREATE_PB_STD_FORMATS):   data lookup2;
MPRINT(CREATE_PB_STD_FORMATS):   retain fmtname "PID2LMID" TYPE "N";
MPRINT(CREATE_PB_STD_FORMATS):   set dwhlib.dim_partner (keep=partner_id loyalty_partner_id);
MPRINT(CREATE_PB_STD_FORMATS):   start = PARTNER_ID;
MPRINT(CREATE_PB_STD_FORMATS):   label = LOYALTY_PARTNER_ID;
MPRINT(CREATE_PB_STD_FORMATS):   run;
28                                                         The SAS System                              11:39 Monday, January 5, 2015


NOTE: There were 562703 observations read from the data set DWHLIB.DIM_PARTNER.
NOTE: The data set WORK.LOOKUP2 has 562703 observations and 6 variables.
NOTE: Compressing data set WORK.LOOKUP2 decreased size by 34.02 percent. 
      Compressed is 3286 pages; un-compressed would require 4980 pages.
NOTE: DATA statement used (Total process time):
      real time           3.00 seconds
      cpu time            1.12 seconds
      

MPRINT(CREATE_PB_STD_FORMATS):   proc format CNTLIN=WORK.LOOKUP2 library = FORMATS;
NOTE: Format PID2LMID has been written to FORMATS.FORMATS.
MPRINT(CREATE_PB_STD_FORMATS):   run;

NOTE: PROCEDURE FORMAT used (Total process time):
      real time           2.12 seconds
      cpu time            2.08 seconds
      
NOTE: There were 562703 observations read from the data set WORK.LOOKUP2.

MPRINT(CREATE_PB_STD_FORMATS):   data partner_temp;
MPRINT(CREATE_PB_STD_FORMATS):   retain fmtname "part2typ" type "N";
MPRINT(CREATE_PB_STD_FORMATS):   set dwhlib.partner_list;
MPRINT(CREATE_PB_STD_FORMATS):   start=partner_id;
MPRINT(CREATE_PB_STD_FORMATS):   label=partner_type;
MPRINT(CREATE_PB_STD_FORMATS):   run;

NOTE: There were 15097 observations read from the data set DWHLIB.PARTNER_LIST.
NOTE: The data set WORK.PARTNER_TEMP has 15097 observations and 19 variables.
NOTE: Compressing data set WORK.PARTNER_TEMP decreased size by 50.19 percent. 
      Compressed is 130 pages; un-compressed would require 261 pages.
NOTE: DATA statement used (Total process time):
      real time           0.26 seconds
      cpu time            0.10 seconds
      

MPRINT(CREATE_PB_STD_FORMATS):   proc format cntlin=partner_temp library=formats;
NOTE: Format PART2TYP has been written to FORMATS.FORMATS.
MPRINT(CREATE_PB_STD_FORMATS):   run;

NOTE: PROCEDURE FORMAT used (Total process time):
      real time           0.07 seconds
      cpu time            0.08 seconds
      
NOTE: There were 15097 observations read from the data set WORK.PARTNER_TEMP.

MPRINT(CREATE_PB_STD_FORMATS):   data partner_temp2;
MPRINT(CREATE_PB_STD_FORMATS):   retain fmtname "part2nm" type "N";
MPRINT(CREATE_PB_STD_FORMATS):   set dwhlib.partner_list end=EOF;
MPRINT(CREATE_PB_STD_FORMATS):   start=partner_id;
MPRINT(CREATE_PB_STD_FORMATS):   label=p_commercial_name;
MPRINT(CREATE_PB_STD_FORMATS):   output;
MPRINT(CREATE_PB_STD_FORMATS):   if EOF then do;
MPRINT(CREATE_PB_STD_FORMATS):   hlo="O";
MPRINT(CREATE_PB_STD_FORMATS):   label="OTHERRETAIL";
MPRINT(CREATE_PB_STD_FORMATS):   output;
MPRINT(CREATE_PB_STD_FORMATS):   end;
MPRINT(CREATE_PB_STD_FORMATS):   run;
29                                                         The SAS System                              11:39 Monday, January 5, 2015


NOTE: There were 15097 observations read from the data set DWHLIB.PARTNER_LIST.
NOTE: The data set WORK.PARTNER_TEMP2 has 15098 observations and 20 variables.
NOTE: Compressing data set WORK.PARTNER_TEMP2 decreased size by 54.55 percent. 
      Compressed is 130 pages; un-compressed would require 286 pages.
NOTE: DATA statement used (Total process time):
      real time           0.45 seconds
      cpu time            0.13 seconds
      

MPRINT(CREATE_PB_STD_FORMATS):   proc format cntlin=partner_temp2 library=formats;
NOTE: Format PART2NM has been written to FORMATS.FORMATS.
MPRINT(CREATE_PB_STD_FORMATS):   run;

NOTE: PROCEDURE FORMAT used (Total process time):
      real time           0.08 seconds
      cpu time            0.09 seconds
      
NOTE: There were 15098 observations read from the data set WORK.PARTNER_TEMP2.

MPRINT(CREATE_PB_STD_FORMATS):   data pid_temp;
MPRINT(CREATE_PB_STD_FORMATS):   retain fmtname "pid2part" type "N";
MPRINT(CREATE_PB_STD_FORMATS):   set supplib.pid2partner end=EOF;
MPRINT(CREATE_PB_STD_FORMATS):  ;
MPRINT(CREATE_PB_STD_FORMATS):   start=promo_code_id;
MPRINT(CREATE_PB_STD_FORMATS):   label=promo_partner;
MPRINT(CREATE_PB_STD_FORMATS):   output;
MPRINT(CREATE_PB_STD_FORMATS):   if EOF then do;
MPRINT(CREATE_PB_STD_FORMATS):   hlo="O";
MPRINT(CREATE_PB_STD_FORMATS):   label="OTHERRETAIL";
MPRINT(CREATE_PB_STD_FORMATS):   output;
MPRINT(CREATE_PB_STD_FORMATS):   end;
MPRINT(CREATE_PB_STD_FORMATS):   run;

NOTE: There were 248 observations read from the data set SUPPLIB.PID2PARTNER.
NOTE: The data set WORK.PID_TEMP has 249 observations and 12 variables.
NOTE: Compressing data set WORK.PID_TEMP decreased size by 20.00 percent. 
      Compressed is 4 pages; un-compressed would require 5 pages.
NOTE: DATA statement used (Total process time):
      real time           0.02 seconds
      cpu time            0.00 seconds
      

MPRINT(CREATE_PB_STD_FORMATS):   proc format cntlin=pid_temp library=formats;
NOTE: Format PID2PART has been written to FORMATS.FORMATS.
MPRINT(CREATE_PB_STD_FORMATS):   run;

NOTE: PROCEDURE FORMAT used (Total process time):
      real time           0.00 seconds
      cpu time            0.01 seconds
      
NOTE: There were 249 observations read from the data set WORK.PID_TEMP.

MPRINT(CREATE_PB_STD_FORMATS):   data sid_temp;
MPRINT(CREATE_PB_STD_FORMATS):   retain fmtname "sid2part" type "N";
MPRINT(CREATE_PB_STD_FORMATS):   set supplib.sid2partner end=EOF;
MPRINT(CREATE_PB_STD_FORMATS):   start=sourced_association_id;
MPRINT(CREATE_PB_STD_FORMATS):   label=sourced_partner;
30                                                         The SAS System                              11:39 Monday, January 5, 2015

MPRINT(CREATE_PB_STD_FORMATS):   output;
MPRINT(CREATE_PB_STD_FORMATS):   if EOF then do;
MPRINT(CREATE_PB_STD_FORMATS):   hlo="O";
MPRINT(CREATE_PB_STD_FORMATS):   label="OTHERRETAIL";
MPRINT(CREATE_PB_STD_FORMATS):   output;
MPRINT(CREATE_PB_STD_FORMATS):   end;
MPRINT(CREATE_PB_STD_FORMATS):   run;

NOTE: There were 105 observations read from the data set SUPPLIB.SID2PARTNER.
NOTE: The data set WORK.SID_TEMP has 106 observations and 13 variables.
NOTE: Compressing data set WORK.SID_TEMP decreased size by 33.33 percent. 
      Compressed is 2 pages; un-compressed would require 3 pages.
NOTE: DATA statement used (Total process time):
      real time           0.02 seconds
      cpu time            0.00 seconds
      

MPRINT(CREATE_PB_STD_FORMATS):   proc format cntlin=sid_temp library=formats;
NOTE: Format SID2PART has been written to FORMATS.FORMATS.
MPRINT(CREATE_PB_STD_FORMATS):   run;

NOTE: PROCEDURE FORMAT used (Total process time):
      real time           0.00 seconds
      cpu time            0.00 seconds
      
NOTE: There were 106 observations read from the data set WORK.SID_TEMP.

NOTE: Data file SUPPLIB.BOARD_KPI_PARTNER_LIST.DATA is in a format that is native to another host, or the file encoding does not 
      match the session encoding. Cross Environment Data Access will be used, which might require additional CPU resources and 
      might reduce performance.
MPRINT(CREATE_PB_STD_FORMATS):   proc sort data = supplib.board_kpi_partner_list out = board_kpi_plist nodupkey;
MPRINT(CREATE_PB_STD_FORMATS):   by board_kpi_partner p_commercial_name;
MPRINT(CREATE_PB_STD_FORMATS):   run;

NOTE: There were 142 observations read from the data set SUPPLIB.BOARD_KPI_PARTNER_LIST.
NOTE: 3 observations with duplicate key values were deleted.
NOTE: The data set WORK.BOARD_KPI_PLIST has 139 observations and 3 variables.
NOTE: Compressing data set WORK.BOARD_KPI_PLIST decreased size by 0.00 percent. 
      Compressed is 2 pages; un-compressed would require 2 pages.
NOTE: PROCEDURE SORT used (Total process time):
      real time           0.04 seconds
      cpu time            0.01 seconds
      

MPRINT(CREATE_PB_STD_FORMATS):   data board_kpi_hash;
MPRINT(CREATE_PB_STD_FORMATS):   retain fmtname "part2brd" type "C";
MPRINT(CREATE_PB_STD_FORMATS):   set board_kpi_plist end=EOF;
MPRINT(CREATE_PB_STD_FORMATS):   IF p_commercial_name = "FIRSTCRY" and board_kpi_partner in ("OTHERS") THEN DELETE;
MPRINT(CREATE_PB_STD_FORMATS):   IF p_commercial_name ="OTHERRETAIL" and board_kpi_partner in ("ONLINE") then delete;
MPRINT(CREATE_PB_STD_FORMATS):   start=p_commercial_name;
MPRINT(CREATE_PB_STD_FORMATS):   label=board_kpi_partner;
MPRINT(CREATE_PB_STD_FORMATS):   output;
MPRINT(CREATE_PB_STD_FORMATS):   if EOF then do;
MPRINT(CREATE_PB_STD_FORMATS):   hlo="O";
MPRINT(CREATE_PB_STD_FORMATS):   label="OTHERS";
MPRINT(CREATE_PB_STD_FORMATS):   output;
MPRINT(CREATE_PB_STD_FORMATS):   end;
MPRINT(CREATE_PB_STD_FORMATS):   run;
31                                                         The SAS System                              11:39 Monday, January 5, 2015


NOTE: There were 139 observations read from the data set WORK.BOARD_KPI_PLIST.
NOTE: The data set WORK.BOARD_KPI_HASH has 138 observations and 8 variables.
NOTE: Compressing data set WORK.BOARD_KPI_HASH decreased size by 33.33 percent. 
      Compressed is 2 pages; un-compressed would require 3 pages.
NOTE: DATA statement used (Total process time):
      real time           0.00 seconds
      cpu time            0.00 seconds
      

MPRINT(CREATE_PB_STD_FORMATS):   proc format cntlin = board_kpi_hash library = formats;
NOTE: Format $PART2BRD has been written to FORMATS.FORMATS.
MPRINT(CREATE_PB_STD_FORMATS):   quit;

NOTE: There were 138 observations read from the data set WORK.BOARD_KPI_HASH.
NOTE: PROCEDURE FORMAT used (Total process time):
      real time           0.00 seconds
      cpu time            0.00 seconds
      

MPRINT(CREATE_PB_STD_FORMATS):   DATA mc_temp;
MPRINT(CREATE_PB_STD_FORMATS):   set supplib.Mc_level_mba_bigbazaar_mar_13;
NOTE: Data file SUPPLIB.MC_LEVEL_MBA_BIGBAZAAR_MAR_13.DATA is in a format that is native to another host, or the file encoding does 
      not match the session encoding. Cross Environment Data Access will be used, which might require additional CPU resources and 
      might reduce performance.
MPRINT(CREATE_PB_STD_FORMATS):   DEP_NAME = STRIP(UPCASE(DEP_NAME));
MPRINT(CREATE_PB_STD_FORMATS):   RUN;

NOTE: There were 1637 observations read from the data set SUPPLIB.MC_LEVEL_MBA_BIGBAZAAR_MAR_13.
NOTE: The data set WORK.MC_TEMP has 1637 observations and 17 variables.
NOTE: Compressing data set WORK.MC_TEMP decreased size by 50.00 percent. 
      Compressed is 16 pages; un-compressed would require 32 pages.
NOTE: DATA statement used (Total process time):
      real time           0.07 seconds
      cpu time            0.02 seconds
      

MPRINT(CREATE_PB_STD_FORMATS):   proc sort data = MC_TEMP nodupkey;
MPRINT(CREATE_PB_STD_FORMATS):   by DEP_NAME;
MPRINT(CREATE_PB_STD_FORMATS):   run;

NOTE: There were 1637 observations read from the data set WORK.MC_TEMP.
NOTE: 8 observations with duplicate key values were deleted.
NOTE: The data set WORK.MC_TEMP has 1629 observations and 17 variables.
NOTE: Compressing data set WORK.MC_TEMP decreased size by 50.00 percent. 
      Compressed is 16 pages; un-compressed would require 32 pages.
NOTE: PROCEDURE SORT used (Total process time):
      real time           0.02 seconds
      cpu time            0.02 seconds
      

MPRINT(CREATE_PB_STD_FORMATS):   data mc_temp;
MPRINT(CREATE_PB_STD_FORMATS):   retain fmtname "old2nwmc" type "C";
MPRINT(CREATE_PB_STD_FORMATS):   set MC_TEMP end=EOF;
MPRINT(CREATE_PB_STD_FORMATS):   BY DEP_NAME;
MPRINT(CREATE_PB_STD_FORMATS):   start=strip(upcase(DEP_NAME));
MPRINT(CREATE_PB_STD_FORMATS):   label=strip(upcase(name));
MPRINT(CREATE_PB_STD_FORMATS):   output;
32                                                         The SAS System                              11:39 Monday, January 5, 2015

MPRINT(CREATE_PB_STD_FORMATS):   if EOF then do;
MPRINT(CREATE_PB_STD_FORMATS):   hlo="O";
MPRINT(CREATE_PB_STD_FORMATS):   label="OTHER";
MPRINT(CREATE_PB_STD_FORMATS):   output;
MPRINT(CREATE_PB_STD_FORMATS):   end;
MPRINT(CREATE_PB_STD_FORMATS):   run;

NOTE: There were 1629 observations read from the data set WORK.MC_TEMP.
NOTE: The data set WORK.MC_TEMP has 1630 observations and 22 variables.
NOTE: Compressing data set WORK.MC_TEMP decreased size by 51.28 percent. 
      Compressed is 19 pages; un-compressed would require 39 pages.
NOTE: DATA statement used (Total process time):
      real time           0.03 seconds
      cpu time            0.02 seconds
      

MPRINT(CREATE_PB_STD_FORMATS):   proc format cntlin=mc_temp library=formats;
NOTE: Format $OLD2NWMC has been written to FORMATS.FORMATS.
MPRINT(CREATE_PB_STD_FORMATS):   run;

NOTE: PROCEDURE FORMAT used (Total process time):
      real time           0.01 seconds
      cpu time            0.01 seconds
      
NOTE: There were 1630 observations read from the data set WORK.MC_TEMP.

MPRINT(CREATE_PB_STD_FORMATS):   proc sort data = supplib.fg_mc_code_to_desc out = basket_temp nodupkey;
MPRINT(CREATE_PB_STD_FORMATS):   by mc_code mcnew;
MPRINT(CREATE_PB_STD_FORMATS):   run;

NOTE: There were 5157 observations read from the data set SUPPLIB.FG_MC_CODE_TO_DESC.
NOTE: 14 observations with duplicate key values were deleted.
NOTE: The data set WORK.BASKET_TEMP has 5143 observations and 8 variables.
NOTE: Compressing data set WORK.BASKET_TEMP decreased size by 44.71 percent. 
      Compressed is 47 pages; un-compressed would require 85 pages.
NOTE: PROCEDURE SORT used (Total process time):
      real time           0.08 seconds
      cpu time            0.02 seconds
      

MPRINT(CREATE_PB_STD_FORMATS):   proc sort data = basket_temp nodupkey;
MPRINT(CREATE_PB_STD_FORMATS):   by mc_code;
MPRINT(CREATE_PB_STD_FORMATS):   run;

NOTE: There were 5143 observations read from the data set WORK.BASKET_TEMP.
NOTE: 1 observations with duplicate key values were deleted.
NOTE: The data set WORK.BASKET_TEMP has 5142 observations and 8 variables.
NOTE: Compressing data set WORK.BASKET_TEMP decreased size by 44.71 percent. 
      Compressed is 47 pages; un-compressed would require 85 pages.
NOTE: PROCEDURE SORT used (Total process time):
      real time           0.03 seconds
      cpu time            0.03 seconds
      

MPRINT(CREATE_PB_STD_FORMATS):   data basket_desc;
MPRINT(CREATE_PB_STD_FORMATS):   RETAIN FMTNAME "MC_CODE2DESC" TYPE "C";
MPRINT(CREATE_PB_STD_FORMATS):   set basket_temp(keep=mc_code mcnew);
MPRINT(CREATE_PB_STD_FORMATS):   START = MC_CODE;
33                                                         The SAS System                              11:39 Monday, January 5, 2015

MPRINT(CREATE_PB_STD_FORMATS):   LABEL=strip(upcase(MCNEW));
MPRINT(CREATE_PB_STD_FORMATS):   run;

NOTE: There were 5142 observations read from the data set WORK.BASKET_TEMP.
NOTE: The data set WORK.BASKET_DESC has 5142 observations and 6 variables.
NOTE: Compressing data set WORK.BASKET_DESC decreased size by 39.58 percent. 
      Compressed is 58 pages; un-compressed would require 96 pages.
NOTE: DATA statement used (Total process time):
      real time           0.03 seconds
      cpu time            0.01 seconds
      

MPRINT(CREATE_PB_STD_FORMATS):   proc format library = formats cntlin=basket_desc;
NOTE: Format $MC_CODE2DESC has been written to FORMATS.FORMATS.
MPRINT(CREATE_PB_STD_FORMATS):   quit;

NOTE: There were 5142 observations read from the data set WORK.BASKET_DESC.
NOTE: PROCEDURE FORMAT used (Total process time):
      real time           0.01 seconds
      cpu time            0.01 seconds
      

MPRINT(CREATE_PB_STD_FORMATS):   proc sort data = whouse.partner_hierarchy_1_dedup(keep=LEGAL_NAME BRANCH_ID) OUT=BRCH2STR_INPUT 
nodup;
MPRINT(CREATE_PB_STD_FORMATS):   by BRANCH_ID;
MPRINT(CREATE_PB_STD_FORMATS):   run;

NOTE: There were 1007 observations read from the data set WHOUSE.PARTNER_HIERARCHY_1_DEDUP.
NOTE: 0 duplicate observations were deleted.
NOTE: The data set WORK.BRCH2STR_INPUT has 1007 observations and 2 variables.
NOTE: Compressing data set WORK.BRCH2STR_INPUT decreased size by 11.11 percent. 
      Compressed is 8 pages; un-compressed would require 9 pages.
NOTE: PROCEDURE SORT used (Total process time):
      real time           0.01 seconds
      cpu time            0.00 seconds
      

MPRINT(CREATE_PB_STD_FORMATS):   data BRCH2STR;
MPRINT(CREATE_PB_STD_FORMATS):   RETAIN FMTNAME "brch2str" type "C";
MPRINT(CREATE_PB_STD_FORMATS):   SET BRCH2STR_INPUT end=eof;
MPRINT(CREATE_PB_STD_FORMATS):   WHERE not (strip(branch_id) = "6535" and strip(upcase(legal_name)) LIKE '%HYDERABAD%');
MPRINT(CREATE_PB_STD_FORMATS):   legal_name = strip(upcase(legal_name));
MPRINT(CREATE_PB_STD_FORMATS):   if strip(upcase(branch_id)) ~= "ONLINE" then do;
MPRINT(CREATE_PB_STD_FORMATS):   start = branch_id;
MPRINT(CREATE_PB_STD_FORMATS):   label = legal_name;
MPRINT(CREATE_PB_STD_FORMATS):   output;
MPRINT(CREATE_PB_STD_FORMATS):   end;
MPRINT(CREATE_PB_STD_FORMATS):   if eof and strip(branch_id) ~= "" then do;
MPRINT(CREATE_PB_STD_FORMATS):   hlo="O";
MPRINT(CREATE_PB_STD_FORMATS):   label="OTHER";
MPRINT(CREATE_PB_STD_FORMATS):   output;
MPRINT(CREATE_PB_STD_FORMATS):   end;
MPRINT(CREATE_PB_STD_FORMATS):   run;

NOTE: There were 1006 observations read from the data set WORK.BRCH2STR_INPUT.
      WHERE (STRIP(branch_id) not = '6535') or STRIP(UPCASE(legal_name)) not like '%HYDERABAD%';
NOTE: The data set WORK.BRCH2STR has 1005 observations and 7 variables.
NOTE: Compressing data set WORK.BRCH2STR decreased size by 27.78 percent. 
34                                                         The SAS System                              11:39 Monday, January 5, 2015

      Compressed is 13 pages; un-compressed would require 18 pages.
NOTE: DATA statement used (Total process time):
      real time           0.02 seconds
      cpu time            0.02 seconds
      

MPRINT(CREATE_PB_STD_FORMATS):   proc sort data = brch2str nodup;
MPRINT(CREATE_PB_STD_FORMATS):   by BRANCH_ID;
MPRINT(CREATE_PB_STD_FORMATS):   run;

NOTE: There were 1005 observations read from the data set WORK.BRCH2STR.
NOTE: 0 duplicate observations were deleted.
NOTE: The data set WORK.BRCH2STR has 1005 observations and 7 variables.
NOTE: Compressing data set WORK.BRCH2STR decreased size by 27.78 percent. 
      Compressed is 13 pages; un-compressed would require 18 pages.
NOTE: PROCEDURE SORT used (Total process time):
      real time           0.01 seconds
      cpu time            0.00 seconds
      

MPRINT(CREATE_PB_STD_FORMATS):   proc format cntlin = BRCH2STR library = formats;
NOTE: Format $BRCH2STR has been written to FORMATS.FORMATS.
MPRINT(CREATE_PB_STD_FORMATS):   quit;

NOTE: There were 1005 observations read from the data set WORK.BRCH2STR.
NOTE: PROCEDURE FORMAT used (Total process time):
      real time           0.00 seconds
      cpu time            0.01 seconds
      

MPRINT(CREATE_PB_STD_FORMATS):   data basket_lkp;
MPRINT(CREATE_PB_STD_FORMATS):   retain fmtname 'bsktmc2desc' type 'C';
MPRINT(CREATE_PB_STD_FORMATS):   set supplib.basket_mc_code_2_desc end=eof;
NOTE: Data file SUPPLIB.BASKET_MC_CODE_2_DESC.DATA is in a format that is native to another host, or the file encoding does not 
      match the session encoding. Cross Environment Data Access will be used, which might require additional CPU resources and 
      might reduce performance.
MPRINT(CREATE_PB_STD_FORMATS):   START = dep_code;
MPRINT(CREATE_PB_STD_FORMATS):   LABEL = dep_name;
MPRINT(CREATE_PB_STD_FORMATS):   output;
MPRINT(CREATE_PB_STD_FORMATS):   if eof then do;
MPRINT(CREATE_PB_STD_FORMATS):   HLO="O";
MPRINT(CREATE_PB_STD_FORMATS):   label = "OTHERS";
MPRINT(CREATE_PB_STD_FORMATS):   output;
MPRINT(CREATE_PB_STD_FORMATS):   end;
MPRINT(CREATE_PB_STD_FORMATS):   run;

NOTE: There were 4323 observations read from the data set SUPPLIB.BASKET_MC_CODE_2_DESC.
NOTE: The data set WORK.BASKET_LKP has 4324 observations and 8 variables.
NOTE: Compressing data set WORK.BASKET_LKP decreased size by 20.31 percent. 
      Compressed is 51 pages; un-compressed would require 64 pages.
NOTE: DATA statement used (Total process time):
      real time           0.04 seconds
      cpu time            0.02 seconds
      

MPRINT(CREATE_PB_STD_FORMATS):   proc sort data = basket_lkp nodupkey;
MPRINT(CREATE_PB_STD_FORMATS):   by dep_code;
MPRINT(CREATE_PB_STD_FORMATS):   run;
35                                                         The SAS System                              11:39 Monday, January 5, 2015


NOTE: There were 4324 observations read from the data set WORK.BASKET_LKP.
NOTE: 1326 observations with duplicate key values were deleted.
NOTE: The data set WORK.BASKET_LKP has 2998 observations and 8 variables.
NOTE: Compressing data set WORK.BASKET_LKP decreased size by 18.18 percent. 
      Compressed is 36 pages; un-compressed would require 44 pages.
NOTE: PROCEDURE SORT used (Total process time):
      real time           0.01 seconds
      cpu time            0.01 seconds
      

MPRINT(CREATE_PB_STD_FORMATS):   proc format cntlin=basket_lkp library = formats;
NOTE: Format $BSKTMC2DESC has been written to FORMATS.FORMATS.
MPRINT(CREATE_PB_STD_FORMATS):   run;

NOTE: PROCEDURE FORMAT used (Total process time):
      real time           0.01 seconds
      cpu time            0.02 seconds
      
NOTE: There were 2998 observations read from the data set WORK.BASKET_LKP.

MPRINT(CREATE_PB_STD_FORMATS):   data store_temp;
MPRINT(CREATE_PB_STD_FORMATS):   RETAIN fmtname 'fgstr2cy' TYPE 'C';
MPRINT(CREATE_PB_STD_FORMATS):   set whouse.partner_hierarchy_1_dedup;
MPRINT(CREATE_PB_STD_FORMATS):   where length(strip(branch_id)) <= 4 ;
MPRINT(CREATE_PB_STD_FORMATS):   if length(strip(branch_id)) = 4 then do;
MPRINT(CREATE_PB_STD_FORMATS):   start = strip(put(input(branch_id, 4.), 4.));
MPRINT(CREATE_PB_STD_FORMATS):   label = strip(upcase(branch_city));
MPRINT(CREATE_PB_STD_FORMATS):   output;
MPRINT(CREATE_PB_STD_FORMATS):   end;
MPRINT(CREATE_PB_STD_FORMATS):   if length(strip(branch_id)) = 3 then do;
MPRINT(CREATE_PB_STD_FORMATS):   start = strip(put(input(branch_id, 4.), z4.));
MPRINT(CREATE_PB_STD_FORMATS):   label = strip(upcase(branch_city));
MPRINT(CREATE_PB_STD_FORMATS):   output;
MPRINT(CREATE_PB_STD_FORMATS):   start = strip(put(input(branch_id, 4.), 4.));
MPRINT(CREATE_PB_STD_FORMATS):   label = strip(upcase(branch_city));
MPRINT(CREATE_PB_STD_FORMATS):   output;
MPRINT(CREATE_PB_STD_FORMATS):   end;
MPRINT(CREATE_PB_STD_FORMATS):   run;

NOTE: There were 987 observations read from the data set WHOUSE.PARTNER_HIERARCHY_1_DEDUP.
      WHERE LENGTH(STRIP(branch_id))<=4;
NOTE: The data set WORK.STORE_TEMP has 1066 observations and 23 variables.
NOTE: Compressing data set WORK.STORE_TEMP decreased size by 36.36 percent. 
      Compressed is 14 pages; un-compressed would require 22 pages.
NOTE: DATA statement used (Total process time):
      real time           0.02 seconds
      cpu time            0.02 seconds
      

MPRINT(CREATE_PB_STD_FORMATS):   proc sort data = STORE_TEMP NODUPKEY;
MPRINT(CREATE_PB_STD_FORMATS):   BY start;
MPRINT(CREATE_PB_STD_FORMATS):   RUN;

NOTE: There were 1066 observations read from the data set WORK.STORE_TEMP.
NOTE: 0 observations with duplicate key values were deleted.
NOTE: The data set WORK.STORE_TEMP has 1066 observations and 23 variables.
NOTE: Compressing data set WORK.STORE_TEMP decreased size by 36.36 percent. 
36                                                         The SAS System                              11:39 Monday, January 5, 2015

      Compressed is 14 pages; un-compressed would require 22 pages.
NOTE: PROCEDURE SORT used (Total process time):
      real time           0.02 seconds
      cpu time            0.01 seconds
      

MPRINT(CREATE_PB_STD_FORMATS):   proc format library = formats cntlin = store_temp;
NOTE: Format $FGSTR2CY has been written to FORMATS.FORMATS.
MPRINT(CREATE_PB_STD_FORMATS):   run;

NOTE: PROCEDURE FORMAT used (Total process time):
      real time           0.00 seconds
      cpu time            0.00 seconds
      
NOTE: There were 1066 observations read from the data set WORK.STORE_TEMP.

MPRINT(CREATE_PB_STD_FORMATS):   data store_temp_z;
MPRINT(CREATE_PB_STD_FORMATS):   RETAIN fmtname 'fgstr2zn' TYPE 'C';
MPRINT(CREATE_PB_STD_FORMATS):   set whouse.partner_hierarchy_1_dedup;
MPRINT(CREATE_PB_STD_FORMATS):   where length(strip(branch_id)) <= 4 ;
MPRINT(CREATE_PB_STD_FORMATS):   if length(strip(branch_id)) = 4 then do;
MPRINT(CREATE_PB_STD_FORMATS):   start = strip(put(input(branch_id, 4.), 4.));
MPRINT(CREATE_PB_STD_FORMATS):   label = strip(upcase(zone));
MPRINT(CREATE_PB_STD_FORMATS):   output;
MPRINT(CREATE_PB_STD_FORMATS):   end;
MPRINT(CREATE_PB_STD_FORMATS):   if length(strip(branch_id)) = 3 then do;
MPRINT(CREATE_PB_STD_FORMATS):   start = strip(put(input(branch_id, 4.), z4.));
MPRINT(CREATE_PB_STD_FORMATS):   label = strip(upcase(zone));
MPRINT(CREATE_PB_STD_FORMATS):   output;
MPRINT(CREATE_PB_STD_FORMATS):   start = strip(put(input(branch_id, 4.), 4.));
MPRINT(CREATE_PB_STD_FORMATS):   label = strip(upcase(zone));
MPRINT(CREATE_PB_STD_FORMATS):   output;
MPRINT(CREATE_PB_STD_FORMATS):   end;
MPRINT(CREATE_PB_STD_FORMATS):   run;

NOTE: There were 987 observations read from the data set WHOUSE.PARTNER_HIERARCHY_1_DEDUP.
      WHERE LENGTH(STRIP(branch_id))<=4;
NOTE: The data set WORK.STORE_TEMP_Z has 1066 observations and 23 variables.
NOTE: Compressing data set WORK.STORE_TEMP_Z decreased size by 36.36 percent. 
      Compressed is 14 pages; un-compressed would require 22 pages.
NOTE: DATA statement used (Total process time):
      real time           0.02 seconds
      cpu time            0.01 seconds
      

MPRINT(CREATE_PB_STD_FORMATS):   proc sort data = STORE_TEMP_z NODUPKEY;
MPRINT(CREATE_PB_STD_FORMATS):   BY start;
MPRINT(CREATE_PB_STD_FORMATS):   RUN;

NOTE: There were 1066 observations read from the data set WORK.STORE_TEMP_Z.
NOTE: 0 observations with duplicate key values were deleted.
NOTE: The data set WORK.STORE_TEMP_Z has 1066 observations and 23 variables.
NOTE: Compressing data set WORK.STORE_TEMP_Z decreased size by 36.36 percent. 
      Compressed is 14 pages; un-compressed would require 22 pages.
NOTE: PROCEDURE SORT used (Total process time):
      real time           0.01 seconds
      cpu time            0.00 seconds
      
37                                                         The SAS System                              11:39 Monday, January 5, 2015


MPRINT(CREATE_PB_STD_FORMATS):   proc format library = formats cntlin = store_temp_z;
NOTE: Format $FGSTR2ZN has been written to FORMATS.FORMATS.
MPRINT(CREATE_PB_STD_FORMATS):   run;

NOTE: PROCEDURE FORMAT used (Total process time):
      real time           0.00 seconds
      cpu time            0.01 seconds
      
NOTE: There were 1066 observations read from the data set WORK.STORE_TEMP_Z.

MPRINT(CREATE_PB_STD_FORMATS):   data store_temp1;
MPRINT(CREATE_PB_STD_FORMATS):   RETAIN fmtname 'fgstr2nm' TYPE 'C';
MPRINT(CREATE_PB_STD_FORMATS):   set whouse.partner_hierarchy_1_dedup;
MPRINT(CREATE_PB_STD_FORMATS):   where STRIP(UPCASE(branch_id)) not in ("ONLINE") and length(strip(branch_id)) ~= 6;
MPRINT(CREATE_PB_STD_FORMATS):   start = branch_id;
MPRINT(CREATE_PB_STD_FORMATS):   label = strip(upcase(legal_name));
MPRINT(CREATE_PB_STD_FORMATS):   run;

NOTE: There were 987 observations read from the data set WHOUSE.PARTNER_HIERARCHY_1_DEDUP.
      WHERE (STRIP(UPCASE(branch_id)) not = 'ONLINE') and (LENGTH(STRIP(branch_id)) not = 6);
NOTE: The data set WORK.STORE_TEMP1 has 987 observations and 23 variables.
NOTE: Compressing data set WORK.STORE_TEMP1 decreased size by 36.36 percent. 
      Compressed is 14 pages; un-compressed would require 22 pages.
NOTE: DATA statement used (Total process time):
      real time           0.02 seconds
      cpu time            0.02 seconds
      

MPRINT(CREATE_PB_STD_FORMATS):   proc sort data = STORE_TEMP1 NODUPKEY;
MPRINT(CREATE_PB_STD_FORMATS):   BY BRANCH_ID;
MPRINT(CREATE_PB_STD_FORMATS):   RUN;

NOTE: There were 987 observations read from the data set WORK.STORE_TEMP1.
NOTE: 0 observations with duplicate key values were deleted.
NOTE: The data set WORK.STORE_TEMP1 has 987 observations and 23 variables.
NOTE: Compressing data set WORK.STORE_TEMP1 decreased size by 36.36 percent. 
      Compressed is 14 pages; un-compressed would require 22 pages.
NOTE: PROCEDURE SORT used (Total process time):
      real time           0.01 seconds
      cpu time            0.01 seconds
      

MPRINT(CREATE_PB_STD_FORMATS):   proc format library = formats cntlin = store_temp1;
NOTE: Format $FGSTR2NM has been written to FORMATS.FORMATS.
MPRINT(CREATE_PB_STD_FORMATS):   QUIT;

NOTE: There were 987 observations read from the data set WORK.STORE_TEMP1.
NOTE: PROCEDURE FORMAT used (Total process time):
      real time           0.00 seconds
      cpu time            0.01 seconds
      

MPRINT(CREATE_PB_STD_FORMATS):   proc sort data = DWHLIB.MST_activity_TRANS_TYPE out=WORK.TRANSACTION_TYPE NODUPKEY;
MPRINT(CREATE_PB_STD_FORMATS):   by ACTIVITY_transaction_type_id descending update_date descending add_date;
MPRINT(CREATE_PB_STD_FORMATS):   run;

11                                                          The SAS System                              11:39 Monday, January 5, 
38                                                         The SAS System                              11:39 Monday, January 5, 2015

2015
 
 NOTE: PROCEDURE SQL used (Total process time):
       real time           0.03 seconds
       cpu time            0.00 seconds
       
 
NOTE: SQL generation was used to perform the sorting.
NOTE: There were 363 observations read from the data set WORK._ZSQL0.
NOTE: The data set WORK.TRANSACTION_TYPE has 363 observations and 13 variables.
NOTE: Compressing data set WORK.TRANSACTION_TYPE decreased size by 75.00 percent. 
      Compressed is 2 pages; un-compressed would require 8 pages.
NOTE: PROCEDURE SORT used (Total process time):
      real time           0.20 seconds
      cpu time            0.04 seconds
      

MPRINT(CREATE_PB_STD_FORMATS):   DATA WORK.TRANSACTION_TYPE;
MPRINT(CREATE_PB_STD_FORMATS):   RETAIN fmtname 'TRNTYP2DESC' type 'N';
MPRINT(CREATE_PB_STD_FORMATS):   SET WORK.TRANSACTION_TYPE;
MPRINT(CREATE_PB_STD_FORMATS):   start = activity_transaction_type_id;
MPRINT(CREATE_PB_STD_FORMATS):   LABEL = activity_transaction_desc;
MPRINT(CREATE_PB_STD_FORMATS):   run;

NOTE: There were 363 observations read from the data set WORK.TRANSACTION_TYPE.
NOTE: The data set WORK.TRANSACTION_TYPE has 363 observations and 17 variables.
NOTE: Compressing data set WORK.TRANSACTION_TYPE decreased size by 75.00 percent. 
      Compressed is 2 pages; un-compressed would require 8 pages.
NOTE: DATA statement used (Total process time):
      real time           0.01 seconds
      cpu time            0.01 seconds
      

MPRINT(CREATE_PB_STD_FORMATS):   proc format cntlin=WORK.TRANSACTION_TYPE Library=FORMATS;
NOTE: Format TRNTYP2DESC has been written to FORMATS.FORMATS.
MPRINT(CREATE_PB_STD_FORMATS):   run;

NOTE: PROCEDURE FORMAT used (Total process time):
      real time           0.00 seconds
      cpu time            0.00 seconds
      
NOTE: There were 363 observations read from the data set WORK.TRANSACTION_TYPE.

MPRINT(CREATE_PB_STD_FORMATS):   proc sort data = DWHLIB.MST_REDEMPTION_CHANNEL out=WORK.REDEMPTION_CHANNEL NODUPKEY;
MPRINT(CREATE_PB_STD_FORMATS):   by redeem_channel_id descending update_date descending add_date;
MPRINT(CREATE_PB_STD_FORMATS):   run;

11                                                          The SAS System                              11:39 Monday, January 5, 
2015
 
 NOTE: PROCEDURE SQL used (Total process time):
       real time           0.04 seconds
       cpu time            0.00 seconds
       
 
NOTE: SQL generation was used to perform the sorting.
NOTE: There were 16 observations read from the data set WORK._ZSQL0.
NOTE: The data set WORK.REDEMPTION_CHANNEL has 16 observations and 17 variables.
39                                                         The SAS System                              11:39 Monday, January 5, 2015

NOTE: Compressing data set WORK.REDEMPTION_CHANNEL decreased size by 0.00 percent. 
      Compressed is 1 pages; un-compressed would require 1 pages.
NOTE: PROCEDURE SORT used (Total process time):
      real time           0.15 seconds
      cpu time            0.04 seconds
      

MPRINT(CREATE_PB_STD_FORMATS):   DATA WORK.REDEMPTION_CHANNEL;
MPRINT(CREATE_PB_STD_FORMATS):   RETAIN fmtname 'RDMID2NM' type 'N';
MPRINT(CREATE_PB_STD_FORMATS):   SET WORK.REDEMPTION_CHANNEL;
MPRINT(CREATE_PB_STD_FORMATS):   start = redeem_channel_id;
MPRINT(CREATE_PB_STD_FORMATS):   LABEL = redeem_channel_name;
MPRINT(CREATE_PB_STD_FORMATS):   run;

NOTE: There were 16 observations read from the data set WORK.REDEMPTION_CHANNEL.
NOTE: The data set WORK.REDEMPTION_CHANNEL has 16 observations and 21 variables.
NOTE: Compressing data set WORK.REDEMPTION_CHANNEL decreased size by 0.00 percent. 
      Compressed is 1 pages; un-compressed would require 1 pages.
NOTE: DATA statement used (Total process time):
      real time           0.01 seconds
      cpu time            0.00 seconds
      

MPRINT(CREATE_PB_STD_FORMATS):   proc format cntlin=WORK.redemption_channel Library=FORMATS;
NOTE: Format RDMID2NM has been written to FORMATS.FORMATS.
MPRINT(CREATE_PB_STD_FORMATS):   run;

NOTE: PROCEDURE FORMAT used (Total process time):
      real time           0.00 seconds
      cpu time            0.01 seconds
      
NOTE: There were 16 observations read from the data set WORK.REDEMPTION_CHANNEL.

MPRINT(CREATE_PB_STD_FORMATS):   proc sql;
MPRINT(CREATE_PB_STD_FORMATS):   create table terminal_dtls as select distinct Terminal_id as start, upcase(city) as label1, zip as 
label2, 'TID2city' as FMTNAME1, 'TID2zip' as FMTNAME2 from dwhlib.det_partner_terminal_address ;
NOTE: Compressing data set WORK.TERMINAL_DTLS decreased size by 14.23 percent. 
      Compressed is 223 pages; un-compressed would require 260 pages.
NOTE: Table WORK.TERMINAL_DTLS created, with 29331 rows and 5 columns.

MPRINT(CREATE_PB_STD_FORMATS):   quit;
NOTE: PROCEDURE SQL used (Total process time):
      real time           0.41 seconds
      cpu time            0.14 seconds
      

MPRINT(CREATE_PB_STD_FORMATS):   PROC SORT DATA = terminal_dtls;
MPRINT(CREATE_PB_STD_FORMATS):   by start descending label2;
MPRINT(CREATE_PB_STD_FORMATS):   run;

NOTE: There were 29331 observations read from the data set WORK.TERMINAL_DTLS.
NOTE: The data set WORK.TERMINAL_DTLS has 29331 observations and 5 variables.
NOTE: Compressing data set WORK.TERMINAL_DTLS decreased size by 14.23 percent. 
      Compressed is 223 pages; un-compressed would require 260 pages.
NOTE: PROCEDURE SORT used (Total process time):
      real time           0.09 seconds
      cpu time            0.06 seconds
      
40                                                         The SAS System                              11:39 Monday, January 5, 2015


MPRINT(CREATE_PB_STD_FORMATS):   PROC SORT DATA = terminal_dtls NODUPKEY;
MPRINT(CREATE_PB_STD_FORMATS):   by start;
MPRINT(CREATE_PB_STD_FORMATS):   run;

NOTE: There were 29331 observations read from the data set WORK.TERMINAL_DTLS.
NOTE: 59 observations with duplicate key values were deleted.
NOTE: The data set WORK.TERMINAL_DTLS has 29272 observations and 5 variables.
NOTE: Compressing data set WORK.TERMINAL_DTLS decreased size by 14.23 percent. 
      Compressed is 223 pages; un-compressed would require 260 pages.
NOTE: PROCEDURE SORT used (Total process time):
      real time           0.06 seconds
      cpu time            0.06 seconds
      

MPRINT(CREATE_PB_STD_FORMATS):   proc format lib=formats cntlin=terminal_dtls(keep=start label1 fmtname1 rename=(label1=label 
fmtname1=fmtname));
NOTE: Format TID2CITY has been written to FORMATS.FORMATS.
MPRINT(CREATE_PB_STD_FORMATS):   run;

NOTE: PROCEDURE FORMAT used (Total process time):
      real time           0.15 seconds
      cpu time            0.15 seconds
      
NOTE: There were 29272 observations read from the data set WORK.TERMINAL_DTLS.

MPRINT(CREATE_PB_STD_FORMATS):   proc format lib=formats cntlin=terminal_dtls(keep=start label2 fmtname2 rename=(label2=label 
fmtname2=fmtname));
NOTE: Format TID2ZIP has been written to FORMATS.FORMATS.
MPRINT(CREATE_PB_STD_FORMATS):   run;

NOTE: PROCEDURE FORMAT used (Total process time):
      real time           0.16 seconds
      cpu time            0.16 seconds
      
NOTE: There were 29272 observations read from the data set WORK.TERMINAL_DTLS.

NOTE: %INCLUDE (level 1) file /sasdata/core_etl/prod/FG/includes/prep_fg_calendar_201213.sas is file 
      /sasdata/core_etl/prod/FG/includes/prep_fg_calendar_201213.sas.
125       +/* FG WEEKS for the fiscal calendar 2012-13 */
126       +
127       +data FG_CALENDAR_2012;
MPRINT(CREATE_PB_STD_FORMATS):   data FG_CALENDAR_2012;
128       +	activity_date = "01JUL2012"D;
MPRINT(CREATE_PB_STD_FORMATS):   activity_date = "01JUL2012"D;
129       +
130       +	if activity_date = "01JUL2012"D then do;
MPRINT(CREATE_PB_STD_FORMATS):   if activity_date = "01JUL2012"D then do;
131       +		week=1;
MPRINT(CREATE_PB_STD_FORMATS):   week=1;
132       +		output;
MPRINT(CREATE_PB_STD_FORMATS):   output;
133       +	end;
MPRINT(CREATE_PB_STD_FORMATS):   end;
134       +	
135       +	format activity_date date9.;
MPRINT(CREATE_PB_STD_FORMATS):   format activity_date date9.;
136       +
41                                                         The SAS System                              11:39 Monday, January 5, 2015

137       +	DO i = "01JUL2012"D TO "08JUL2012"D;
MPRINT(CREATE_PB_STD_FORMATS):   DO i = "01JUL2012"D TO "08JUL2012"D;
138       +		IF weekday(i) = 2 then start = I;
MPRINT(CREATE_PB_STD_FORMATS):   IF weekday(i) = 2 then start = I;
139       +		CONTINUE;
MPRINT(CREATE_PB_STD_FORMATS):   CONTINUE;
140       +	END;
MPRINT(CREATE_PB_STD_FORMATS):   END;
141       +	end = intnx("WEEK.2", INTNX("YEAR", start, 1, "S"), -1, "E");
MPRINT(CREATE_PB_STD_FORMATS):   end = intnx("WEEK.2", INTNX("YEAR", start, 1, "S"), -1, "E");
142       +
143       +	count = 0;
MPRINT(CREATE_PB_STD_FORMATS):   count = 0;
144       +	week = 1;
MPRINT(CREATE_PB_STD_FORMATS):   week = 1;
145       +	do activity_date = start to end;
MPRINT(CREATE_PB_STD_FORMATS):   do activity_date = start to end;
146       +		count = count + 1;
MPRINT(CREATE_PB_STD_FORMATS):   count = count + 1;
147       +		if mod(count, 7) = 1 then week = week + 1;
MPRINT(CREATE_PB_STD_FORMATS):   if mod(count, 7) = 1 then week = week + 1;
148       +		output;
MPRINT(CREATE_PB_STD_FORMATS):   output;
149       +	end;
MPRINT(CREATE_PB_STD_FORMATS):   end;
150       +	keep activity_date week;
MPRINT(CREATE_PB_STD_FORMATS):   keep activity_date week;
151       +run;
MPRINT(CREATE_PB_STD_FORMATS):   run;

NOTE: Compression was disabled for data set WORK.FG_CALENDAR_2012 because compression overhead would increase the size of the data 
      set.
NOTE: The data set WORK.FG_CALENDAR_2012 has 365 observations and 2 variables.
NOTE: DATA statement used (Total process time):
      real time           0.01 seconds
      cpu time            0.01 seconds
      

152       +
153       +DATA FG_CALENDAR_2012;
MPRINT(CREATE_PB_STD_FORMATS):   DATA FG_CALENDAR_2012;
154       +	RETAIN fmtname "fgwkcurr" type "N";
MPRINT(CREATE_PB_STD_FORMATS):   RETAIN fmtname "fgwkcurr" type "N";
155       +	SET FG_CALENDAR_2012;
MPRINT(CREATE_PB_STD_FORMATS):   SET FG_CALENDAR_2012;
156       +
157       +	START=ACTIVITY_DATE;
MPRINT(CREATE_PB_STD_FORMATS):   START=ACTIVITY_DATE;
158       +	LABEL = WEEK;
MPRINT(CREATE_PB_STD_FORMATS):   LABEL = WEEK;
159       +run;
MPRINT(CREATE_PB_STD_FORMATS):   run;

NOTE: There were 365 observations read from the data set WORK.FG_CALENDAR_2012.
NOTE: The data set WORK.FG_CALENDAR_2012 has 365 observations and 6 variables.
NOTE: Compressing data set WORK.FG_CALENDAR_2012 decreased size by 0.00 percent. 
      Compressed is 3 pages; un-compressed would require 3 pages.
NOTE: DATA statement used (Total process time):
42                                                         The SAS System                              11:39 Monday, January 5, 2015

      real time           0.00 seconds
      cpu time            0.00 seconds
      

160       +
161       +
162       +DATA FG_CALENDAR_2012_C;
MPRINT(CREATE_PB_STD_FORMATS):   DATA FG_CALENDAR_2012_C;
163       +	RETAIN fmtname "fgwkcurrc" type "N";
MPRINT(CREATE_PB_STD_FORMATS):   RETAIN fmtname "fgwkcurrc" type "N";
164       +	SET FG_CALENDAR_2012 (keep=ACTIVITY_DATE WEEK);
MPRINT(CREATE_PB_STD_FORMATS):   SET FG_CALENDAR_2012 (keep=ACTIVITY_DATE WEEK);
165       +
166       +	format label $8.;
MPRINT(CREATE_PB_STD_FORMATS):   format label $8.;
167       +
168       +	START=ACTIVITY_DATE;
MPRINT(CREATE_PB_STD_FORMATS):   START=ACTIVITY_DATE;
169       +
170       +	PREFIX="Wk # ";
MPRINT(CREATE_PB_STD_FORMATS):   PREFIX="Wk # ";
171       +	WEEK_C = strip(put(WEEK, 2.));
MPRINT(CREATE_PB_STD_FORMATS):   WEEK_C = strip(put(WEEK, 2.));
172       +
173       +	LABEL = cats(strip(prefix), strip(week_c));
MPRINT(CREATE_PB_STD_FORMATS):   LABEL = cats(strip(prefix), strip(week_c));
174       +	drop prefix week_c;
MPRINT(CREATE_PB_STD_FORMATS):   drop prefix week_c;
175       +run;
MPRINT(CREATE_PB_STD_FORMATS):   run;

NOTE: There were 365 observations read from the data set WORK.FG_CALENDAR_2012.
NOTE: The data set WORK.FG_CALENDAR_2012_C has 365 observations and 6 variables.
NOTE: Compressing data set WORK.FG_CALENDAR_2012_C decreased size by 0.00 percent. 
      Compressed is 3 pages; un-compressed would require 3 pages.
NOTE: DATA statement used (Total process time):
      real time           0.00 seconds
      cpu time            0.01 seconds
      

176       +
177       +
178       +PROC FORMAT LIBRARY=FORMATS CNTLIN=FG_CALENDAR_2012;
MPRINT(CREATE_PB_STD_FORMATS):   PROC FORMAT LIBRARY=FORMATS CNTLIN=FG_CALENDAR_2012;
NOTE: Format FGWKCURR has been written to FORMATS.FORMATS.
MPRINT(CREATE_PB_STD_FORMATS):   RUN;
179       +RUN;

NOTE: PROCEDURE FORMAT used (Total process time):
      real time           0.00 seconds
      cpu time            0.00 seconds
      
NOTE: There were 365 observations read from the data set WORK.FG_CALENDAR_2012.

180       +
181       +
182       +PROC FORMAT LIBRARY=FORMATS CNTLIN=FG_CALENDAR_2012_C;
MPRINT(CREATE_PB_STD_FORMATS):   PROC FORMAT LIBRARY=FORMATS CNTLIN=FG_CALENDAR_2012_C;
43                                                         The SAS System                              11:39 Monday, January 5, 2015

NOTE: Format FGWKCURRC has been written to FORMATS.FORMATS.
MPRINT(CREATE_PB_STD_FORMATS):   RUN;
183       +RUN;

NOTE: PROCEDURE FORMAT used (Total process time):
      real time           0.00 seconds
      cpu time            0.00 seconds
      
NOTE: There were 365 observations read from the data set WORK.FG_CALENDAR_2012_C.

184       +
185       +	
NOTE: %INCLUDE (level 1) ending.
MPRINT(CREATE_PB_STD_FORMATS):   proc format;
MPRINT(CREATE_PB_STD_FORMATS):   picture custcomma (round) low - 999 = '000' 1000 - 9999 = '0,000' 10000 - 99999 = '00,000' 100000 
- 999999 = '000,000' 1000000 - 9999999 = '0,000,000' 10000000 - 99999999 = '00,000,000' 100000000 - 999999999 = '000,000,000' 
1000000000 - 9999999999 = '0,000,000,000' ;
NOTE: Format CUSTCOMMA has been output.
MPRINT(CREATE_PB_STD_FORMATS):   picture datefmt (default=45) low-high = 'Trans datD: %B %d, %Y %A' (datatype=date);
NOTE: Format DATEFMT has been output.
MPRINT(CREATE_PB_STD_FORMATS):   run;

NOTE: PROCEDURE FORMAT used (Total process time):
      real time           0.00 seconds
      cpu time            0.00 seconds
      

MPRINT(CREATE_PB_STD_FORMATS):   PROC FORMAT library=formats;
MPRINT(CREATE_PB_STD_FORMATS):   PICTURE dt2yrmon (default=10) other='%b%Y' (DATATYPE=DATETIME);
NOTE: Format DT2YRMON has been written to FORMATS.FORMATS.
MPRINT(CREATE_PB_STD_FORMATS):   quit;

NOTE: PROCEDURE FORMAT used (Total process time):
      real time           0.00 seconds
      cpu time            0.00 seconds
      

MPRINT(CREATE_PB_STD_FORMATS):   PROC FORMAT library=formats;
MPRINT(CREATE_PB_STD_FORMATS):   PICTURE dt2yymmn (default=10) other='%Y%0m' (DATATYPE=DATETIME);
NOTE: Format DT2YYMMN has been written to FORMATS.FORMATS.
MPRINT(CREATE_PB_STD_FORMATS):   quit;

NOTE: PROCEDURE FORMAT used (Total process time):
      real time           0.00 seconds
      cpu time            0.00 seconds
      

MPRINT(CREATE_PB_STD_FORMATS):   PROC FORMAT library=formats;
MPRINT(CREATE_PB_STD_FORMATS):   PICTURE dt2date (default=9) other='%Y%0m%0d' (DATATYPE=DATETIME);
NOTE: Format DT2DATE has been written to FORMATS.FORMATS.
MPRINT(CREATE_PB_STD_FORMATS):   quit;

NOTE: PROCEDURE FORMAT used (Total process time):
      real time           0.00 seconds
      cpu time            0.01 seconds
      

MPRINT(CREATE_PB_STD_FORMATS):   proc sort data = DWHLIB.MST_CAMPAIGN_SID_PID_LK OUT=MST_CAMPAIGN_SID_PID_LK;
44                                                         The SAS System                              11:39 Monday, January 5, 2015

MPRINT(CREATE_PB_STD_FORMATS):   by sourced_association_id promo_code_id ;
MPRINT(CREATE_PB_STD_FORMATS):   run;

NOTE: Sorting was performed by the data source.
NOTE: There were 436 observations read from the data set DWHLIB.MST_CAMPAIGN_SID_PID_LK.
NOTE: The data set WORK.MST_CAMPAIGN_SID_PID_LK has 436 observations and 6 variables.
NOTE: Compressing data set WORK.MST_CAMPAIGN_SID_PID_LK decreased size by 77.78 percent. 
      Compressed is 2 pages; un-compressed would require 9 pages.
NOTE: PROCEDURE SORT used (Total process time):
      real time           0.10 seconds
      cpu time            0.00 seconds
      

MPRINT(CREATE_PB_STD_FORMATS):   proc sort data = MST_CAMPAIGN_SID_PID_LK nodupkey;
MPRINT(CREATE_PB_STD_FORMATS):   by sourced_association_id promo_code_id;
MPRINT(CREATE_PB_STD_FORMATS):   run;

NOTE: There were 436 observations read from the data set WORK.MST_CAMPAIGN_SID_PID_LK.
NOTE: 0 observations with duplicate key values were deleted.
NOTE: The data set WORK.MST_CAMPAIGN_SID_PID_LK has 436 observations and 6 variables.
NOTE: Compressing data set WORK.MST_CAMPAIGN_SID_PID_LK decreased size by 77.78 percent. 
      Compressed is 2 pages; un-compressed would require 9 pages.
NOTE: PROCEDURE SORT used (Total process time):
      real time           0.01 seconds
      cpu time            0.01 seconds
      

MPRINT(CREATE_PB_STD_FORMATS):   DATA fmt_CAMPAIGN_SID_PID_LK;
MPRINT(CREATE_PB_STD_FORMATS):   RETAIN fmtname 'ENRCMPGN' type 'N';
MPRINT(CREATE_PB_STD_FORMATS):   SET MST_CAMPAIGN_SID_PID_LK;
MPRINT(CREATE_PB_STD_FORMATS):   start = SUM(sourced_association_id*1000, promo_code_id);
MPRINT(CREATE_PB_STD_FORMATS):   LABEL = strip(upcase(MARKETING_DESC));
MPRINT(CREATE_PB_STD_FORMATS):   run;

NOTE: There were 436 observations read from the data set WORK.MST_CAMPAIGN_SID_PID_LK.
NOTE: The data set WORK.FMT_CAMPAIGN_SID_PID_LK has 436 observations and 10 variables.
NOTE: Compressing data set WORK.FMT_CAMPAIGN_SID_PID_LK decreased size by 80.00 percent. 
      Compressed is 2 pages; un-compressed would require 10 pages.
NOTE: DATA statement used (Total process time):
      real time           0.01 seconds
      cpu time            0.00 seconds
      

MPRINT(CREATE_PB_STD_FORMATS):   proc format library=FORMATS CNTLIN=fmt_CAMPAIGN_SID_PID_LK;
NOTE: Format ENRCMPGN has been written to FORMATS.FORMATS.
MPRINT(CREATE_PB_STD_FORMATS):   quit;

NOTE: There were 436 observations read from the data set WORK.FMT_CAMPAIGN_SID_PID_LK.
NOTE: PROCEDURE FORMAT used (Total process time):
      real time           0.00 seconds
      cpu time            0.00 seconds
      

MPRINT(CREATE_PB_STD_FORMATS):   run;
NOTE: %INCLUDE (level 1) file /sasdata/core_etl/prod/sas/includes/create_std_date_vars_inc.sas is file 
      /sasdata/core_etl/prod/sas/includes/create_std_date_vars_inc.sas.
186       +/************************************************************************
187       +*       Program      :  create_std_date_vars_inc.sas                    *
45                                                         The SAS System                              11:39 Monday, January 5, 2015

188       +*                                                                       *
189       +*                                                                       *
190       +*       Owner        : Analytics, LSRPL                                 *
191       +*                                                                       *
192       +*       Author       :  LSRL/273, AMR                                   *
193       +*                                                                       *
194       +*       Input        :                                                  *
195       +*                                                                       *
196       +*                                                                       *
197       +*                                                                       *
198       +*       Output       :                                                  *
199       +*                                                                       *
200       +*                                                                       *
201       +*                                                                       *
202       +*       Dependencies :                                                  *
203       +*                                                                       *
204       +*       Description  :                                                  *
205       +*                                                                       *
206       +*                                                                       *
207       +*       Usage        :                                                  *
208       +*                                                                       *
209       +*                                                                       *
210       +*                                                                       *
211       +*                                                                       *
212       +*       History      :                                                  *
213       +*       (Analyst)     (Date)    (Changes)                               *
214       +*                                                                       *
215       +************************************************************************/
216       +
217       +%global
218       +	ST_1MTH_DATE
219       +	ST_3MTH_DATE
220       +	ST_6MTH_DATE
221       +	ST_12MTH_DATE
222       +
223       +	BEG_1MTH_DATE
224       +	BEG_3MTH_DATE
225       +	BEG_6MTH_DATE
226       +	BEG_12MTH_DATE
227       +
228       +	EOM_1MTH_DATE
229       +	EOM_3MTH_DATE
230       +	EOM_6MTH_DATE
231       +	EOM_12MTH_DATE
232       +;
233       +
234       +data _null_;
MPRINT(CREATE_PB_STD_FORMATS):   data _null_;
235       +
236       +	call symput("ST_1MTH_DATE", put(intnx("MONTH", "&RUNDATE."D, -1, "S"), DATE9.));
SYMBOLGEN:  Macro variable RUNDATE resolves to 05JAN2015
MPRINT(CREATE_PB_STD_FORMATS):   call symput("ST_1MTH_DATE", put(intnx("MONTH", "05JAN2015"D, -1, "S"), DATE9.));
237       +	call symput("ST_3MTH_DATE", put(intnx("MONTH", "&RUNDATE."D, -3, "S"), DATE9.));
SYMBOLGEN:  Macro variable RUNDATE resolves to 05JAN2015
MPRINT(CREATE_PB_STD_FORMATS):   call symput("ST_3MTH_DATE", put(intnx("MONTH", "05JAN2015"D, -3, "S"), DATE9.));
238       +	call symput("ST_6MTH_DATE", put(intnx("MONTH", "&RUNDATE."D, -6, "S"), DATE9.));
SYMBOLGEN:  Macro variable RUNDATE resolves to 05JAN2015
MPRINT(CREATE_PB_STD_FORMATS):   call symput("ST_6MTH_DATE", put(intnx("MONTH", "05JAN2015"D, -6, "S"), DATE9.));
46                                                         The SAS System                              11:39 Monday, January 5, 2015

239       +	call symput("ST_12MTH_DATE", put(intnx("MONTH", "&RUNDATE."D, -12, "S"), DATE9.));
SYMBOLGEN:  Macro variable RUNDATE resolves to 05JAN2015
MPRINT(CREATE_PB_STD_FORMATS):   call symput("ST_12MTH_DATE", put(intnx("MONTH", "05JAN2015"D, -12, "S"), DATE9.));
240       +
241       +	call symput("BEG_1MTH_DATE", put(intnx("MONTH", "&RUNDATE."D, -1, "B"), DATE9.));
SYMBOLGEN:  Macro variable RUNDATE resolves to 05JAN2015
MPRINT(CREATE_PB_STD_FORMATS):   call symput("BEG_1MTH_DATE", put(intnx("MONTH", "05JAN2015"D, -1, "B"), DATE9.));
242       +	call symput("BEG_3MTH_DATE", put(intnx("MONTH", "&RUNDATE."D, -3, "B"), DATE9.));
SYMBOLGEN:  Macro variable RUNDATE resolves to 05JAN2015
MPRINT(CREATE_PB_STD_FORMATS):   call symput("BEG_3MTH_DATE", put(intnx("MONTH", "05JAN2015"D, -3, "B"), DATE9.));
243       +	call symput("BEG_6MTH_DATE", put(intnx("MONTH", "&RUNDATE."D, -6, "B"), DATE9.));
SYMBOLGEN:  Macro variable RUNDATE resolves to 05JAN2015
MPRINT(CREATE_PB_STD_FORMATS):   call symput("BEG_6MTH_DATE", put(intnx("MONTH", "05JAN2015"D, -6, "B"), DATE9.));
244       +	call symput("BEG_12MTH_DATE", put(intnx("MONTH", "&RUNDATE."D, -12, "B"), DATE9.));
SYMBOLGEN:  Macro variable RUNDATE resolves to 05JAN2015
MPRINT(CREATE_PB_STD_FORMATS):   call symput("BEG_12MTH_DATE", put(intnx("MONTH", "05JAN2015"D, -12, "B"), DATE9.));
245       +
246       +	call symput("EOM_1MTH_DATE", put(intnx("MONTH", "&RUNDATE."D, -1, "E"), DATE9.));
SYMBOLGEN:  Macro variable RUNDATE resolves to 05JAN2015
MPRINT(CREATE_PB_STD_FORMATS):   call symput("EOM_1MTH_DATE", put(intnx("MONTH", "05JAN2015"D, -1, "E"), DATE9.));
247       +	call symput("EOM_3MTH_DATE", put(intnx("MONTH", "&RUNDATE."D, -3, "E"), DATE9.));
SYMBOLGEN:  Macro variable RUNDATE resolves to 05JAN2015
MPRINT(CREATE_PB_STD_FORMATS):   call symput("EOM_3MTH_DATE", put(intnx("MONTH", "05JAN2015"D, -3, "E"), DATE9.));
248       +	call symput("EOM_6MTH_DATE", put(intnx("MONTH", "&RUNDATE."D, -6, "E"), DATE9.));
SYMBOLGEN:  Macro variable RUNDATE resolves to 05JAN2015
MPRINT(CREATE_PB_STD_FORMATS):   call symput("EOM_6MTH_DATE", put(intnx("MONTH", "05JAN2015"D, -6, "E"), DATE9.));
249       +	call symput("EOM_12MTH_DATE", put(intnx("MONTH", "&RUNDATE."D, -12, "E"), DATE9.));
SYMBOLGEN:  Macro variable RUNDATE resolves to 05JAN2015
MPRINT(CREATE_PB_STD_FORMATS):   call symput("EOM_12MTH_DATE", put(intnx("MONTH", "05JAN2015"D, -12, "E"), DATE9.));
250       +run;
MPRINT(CREATE_PB_STD_FORMATS):   run;

NOTE: DATA statement used (Total process time):
      real time           0.00 seconds
      cpu time            0.01 seconds
      

SYMBOLGEN:  Macro variable ST_1MTH_DATE resolves to 05DEC2014
251       +
252       +%put Same time last month (moving 1 month window): &st_1mth_date.;
Same time last month (moving 1 month window): 05DEC2014
253       +%put Same time in last 3 months (moving 3 months window): &st_3mth_date.;
SYMBOLGEN:  Macro variable ST_3MTH_DATE resolves to 05OCT2014
Same time in last 3 months (moving 3 months window): 05OCT2014
254       +%put Same time in last 6 months (moving 6 months window): &st_6mth_date.;
SYMBOLGEN:  Macro variable ST_6MTH_DATE resolves to 05JUL2014
Same time in last 6 months (moving 6 months window): 05JUL2014
255       +%put Same time in last 12 months (moving 12 months window): &st_12mth_date.;
SYMBOLGEN:  Macro variable ST_12MTH_DATE resolves to 05JAN2014
Same time in last 12 months (moving 12 months window): 05JAN2014
256       +
257       +%put Prev 1 month cut-off date (Beginning of last month): &BEG_1MTH_DATE.;
SYMBOLGEN:  Macro variable BEG_1MTH_DATE resolves to 01DEC2014
Prev 1 month cut-off date (Beginning of last month): 01DEC2014
258       +%put Prev 3 months cut-off date (Beginning of last 3 months): &BEG_3MTH_DATE.;
SYMBOLGEN:  Macro variable BEG_3MTH_DATE resolves to 01OCT2014
Prev 3 months cut-off date (Beginning of last 3 months): 01OCT2014
259       +%put Prev 6 months cut-off date (Beginning of last 6 months): &BEG_6MTH_DATE.;
47                                                         The SAS System                              11:39 Monday, January 5, 2015

SYMBOLGEN:  Macro variable BEG_6MTH_DATE resolves to 01JUL2014
Prev 6 months cut-off date (Beginning of last 6 months): 01JUL2014
260       +%put Prev 12 months cut-off date (Beginning of last 12 months): &BEG_12MTH_DATE.;
SYMBOLGEN:  Macro variable BEG_12MTH_DATE resolves to 01JAN2014
Prev 12 months cut-off date (Beginning of last 12 months): 01JAN2014
261       +
262       +%put Prev 1 month cut-off date (End of last month): &EOM_1MTH_DATE.;
SYMBOLGEN:  Macro variable EOM_1MTH_DATE resolves to 31DEC2014
Prev 1 month cut-off date (End of last month): 31DEC2014
263       +%put Prev 3 months cut-off date (End of last 3 months): &EOM_3MTH_DATE.;
SYMBOLGEN:  Macro variable EOM_3MTH_DATE resolves to 31OCT2014
Prev 3 months cut-off date (End of last 3 months): 31OCT2014
264       +%put Prev 6 months cut-off date (End of last 6 months): &EOM_6MTH_DATE.;
SYMBOLGEN:  Macro variable EOM_6MTH_DATE resolves to 31JUL2014
Prev 6 months cut-off date (End of last 6 months): 31JUL2014
265       +%put Prev 12 months cut-off date (End of last 12 months): &EOM_12MTH_DATE.;
SYMBOLGEN:  Macro variable EOM_12MTH_DATE resolves to 31JAN2014
Prev 12 months cut-off date (End of last 12 months): 31JAN2014
NOTE: %INCLUDE (level 1) ending.
NOTE: %INCLUDE (level 1) file /sasdata/core_etl/prod/FG/includes/prep_fg_top_cities_fmt.sas is file 
      /sasdata/core_etl/prod/FG/includes/prep_fg_top_cities_fmt.sas.
266       +/************************************************************************
267       +*       Program      : prep_fg_top_cities_fmt.sas                       *
268       +*                                                                       *
269       +*                                                                       *
270       +*       Owner        : Analytics, LSRPL                                 *
271       +*                                                                       *
272       +*       Author       :                                                  *
273       +*                                                                       *
274       +*       Input        :                                                  *
275       +*                                                                       *
276       +*                                                                       *
277       +*                                                                       *
278       +*       Output       :                                                  *
279       +*                                                                       *
280       +*                                                                       *
281       +*                                                                       *
282       +*       Dependencies :                                                  *
283       +*                                                                       *
284       +*       Description  :                                                  *
285       +*                                                                       *
286       +*                                                                       *
287       +*       Usage        :                                                  *
288       +*                                                                       *
289       +*                                                                       *
290       +*                                                                       *
291       +*                                                                       *
292       +*       History      :                                                  *
293       +*       (Analyst)     (Date)    (Changes)                               *
294       +*        LSRL/273   15MAY2013   Changed of source data to read          *
295       +*                               SASMART.MLY_FG_SUMM_BY_FORMAT_MONTH     *
296       +*                               (C0001)                                 *
297       +*        LSRL/273   15MAY2013   Changed to rank performance by          *
298       +*                               transaction_type_id from                *
299       +*                               activity_action_id (C0002)              *
300       +************************************************************************/
301       +
302       +options mprint mlogic symbolgen;
48                                                         The SAS System                              11:39 Monday, January 5, 2015

MPRINT(CREATE_PB_STD_FORMATS):   options mprint mlogic symbolgen;
302      !+                                
303       +
304       +data _null_;
MPRINT(CREATE_PB_STD_FORMATS):   data _null_;
305       +	call symput("MTH_CODE_1Mth", put("&BEG_1MTH_DATE"d, yymmn6.));
SYMBOLGEN:  Macro variable BEG_1MTH_DATE resolves to 01DEC2014
MPRINT(CREATE_PB_STD_FORMATS):   call symput("MTH_CODE_1Mth", put("01DEC2014"d, yymmn6.));
306       +	call symput("MTH_CODE_3Mth", put("&BEG_3MTH_DATE"d, yymmn6.));
SYMBOLGEN:  Macro variable BEG_3MTH_DATE resolves to 01OCT2014
MPRINT(CREATE_PB_STD_FORMATS):   call symput("MTH_CODE_3Mth", put("01OCT2014"d, yymmn6.));
307       +	call symput("MTH_CODE_6Mth", put("&BEG_6MTH_DATE"d, yymmn6.));
SYMBOLGEN:  Macro variable BEG_6MTH_DATE resolves to 01JUL2014
MPRINT(CREATE_PB_STD_FORMATS):   call symput("MTH_CODE_6Mth", put("01JUL2014"d, yymmn6.));
308       +	call symput("MTH_CODE_12Mth", put("&BEG_12MTH_DATE"d, yymmn6.));
SYMBOLGEN:  Macro variable BEG_12MTH_DATE resolves to 01JAN2014
MPRINT(CREATE_PB_STD_FORMATS):   call symput("MTH_CODE_12Mth", put("01JAN2014"d, yymmn6.));
309       +run;
MPRINT(CREATE_PB_STD_FORMATS):   run;

NOTE: DATA statement used (Total process time):
      real time           0.00 seconds
      cpu time            0.00 seconds
      

SYMBOLGEN:  Macro variable MTH_CODE_1MTH resolves to 201412
309      !+    
310       +
311       +%put Month code 1 mth: &mth_code_1mth.;
Month code 1 mth: 201412
312       +%put Month code 3 mth: &mth_code_3mth.;
SYMBOLGEN:  Macro variable MTH_CODE_3MTH resolves to 201410
Month code 3 mth: 201410
313       +%put Month code 6 mth: &mth_code_6mth.;
SYMBOLGEN:  Macro variable MTH_CODE_6MTH resolves to 201407
Month code 6 mth: 201407
314       +%put Month code 12 mth: &mth_code_12mth.;
SYMBOLGEN:  Macro variable MTH_CODE_12MTH resolves to 201401
Month code 12 mth: 201401
315       +
316       +proc format;
MPRINT(CREATE_PB_STD_FORMATS):   proc format;
316      !+            
317       +	
317      !+ value txnid2typ 
318       +	8,295 = "EARN"
319       +	6,294 = "BURN"
320       +	;
MPRINT(CREATE_PB_STD_FORMATS):   value txnid2typ 8,295 = "EARN" 6,294 = "BURN" ;
NOTE: Format TXNID2TYP has been output.
MPRINT(CREATE_PB_STD_FORMATS):   RUN;
320      !+  
321       +RUN;

NOTE: PROCEDURE FORMAT used (Total process time):
      real time           0.00 seconds
      cpu time            0.00 seconds
      
49                                                         The SAS System                              11:39 Monday, January 5, 2015

321      !+    

322       +quit;
MPRINT(CREATE_PB_STD_FORMATS):   quit;
323       +
324       +
325       +data work.Fg_summ_by_format_by_month / view=work.Fg_summ_by_format_by_month;
MPRINT(CREATE_PB_STD_FORMATS):   data work.Fg_summ_by_format_by_month / view=work.Fg_summ_by_format_by_month;
326       +	/* C0001 */
327       +	set sasmart.Mly_fg_summ_by_format_month;
MPRINT(CREATE_PB_STD_FORMATS):   set sasmart.Mly_fg_summ_by_format_month;
328       +	
329       +	branch_city = put(strip(branch_id), $fgstr2cy.);
MPRINT(CREATE_PB_STD_FORMATS):   branch_city = put(strip(branch_id), $fgstr2cy.);
330       +run;
MPRINT(CREATE_PB_STD_FORMATS):   run;

NOTE: DATA STEP view saved on file WORK.FG_SUMM_BY_FORMAT_BY_MONTH.
NOTE: A stored DATA STEP view cannot run under a different operating system.
NOTE: DATA statement used (Total process time):
      real time           0.04 seconds
      cpu time            0.01 seconds
      

330      !+    
331       +
332       +proc summary data=work.Fg_summ_by_format_by_month(
333       +	keep=
334       +		month_code 
335       +		transaction_type_id /* C0002 */
336       +		branch_city 
337       +		p_commercial_name
338       +		uniq_mem_count_mly
339       +		tot_mly_activity_count
340       +		tot_mly_points
341       +		tot_mly_value
342       +	) nway
343       +;
MPRINT(CREATE_PB_STD_FORMATS):   proc summary data=work.Fg_summ_by_format_by_month( keep= month_code transaction_type_id 
branch_city p_commercial_name uniq_mem_count_mly tot_mly_activity_count tot_mly_points tot_mly_value ) nway ;
344       +	where
345       +		month_code >= "&MTH_CODE_1Mth."
SYMBOLGEN:  Macro variable MTH_CODE_1MTH resolves to 201412
346       +	;
MPRINT(CREATE_PB_STD_FORMATS):   where month_code >= "201412" ;
347       +
348       +	class
349       +		transaction_type_id
350       +		branch_city
351       +		p_commercial_name
352       +	;
MPRINT(CREATE_PB_STD_FORMATS):   class transaction_type_id branch_city p_commercial_name ;
353       +
354       +	FORMAT transaction_type_id txnid2typ.;
MPRINT(CREATE_PB_STD_FORMATS):   FORMAT transaction_type_id txnid2typ.;
355       +
356       +	var
357       +		uniq_mem_count_mly
50                                                         The SAS System                              11:39 Monday, January 5, 2015

358       +		tot_mly_activity_count
359       +		tot_mly_points
360       +		tot_mly_value
361       +	;
MPRINT(CREATE_PB_STD_FORMATS):   var uniq_mem_count_mly tot_mly_activity_count tot_mly_points tot_mly_value ;
362       +
363       +	output out=
364       +		fg_1mth_top_citylist_by_fmt_e (where=(transaction_type_id in (8,295)) drop=_type_ _freq_) /* C0002 */
365       +			sum(uniq_mem_count_mly) = tot_1mth_earn_uniq_memcount
366       +			sum(tot_mly_activity_count) = tot_1mth_earn_actcount
367       +			sum(tot_mly_points) = tot_1mth_earn_points
368       +			sum(tot_mly_value) = tot_1mth_earn_value
369       +	;
MPRINT(CREATE_PB_STD_FORMATS):   output out= fg_1mth_top_citylist_by_fmt_e (where=(transaction_type_id in (8,295)) drop=_type_ 
_freq_) sum(uniq_mem_count_mly) = tot_1mth_earn_uniq_memcount sum(tot_mly_activity_count) = tot_1mth_earn_actcount 
sum(tot_mly_points) = tot_1mth_earn_points sum(tot_mly_value) = tot_1mth_earn_value ;
370       +	output out=
371       +		fg_1mth_top_citylist_by_fmt_b (where=(transaction_type_id in (6,294)) drop=_type_ _freq_) /* C0002 */
372       +			sum(uniq_mem_count_mly) = tot_1mth_burn_uniq_memcount
373       +			sum(tot_mly_activity_count) = tot_1mth_burn_actcount
374       +			sum(tot_mly_points) = tot_1mth_burn_points
375       +			sum(tot_mly_value) = tot_1mth_burn_value
376       +	;
MPRINT(CREATE_PB_STD_FORMATS):   output out= fg_1mth_top_citylist_by_fmt_b (where=(transaction_type_id in (6,294)) drop=_type_ 
_freq_) sum(uniq_mem_count_mly) = tot_1mth_burn_uniq_memcount sum(tot_mly_activity_count) = tot_1mth_burn_actcount 
sum(tot_mly_points) = tot_1mth_burn_points sum(tot_mly_value) = tot_1mth_burn_value ;
377       +run;
MPRINT(CREATE_PB_STD_FORMATS):   run;

NOTE: No observations were selected from data set WORK.FG_SUMM_BY_FORMAT_BY_MONTH.
NOTE: View WORK.FG_SUMM_BY_FORMAT_BY_MONTH.VIEW used (Total process time):
      real time           16.76 seconds
      cpu time            15.49 seconds
      
NOTE: There were 13414714 observations read from the data set SASMART.MLY_FG_SUMM_BY_FORMAT_MONTH.
NOTE: There were 0 observations read from the data set WORK.FG_SUMM_BY_FORMAT_BY_MONTH.
      WHERE month_code>='201412';
NOTE: The data set WORK.FG_1MTH_TOP_CITYLIST_BY_FMT_E has 0 observations and 7 variables.
NOTE: The data set WORK.FG_1MTH_TOP_CITYLIST_BY_FMT_B has 0 observations and 7 variables.
NOTE: PROCEDURE SUMMARY used (Total process time):
      real time           16.80 seconds
      cpu time            15.51 seconds
      

377      !+    
378       +
379       +proc summary data=work.Fg_summ_by_format_by_month(
380       +	keep=
381       +		month_code 
382       +		/* C0002 */
383       +		transaction_type_id
384       +		branch_city 
385       +		p_commercial_name
386       +		uniq_mem_count_mly
387       +		tot_mly_activity_count
388       +		tot_mly_points
389       +		tot_mly_value
390       +	) nway
51                                                         The SAS System                              11:39 Monday, January 5, 2015

391       +;
MPRINT(CREATE_PB_STD_FORMATS):   proc summary data=work.Fg_summ_by_format_by_month( keep= month_code transaction_type_id 
branch_city p_commercial_name uniq_mem_count_mly tot_mly_activity_count tot_mly_points tot_mly_value ) nway ;
392       +	where
393       +		month_code >= "&MTH_CODE_3Mth."
SYMBOLGEN:  Macro variable MTH_CODE_3MTH resolves to 201410
394       +	;
MPRINT(CREATE_PB_STD_FORMATS):   where month_code >= "201410" ;
395       +
396       +	class
397       +		transaction_type_id
398       +		branch_city
399       +		p_commercial_name
400       +	;
MPRINT(CREATE_PB_STD_FORMATS):   class transaction_type_id branch_city p_commercial_name ;
401       +	var
402       +		uniq_mem_count_mly
403       +		tot_mly_activity_count
404       +		tot_mly_points
405       +		tot_mly_value
406       +	;
MPRINT(CREATE_PB_STD_FORMATS):   var uniq_mem_count_mly tot_mly_activity_count tot_mly_points tot_mly_value ;
407       +
408       +	FORMAT transaction_type_id txnid2typ.;
MPRINT(CREATE_PB_STD_FORMATS):   FORMAT transaction_type_id txnid2typ.;
409       +
410       +	output out=
411       +		fg_3mth_top_citylist_by_fmt_e (where=(transaction_type_id in (8,295)) drop=_type_ _freq_) /* C0002 */
412       +			sum(uniq_mem_count_mly) = tot_3mth_earn_uniq_memcount
413       +			sum(tot_mly_activity_count) = tot_3mth_earn_actcount
414       +			sum(tot_mly_points) = tot_3mth_earn_points
415       +			sum(tot_mly_value) = tot_3mth_earn_value
416       +	;
MPRINT(CREATE_PB_STD_FORMATS):   output out= fg_3mth_top_citylist_by_fmt_e (where=(transaction_type_id in (8,295)) drop=_type_ 
_freq_) sum(uniq_mem_count_mly) = tot_3mth_earn_uniq_memcount sum(tot_mly_activity_count) = tot_3mth_earn_actcount 
sum(tot_mly_points) = tot_3mth_earn_points sum(tot_mly_value) = tot_3mth_earn_value ;
417       +	output out=
418       +		fg_3mth_top_citylist_by_fmt_b (where=(transaction_type_id in (6,294)) drop=_type_ _freq_) /* C0002 */
419       +			sum(uniq_mem_count_mly) = tot_3mth_burn_uniq_memcount
420       +			sum(tot_mly_activity_count) = tot_3mth_burn_actcount
421       +			sum(tot_mly_points) = tot_3mth_burn_points
422       +			sum(tot_mly_value) = tot_3mth_burn_value
423       +	;
MPRINT(CREATE_PB_STD_FORMATS):   output out= fg_3mth_top_citylist_by_fmt_b (where=(transaction_type_id in (6,294)) drop=_type_ 
_freq_) sum(uniq_mem_count_mly) = tot_3mth_burn_uniq_memcount sum(tot_mly_activity_count) = tot_3mth_burn_actcount 
sum(tot_mly_points) = tot_3mth_burn_points sum(tot_mly_value) = tot_3mth_burn_value ;
424       +run;
MPRINT(CREATE_PB_STD_FORMATS):   run;

NOTE: No observations were selected from data set WORK.FG_SUMM_BY_FORMAT_BY_MONTH.
NOTE: View WORK.FG_SUMM_BY_FORMAT_BY_MONTH.VIEW used (Total process time):
      real time           9.25 seconds
      cpu time            9.25 seconds
      
NOTE: There were 13414714 observations read from the data set SASMART.MLY_FG_SUMM_BY_FORMAT_MONTH.
NOTE: There were 0 observations read from the data set WORK.FG_SUMM_BY_FORMAT_BY_MONTH.
      WHERE month_code>='201410';
NOTE: The data set WORK.FG_3MTH_TOP_CITYLIST_BY_FMT_E has 0 observations and 7 variables.
52                                                         The SAS System                              11:39 Monday, January 5, 2015

NOTE: The data set WORK.FG_3MTH_TOP_CITYLIST_BY_FMT_B has 0 observations and 7 variables.
NOTE: PROCEDURE SUMMARY used (Total process time):
      real time           9.26 seconds
      cpu time            9.25 seconds
      

424      !+    
425       +
426       +proc summary data=work.Fg_summ_by_format_by_month(
427       +	keep=
428       +		month_code 
429       +		/* C0002 */
430       +		transaction_type_id
431       +		branch_city 
432       +		p_commercial_name
433       +		uniq_mem_count_mly
434       +		tot_mly_activity_count
435       +		tot_mly_points
436       +		tot_mly_value
437       +	) nway
438       +;
MPRINT(CREATE_PB_STD_FORMATS):   proc summary data=work.Fg_summ_by_format_by_month( keep= month_code transaction_type_id 
branch_city p_commercial_name uniq_mem_count_mly tot_mly_activity_count tot_mly_points tot_mly_value ) nway ;
439       +	where
440       +		month_code >= "&MTH_CODE_6Mth."
SYMBOLGEN:  Macro variable MTH_CODE_6MTH resolves to 201407
441       +	;
MPRINT(CREATE_PB_STD_FORMATS):   where month_code >= "201407" ;
442       +
443       +	class
444       +		transaction_type_id
445       +		branch_city
446       +		p_commercial_name
447       +	;
MPRINT(CREATE_PB_STD_FORMATS):   class transaction_type_id branch_city p_commercial_name ;
448       +	var
449       +		uniq_mem_count_mly
450       +		tot_mly_activity_count
451       +		tot_mly_points
452       +		tot_mly_value
453       +	;
MPRINT(CREATE_PB_STD_FORMATS):   var uniq_mem_count_mly tot_mly_activity_count tot_mly_points tot_mly_value ;
454       +	FORMAT transaction_type_id txnid2typ.;
MPRINT(CREATE_PB_STD_FORMATS):   FORMAT transaction_type_id txnid2typ.;
455       +
456       +	output out=
457       +		fg_6mth_top_citylist_by_fmt_e (where=(transaction_type_id in (8,295)) drop=_type_ _freq_) /* C0002 */
458       +			sum(uniq_mem_count_mly) = tot_6mth_earn_uniq_memcount
459       +			sum(tot_mly_activity_count) = tot_6mth_earn_actcount
460       +			sum(tot_mly_points) = tot_6mth_earn_points
461       +			sum(tot_mly_value) = tot_6mth_earn_value
462       +	;
MPRINT(CREATE_PB_STD_FORMATS):   output out= fg_6mth_top_citylist_by_fmt_e (where=(transaction_type_id in (8,295)) drop=_type_ 
_freq_) sum(uniq_mem_count_mly) = tot_6mth_earn_uniq_memcount sum(tot_mly_activity_count) = tot_6mth_earn_actcount 
sum(tot_mly_points) = tot_6mth_earn_points sum(tot_mly_value) = tot_6mth_earn_value ;
463       +	output out=
464       +		fg_6mth_top_citylist_by_fmt_b (where=(transaction_type_id in (6,294)) drop=_type_ _freq_) /* C0002 */
465       +			sum(uniq_mem_count_mly) = tot_6mth_burn_uniq_memcount
53                                                         The SAS System                              11:39 Monday, January 5, 2015

466       +			sum(tot_mly_activity_count) = tot_6mth_burn_actcount
467       +			sum(tot_mly_points) = tot_6mth_burn_points
468       +			sum(tot_mly_value) = tot_6mth_burn_value
469       +	;
MPRINT(CREATE_PB_STD_FORMATS):   output out= fg_6mth_top_citylist_by_fmt_b (where=(transaction_type_id in (6,294)) drop=_type_ 
_freq_) sum(uniq_mem_count_mly) = tot_6mth_burn_uniq_memcount sum(tot_mly_activity_count) = tot_6mth_burn_actcount 
sum(tot_mly_points) = tot_6mth_burn_points sum(tot_mly_value) = tot_6mth_burn_value ;
470       +run;
MPRINT(CREATE_PB_STD_FORMATS):   run;

NOTE: No observations were selected from data set WORK.FG_SUMM_BY_FORMAT_BY_MONTH.
NOTE: View WORK.FG_SUMM_BY_FORMAT_BY_MONTH.VIEW used (Total process time):
      real time           9.08 seconds
      cpu time            9.09 seconds
      
NOTE: There were 13414714 observations read from the data set SASMART.MLY_FG_SUMM_BY_FORMAT_MONTH.
NOTE: There were 0 observations read from the data set WORK.FG_SUMM_BY_FORMAT_BY_MONTH.
      WHERE month_code>='201407';
NOTE: The data set WORK.FG_6MTH_TOP_CITYLIST_BY_FMT_E has 0 observations and 7 variables.
NOTE: The data set WORK.FG_6MTH_TOP_CITYLIST_BY_FMT_B has 0 observations and 7 variables.
NOTE: PROCEDURE SUMMARY used (Total process time):
      real time           9.09 seconds
      cpu time            9.09 seconds
      

470      !+    
471       +		
472       +proc summary data=work.Fg_summ_by_format_by_month(
473       +	keep=
474       +		month_code 
475       +		/* C0002 */
476       +		transaction_type_id
477       +		branch_city 
478       +		p_commercial_name
479       +		uniq_mem_count_mly
480       +		tot_mly_activity_count
481       +		tot_mly_points
482       +		tot_mly_value
483       +	) nway
484       +;
MPRINT(CREATE_PB_STD_FORMATS):   proc summary data=work.Fg_summ_by_format_by_month( keep= month_code transaction_type_id 
branch_city p_commercial_name uniq_mem_count_mly tot_mly_activity_count tot_mly_points tot_mly_value ) nway ;
485       +	where
486       +		month_code >= "&MTH_CODE_12Mth."
SYMBOLGEN:  Macro variable MTH_CODE_12MTH resolves to 201401
487       +	;
MPRINT(CREATE_PB_STD_FORMATS):   where month_code >= "201401" ;
488       +
489       +	class
490       +		transaction_type_id
491       +		branch_city
492       +		p_commercial_name
493       +	;
MPRINT(CREATE_PB_STD_FORMATS):   class transaction_type_id branch_city p_commercial_name ;
494       +
495       +	FORMAT transaction_type_id txnid2typ.;
MPRINT(CREATE_PB_STD_FORMATS):   FORMAT transaction_type_id txnid2typ.;
496       +
54                                                         The SAS System                              11:39 Monday, January 5, 2015

497       +	var
498       +		uniq_mem_count_mly
499       +		tot_mly_activity_count
500       +		tot_mly_points
501       +		tot_mly_value
502       +	;
MPRINT(CREATE_PB_STD_FORMATS):   var uniq_mem_count_mly tot_mly_activity_count tot_mly_points tot_mly_value ;
503       +	output out=
504       +		fg_12mth_top_citylist_by_fmt_e (where=(transaction_type_id in (8,295)) drop=_type_ _freq_) /* C0002 */
505       +			sum(uniq_mem_count_mly) = tot_12mth_earn_uniq_memcount
506       +			sum(tot_mly_activity_count) = tot_12mth_earn_actcount
507       +			sum(tot_mly_points) = tot_12mth_earn_points
508       +			sum(tot_mly_value) = tot_12mth_earn_value
509       +	;			
MPRINT(CREATE_PB_STD_FORMATS):   output out= fg_12mth_top_citylist_by_fmt_e (where=(transaction_type_id in (8,295)) drop=_type_ 
_freq_) sum(uniq_mem_count_mly) = tot_12mth_earn_uniq_memcount sum(tot_mly_activity_count) = tot_12mth_earn_actcount 
sum(tot_mly_points) = tot_12mth_earn_points sum(tot_mly_value) = tot_12mth_earn_value ;
510       +	output out=
511       +		fg_12mth_top_citylist_by_fmt_b (where=(transaction_type_id in (6,294)) drop=_type_ _freq_) /* C0002 */
512       +			sum(uniq_mem_count_mly) = tot_12mth_burn_uniq_memcount
513       +			sum(tot_mly_activity_count) = tot_12mth_burn_actcount
514       +			sum(tot_mly_points) = tot_12mth_burn_points
515       +			sum(tot_mly_value) = tot_12mth_burn_value
516       +	;
MPRINT(CREATE_PB_STD_FORMATS):   output out= fg_12mth_top_citylist_by_fmt_b (where=(transaction_type_id in (6,294)) drop=_type_ 
_freq_) sum(uniq_mem_count_mly) = tot_12mth_burn_uniq_memcount sum(tot_mly_activity_count) = tot_12mth_burn_actcount 
sum(tot_mly_points) = tot_12mth_burn_points sum(tot_mly_value) = tot_12mth_burn_value ;
517       +run;
MPRINT(CREATE_PB_STD_FORMATS):   run;

NOTE: View WORK.FG_SUMM_BY_FORMAT_BY_MONTH.VIEW used (Total process time):
      real time           10.69 seconds
      cpu time            11.19 seconds
      
NOTE: There were 13414714 observations read from the data set SASMART.MLY_FG_SUMM_BY_FORMAT_MONTH.
NOTE: There were 1297261 observations read from the data set WORK.FG_SUMM_BY_FORMAT_BY_MONTH.
      WHERE month_code>='201401';
NOTE: The data set WORK.FG_12MTH_TOP_CITYLIST_BY_FMT_E has 282 observations and 7 variables.
NOTE: Compressing data set WORK.FG_12MTH_TOP_CITYLIST_BY_FMT_E decreased size by 25.00 percent. 
      Compressed is 3 pages; un-compressed would require 4 pages.
NOTE: The data set WORK.FG_12MTH_TOP_CITYLIST_BY_FMT_B has 254 observations and 7 variables.
NOTE: Compressing data set WORK.FG_12MTH_TOP_CITYLIST_BY_FMT_B decreased size by 0.00 percent. 
      Compressed is 3 pages; un-compressed would require 3 pages.
NOTE: PROCEDURE SUMMARY used (Total process time):
      real time           10.69 seconds
      cpu time            11.19 seconds
      

517      !+    
518       +
519       +/* PTD summary */
520       +
521       +DATA work.Fg_summ_by_format_PTD;
MPRINT(CREATE_PB_STD_FORMATS):   DATA work.Fg_summ_by_format_PTD;
522       +	set SASMART.Mly_fg_summ_format_ptd;
MPRINT(CREATE_PB_STD_FORMATS):   set SASMART.Mly_fg_summ_format_ptd;
523       +
524       +	BRANCH_city = PUT(strip(branch_id), $fgstr2cy.);
55                                                         The SAS System                              11:39 Monday, January 5, 2015

MPRINT(CREATE_PB_STD_FORMATS):   BRANCH_city = PUT(strip(branch_id), $fgstr2cy.);
525       +RUN;
MPRINT(CREATE_PB_STD_FORMATS):   RUN;

NOTE: There were 2751736 observations read from the data set SASMART.MLY_FG_SUMM_FORMAT_PTD.
NOTE: The data set WORK.FG_SUMM_BY_FORMAT_PTD has 2751736 observations and 12 variables.
NOTE: Compressing data set WORK.FG_SUMM_BY_FORMAT_PTD decreased size by 28.95 percent. 
      Compressed is 31035 pages; un-compressed would require 43679 pages.
NOTE: DATA statement used (Total process time):
      real time           12.20 seconds
      cpu time            9.01 seconds
      

525      !+    
526       +
527       +proc summary data=work.Fg_summ_by_format_PTD(
528       +	keep=
529       +		/* C0002 */
530       +		transaction_type_id
531       +		branch_city 
532       +		p_commercial_name
533       +		uniq_mem_count_ptd
534       +		tot_ptd_activity_count
535       +		tot_ptd_points
536       +		tot_ptd_value
537       +	) nway
538       +;
MPRINT(CREATE_PB_STD_FORMATS):   proc summary data=work.Fg_summ_by_format_PTD( keep= transaction_type_id branch_city 
p_commercial_name uniq_mem_count_ptd tot_ptd_activity_count tot_ptd_points tot_ptd_value ) nway ;
539       +
540       +	class
541       +		transaction_type_id
542       +		branch_city
543       +		p_commercial_name
544       +	;
MPRINT(CREATE_PB_STD_FORMATS):   class transaction_type_id branch_city p_commercial_name ;
545       +
546       +	FORMAT transaction_type_id txnid2typ.;
MPRINT(CREATE_PB_STD_FORMATS):   FORMAT transaction_type_id txnid2typ.;
547       +
548       +	var
549       +		uniq_mem_count_ptd
550       +		tot_ptd_activity_count
551       +		tot_ptd_points
552       +		tot_ptd_value
553       +	;
MPRINT(CREATE_PB_STD_FORMATS):   var uniq_mem_count_ptd tot_ptd_activity_count tot_ptd_points tot_ptd_value ;
554       +	output out=
555       +		fg_ptd_top_citylist_by_fmt_e (where=(transaction_type_id in (8,295)) drop=_type_ _freq_) /* C0002 */
556       +			sum(uniq_mem_count_ptd) = tot_ptd_earn_uniq_memcount
557       +			sum(tot_ptd_activity_count) = tot_ptd_earn_actcount
558       +			sum(tot_ptd_points) = tot_ptd_earn_points
559       +			sum(tot_ptd_value) = tot_ptd_earn_value
560       +	;			
MPRINT(CREATE_PB_STD_FORMATS):   output out= fg_ptd_top_citylist_by_fmt_e (where=(transaction_type_id in (8,295)) drop=_type_ 
_freq_) sum(uniq_mem_count_ptd) = tot_ptd_earn_uniq_memcount sum(tot_ptd_activity_count) = tot_ptd_earn_actcount 
sum(tot_ptd_points) = tot_ptd_earn_points sum(tot_ptd_value) = tot_ptd_earn_value ;
561       +	output out=
56                                                         The SAS System                              11:39 Monday, January 5, 2015

562       +		fg_ptd_top_citylist_by_fmt_b (where=(transaction_type_id in (6,294)) drop=_type_ _freq_) /* C0002 */
563       +			sum(uniq_mem_count_ptd) = tot_ptd_burn_uniq_memcount
564       +			sum(tot_ptd_activity_count) = tot_ptd_burn_actcount
565       +			sum(tot_ptd_points) = tot_ptd_burn_points
566       +			sum(tot_ptd_value) = tot_ptd_burn_value
567       +	;
MPRINT(CREATE_PB_STD_FORMATS):   output out= fg_ptd_top_citylist_by_fmt_b (where=(transaction_type_id in (6,294)) drop=_type_ 
_freq_) sum(uniq_mem_count_ptd) = tot_ptd_burn_uniq_memcount sum(tot_ptd_activity_count) = tot_ptd_burn_actcount 
sum(tot_ptd_points) = tot_ptd_burn_points sum(tot_ptd_value) = tot_ptd_burn_value ;
568       +run;
MPRINT(CREATE_PB_STD_FORMATS):   run;

NOTE: There were 2751736 observations read from the data set WORK.FG_SUMM_BY_FORMAT_PTD.
NOTE: The data set WORK.FG_PTD_TOP_CITYLIST_BY_FMT_E has 317 observations and 7 variables.
NOTE: Compressing data set WORK.FG_PTD_TOP_CITYLIST_BY_FMT_E decreased size by 0.00 percent. 
      Compressed is 4 pages; un-compressed would require 4 pages.
NOTE: The data set WORK.FG_PTD_TOP_CITYLIST_BY_FMT_B has 282 observations and 7 variables.
NOTE: Compressing data set WORK.FG_PTD_TOP_CITYLIST_BY_FMT_B decreased size by 25.00 percent. 
      Compressed is 3 pages; un-compressed would require 4 pages.
NOTE: PROCEDURE SUMMARY used (Total process time):
      real time           1.55 seconds
      cpu time            2.88 seconds
      

568      !+    
569       +
570       +
571       +
572       +/* Ranking step */
573       +
574       +proc sort data = fg_1mth_top_citylist_by_fmt_e;
MPRINT(CREATE_PB_STD_FORMATS):   proc sort data = fg_1mth_top_citylist_by_fmt_e;
575       +	by
576       +		p_commercial_name 
577       +	;
MPRINT(CREATE_PB_STD_FORMATS):   by p_commercial_name ;
578       +run;
MPRINT(CREATE_PB_STD_FORMATS):   run;

NOTE: Input data set is empty.
NOTE: The data set WORK.FG_1MTH_TOP_CITYLIST_BY_FMT_E has 0 observations and 7 variables.
NOTE: PROCEDURE SORT used (Total process time):
      real time           0.00 seconds
      cpu time            0.01 seconds
      

578      !+    
579       +
580       +proc sort data = fg_1mth_top_citylist_by_fmt_b;
MPRINT(CREATE_PB_STD_FORMATS):   proc sort data = fg_1mth_top_citylist_by_fmt_b;
581       +	by
582       +		p_commercial_name 
583       +	;
MPRINT(CREATE_PB_STD_FORMATS):   by p_commercial_name ;
584       +run;
MPRINT(CREATE_PB_STD_FORMATS):   run;

NOTE: Input data set is empty.
57                                                         The SAS System                              11:39 Monday, January 5, 2015

NOTE: The data set WORK.FG_1MTH_TOP_CITYLIST_BY_FMT_B has 0 observations and 7 variables.
NOTE: PROCEDURE SORT used (Total process time):
      real time           0.00 seconds
      cpu time            0.00 seconds
      

584      !+    
585       +
586       +proc sort data = fg_3mth_top_citylist_by_fmt_e;
MPRINT(CREATE_PB_STD_FORMATS):   proc sort data = fg_3mth_top_citylist_by_fmt_e;
587       +	by
588       +		p_commercial_name 
589       +	;
MPRINT(CREATE_PB_STD_FORMATS):   by p_commercial_name ;
590       +run;
MPRINT(CREATE_PB_STD_FORMATS):   run;

NOTE: Input data set is empty.
NOTE: The data set WORK.FG_3MTH_TOP_CITYLIST_BY_FMT_E has 0 observations and 7 variables.
NOTE: PROCEDURE SORT used (Total process time):
      real time           0.00 seconds
      cpu time            0.00 seconds
      

590      !+    
591       +
592       +proc sort data = fg_3mth_top_citylist_by_fmt_b;
MPRINT(CREATE_PB_STD_FORMATS):   proc sort data = fg_3mth_top_citylist_by_fmt_b;
593       +	by
594       +		p_commercial_name 
595       +	;
MPRINT(CREATE_PB_STD_FORMATS):   by p_commercial_name ;
596       +run;
MPRINT(CREATE_PB_STD_FORMATS):   run;

NOTE: Input data set is empty.
NOTE: The data set WORK.FG_3MTH_TOP_CITYLIST_BY_FMT_B has 0 observations and 7 variables.
NOTE: PROCEDURE SORT used (Total process time):
      real time           0.00 seconds
      cpu time            0.01 seconds
      

596      !+    
597       +
598       +proc sort data = fg_6mth_top_citylist_by_fmt_e;
MPRINT(CREATE_PB_STD_FORMATS):   proc sort data = fg_6mth_top_citylist_by_fmt_e;
599       +	by
600       +		p_commercial_name 
601       +	;
MPRINT(CREATE_PB_STD_FORMATS):   by p_commercial_name ;
602       +run;
MPRINT(CREATE_PB_STD_FORMATS):   run;

NOTE: Input data set is empty.
NOTE: The data set WORK.FG_6MTH_TOP_CITYLIST_BY_FMT_E has 0 observations and 7 variables.
NOTE: PROCEDURE SORT used (Total process time):
      real time           0.00 seconds
      cpu time            0.00 seconds
58                                                         The SAS System                              11:39 Monday, January 5, 2015

      

602      !+    
603       +
604       +proc sort data = fg_6mth_top_citylist_by_fmt_b;
MPRINT(CREATE_PB_STD_FORMATS):   proc sort data = fg_6mth_top_citylist_by_fmt_b;
605       +	by
606       +		p_commercial_name 
607       +	;
MPRINT(CREATE_PB_STD_FORMATS):   by p_commercial_name ;
608       +run;
MPRINT(CREATE_PB_STD_FORMATS):   run;

NOTE: Input data set is empty.
NOTE: The data set WORK.FG_6MTH_TOP_CITYLIST_BY_FMT_B has 0 observations and 7 variables.
NOTE: PROCEDURE SORT used (Total process time):
      real time           0.00 seconds
      cpu time            0.00 seconds
      

608      !+    
609       +
610       +proc sort data = fg_12mth_top_citylist_by_fmt_e;
MPRINT(CREATE_PB_STD_FORMATS):   proc sort data = fg_12mth_top_citylist_by_fmt_e;
611       +	by
612       +		p_commercial_name 
613       +	;
MPRINT(CREATE_PB_STD_FORMATS):   by p_commercial_name ;
614       +run;
MPRINT(CREATE_PB_STD_FORMATS):   run;

NOTE: There were 282 observations read from the data set WORK.FG_12MTH_TOP_CITYLIST_BY_FMT_E.
NOTE: The data set WORK.FG_12MTH_TOP_CITYLIST_BY_FMT_E has 282 observations and 7 variables.
NOTE: Compressing data set WORK.FG_12MTH_TOP_CITYLIST_BY_FMT_E decreased size by 25.00 percent. 
      Compressed is 3 pages; un-compressed would require 4 pages.
NOTE: PROCEDURE SORT used (Total process time):
      real time           0.00 seconds
      cpu time            0.00 seconds
      

614      !+    
615       +
616       +proc sort data = fg_12mth_top_citylist_by_fmt_b;
MPRINT(CREATE_PB_STD_FORMATS):   proc sort data = fg_12mth_top_citylist_by_fmt_b;
617       +	by
618       +		p_commercial_name 
619       +	;
MPRINT(CREATE_PB_STD_FORMATS):   by p_commercial_name ;
620       +run;
MPRINT(CREATE_PB_STD_FORMATS):   run;

NOTE: There were 254 observations read from the data set WORK.FG_12MTH_TOP_CITYLIST_BY_FMT_B.
NOTE: The data set WORK.FG_12MTH_TOP_CITYLIST_BY_FMT_B has 254 observations and 7 variables.
NOTE: Compressing data set WORK.FG_12MTH_TOP_CITYLIST_BY_FMT_B decreased size by 0.00 percent. 
      Compressed is 3 pages; un-compressed would require 3 pages.
NOTE: PROCEDURE SORT used (Total process time):
      real time           0.00 seconds
      cpu time            0.00 seconds
59                                                         The SAS System                              11:39 Monday, January 5, 2015

      

620      !+    
621       +
622       +proc sort data = fg_ptd_top_citylist_by_fmt_e;
MPRINT(CREATE_PB_STD_FORMATS):   proc sort data = fg_ptd_top_citylist_by_fmt_e;
623       +	by
624       +		p_commercial_name 
625       +	;
MPRINT(CREATE_PB_STD_FORMATS):   by p_commercial_name ;
626       +run;
MPRINT(CREATE_PB_STD_FORMATS):   run;

NOTE: There were 317 observations read from the data set WORK.FG_PTD_TOP_CITYLIST_BY_FMT_E.
NOTE: The data set WORK.FG_PTD_TOP_CITYLIST_BY_FMT_E has 317 observations and 7 variables.
NOTE: Compressing data set WORK.FG_PTD_TOP_CITYLIST_BY_FMT_E decreased size by 0.00 percent. 
      Compressed is 4 pages; un-compressed would require 4 pages.
NOTE: PROCEDURE SORT used (Total process time):
      real time           0.00 seconds
      cpu time            0.01 seconds
      

626      !+    
627       +
628       +proc sort data = fg_ptd_top_citylist_by_fmt_b;
MPRINT(CREATE_PB_STD_FORMATS):   proc sort data = fg_ptd_top_citylist_by_fmt_b;
629       +	by
630       +		p_commercial_name 
631       +	;
MPRINT(CREATE_PB_STD_FORMATS):   by p_commercial_name ;
632       +run;
MPRINT(CREATE_PB_STD_FORMATS):   run;

NOTE: There were 282 observations read from the data set WORK.FG_PTD_TOP_CITYLIST_BY_FMT_B.
NOTE: The data set WORK.FG_PTD_TOP_CITYLIST_BY_FMT_B has 282 observations and 7 variables.
NOTE: Compressing data set WORK.FG_PTD_TOP_CITYLIST_BY_FMT_B decreased size by 25.00 percent. 
      Compressed is 3 pages; un-compressed would require 4 pages.
NOTE: PROCEDURE SORT used (Total process time):
      real time           0.00 seconds
      cpu time            0.01 seconds
      

632      !+    
633       +
634       +
635       +
636       +proc rank data = fg_1mth_top_citylist_by_fmt_e out=fg_1mth_top_city_by_fmt_e_ranks 
637       +		(
638       +		keep=
639       +			p_commercial_name 
640       +			branch_city 
641       +			top_1mth_earn_rank_by_memcnt
642       +			top_1mth_earn_rank_by_actcnt
643       +			top_1mth_earn_rank_by_points
644       +			top_1mth_earn_rank_by_value
645       +		) descending ties=low
646       +	;
MPRINT(CREATE_PB_STD_FORMATS):   proc rank data = fg_1mth_top_citylist_by_fmt_e out=fg_1mth_top_city_by_fmt_e_ranks ( keep= 
60                                                         The SAS System                              11:39 Monday, January 5, 2015

p_commercial_name branch_city top_1mth_earn_rank_by_memcnt top_1mth_earn_rank_by_actcnt top_1mth_earn_rank_by_points 
top_1mth_earn_rank_by_value ) descending ties=low ;
647       +
648       +	by
649       +		p_commercial_name
650       +	;
MPRINT(CREATE_PB_STD_FORMATS):   by p_commercial_name ;
651       +
652       +	var
653       +		tot_1mth_earn_uniq_memcount
654       +		tot_1mth_earn_actcount
655       +		tot_1mth_earn_points
656       +		tot_1mth_earn_value
657       +	;
MPRINT(CREATE_PB_STD_FORMATS):   var tot_1mth_earn_uniq_memcount tot_1mth_earn_actcount tot_1mth_earn_points tot_1mth_earn_value ;
658       +
659       +	ranks
660       +		top_1mth_earn_rank_by_memcnt
661       +		top_1mth_earn_rank_by_actcnt
662       +		top_1mth_earn_rank_by_points
663       +		top_1mth_earn_rank_by_value
664       +	;
MPRINT(CREATE_PB_STD_FORMATS):   ranks top_1mth_earn_rank_by_memcnt top_1mth_earn_rank_by_actcnt top_1mth_earn_rank_by_points 
top_1mth_earn_rank_by_value ;
665       +run;
MPRINT(CREATE_PB_STD_FORMATS):   run;

NOTE: There were 0 observations read from the data set WORK.FG_1MTH_TOP_CITYLIST_BY_FMT_E.
NOTE: The data set WORK.FG_1MTH_TOP_CITY_BY_FMT_E_RANKS has 0 observations and 6 variables.
NOTE: PROCEDURE RANK used (Total process time):
      real time           0.01 seconds
      cpu time            0.00 seconds
      

MPRINT(CREATE_PB_STD_FORMATS):   quit;
665      !+    
666       +quit;
667       +
668       +proc rank data = fg_1mth_top_citylist_by_fmt_b out=fg_1mth_top_city_by_fmt_b_ranks 
669       +		(
670       +		keep=
671       +			p_commercial_name 
672       +			branch_city 
673       +			top_1mth_burn_rank_by_memcnt
674       +			top_1mth_burn_rank_by_actcnt
675       +			top_1mth_burn_rank_by_points
676       +			top_1mth_burn_rank_by_value
677       +		) descending ties=low
678       +	;
MPRINT(CREATE_PB_STD_FORMATS):   proc rank data = fg_1mth_top_citylist_by_fmt_b out=fg_1mth_top_city_by_fmt_b_ranks ( keep= 
p_commercial_name branch_city top_1mth_burn_rank_by_memcnt top_1mth_burn_rank_by_actcnt top_1mth_burn_rank_by_points 
top_1mth_burn_rank_by_value ) descending ties=low ;
679       +
680       +	by
681       +		p_commercial_name
682       +	;
MPRINT(CREATE_PB_STD_FORMATS):   by p_commercial_name ;
683       +
61                                                         The SAS System                              11:39 Monday, January 5, 2015

684       +	var
685       +		tot_1mth_burn_uniq_memcount
686       +		tot_1mth_burn_actcount
687       +		tot_1mth_burn_points
688       +		tot_1mth_burn_value
689       +	;
MPRINT(CREATE_PB_STD_FORMATS):   var tot_1mth_burn_uniq_memcount tot_1mth_burn_actcount tot_1mth_burn_points tot_1mth_burn_value ;
690       +
691       +	ranks
692       +		top_1mth_burn_rank_by_memcnt
693       +		top_1mth_burn_rank_by_actcnt
694       +		top_1mth_burn_rank_by_points
695       +		top_1mth_burn_rank_by_value
696       +	;
MPRINT(CREATE_PB_STD_FORMATS):   ranks top_1mth_burn_rank_by_memcnt top_1mth_burn_rank_by_actcnt top_1mth_burn_rank_by_points 
top_1mth_burn_rank_by_value ;
697       +run;
MPRINT(CREATE_PB_STD_FORMATS):   run;

NOTE: There were 0 observations read from the data set WORK.FG_1MTH_TOP_CITYLIST_BY_FMT_B.
NOTE: The data set WORK.FG_1MTH_TOP_CITY_BY_FMT_B_RANKS has 0 observations and 6 variables.
NOTE: PROCEDURE RANK used (Total process time):
      real time           0.00 seconds
      cpu time            0.00 seconds
      

MPRINT(CREATE_PB_STD_FORMATS):   quit;
697      !+    
698       +quit;
699       +
700       +proc rank data = fg_3mth_top_citylist_by_fmt_e out=fg_3mth_top_city_by_fmt_e_ranks 
701       +		(
702       +		keep=
703       +			p_commercial_name 
704       +			branch_city 
705       +			top_3mth_earn_rank_by_memcnt
706       +			top_3mth_earn_rank_by_actcnt
707       +			top_3mth_earn_rank_by_points
708       +			top_3mth_earn_rank_by_value
709       +		) descending ties=low
710       +	;
MPRINT(CREATE_PB_STD_FORMATS):   proc rank data = fg_3mth_top_citylist_by_fmt_e out=fg_3mth_top_city_by_fmt_e_ranks ( keep= 
p_commercial_name branch_city top_3mth_earn_rank_by_memcnt top_3mth_earn_rank_by_actcnt top_3mth_earn_rank_by_points 
top_3mth_earn_rank_by_value ) descending ties=low ;
711       +
712       +	by
713       +		p_commercial_name
714       +	;
MPRINT(CREATE_PB_STD_FORMATS):   by p_commercial_name ;
715       +
716       +	var
717       +		tot_3mth_earn_uniq_memcount
718       +		tot_3mth_earn_actcount
719       +		tot_3mth_earn_points
720       +		tot_3mth_earn_value
721       +	;
MPRINT(CREATE_PB_STD_FORMATS):   var tot_3mth_earn_uniq_memcount tot_3mth_earn_actcount tot_3mth_earn_points tot_3mth_earn_value ;
722       +
62                                                         The SAS System                              11:39 Monday, January 5, 2015

723       +	ranks
724       +		top_3mth_earn_rank_by_memcnt
725       +		top_3mth_earn_rank_by_actcnt
726       +		top_3mth_earn_rank_by_points
727       +		top_3mth_earn_rank_by_value
728       +	;
MPRINT(CREATE_PB_STD_FORMATS):   ranks top_3mth_earn_rank_by_memcnt top_3mth_earn_rank_by_actcnt top_3mth_earn_rank_by_points 
top_3mth_earn_rank_by_value ;
729       +run;
MPRINT(CREATE_PB_STD_FORMATS):   run;

NOTE: There were 0 observations read from the data set WORK.FG_3MTH_TOP_CITYLIST_BY_FMT_E.
NOTE: The data set WORK.FG_3MTH_TOP_CITY_BY_FMT_E_RANKS has 0 observations and 6 variables.
NOTE: PROCEDURE RANK used (Total process time):
      real time           0.00 seconds
      cpu time            0.00 seconds
      

MPRINT(CREATE_PB_STD_FORMATS):   quit;
729      !+    
730       +quit;
731       +
732       +proc rank data = fg_3mth_top_citylist_by_fmt_b out=fg_3mth_top_city_by_fmt_b_ranks 
733       +		(
734       +		keep=
735       +			p_commercial_name 
736       +			branch_city 
737       +			top_3mth_burn_rank_by_memcnt
738       +			top_3mth_burn_rank_by_actcnt
739       +			top_3mth_burn_rank_by_points
740       +			top_3mth_burn_rank_by_value
741       +		) descending ties=low
742       +	;
MPRINT(CREATE_PB_STD_FORMATS):   proc rank data = fg_3mth_top_citylist_by_fmt_b out=fg_3mth_top_city_by_fmt_b_ranks ( keep= 
p_commercial_name branch_city top_3mth_burn_rank_by_memcnt top_3mth_burn_rank_by_actcnt top_3mth_burn_rank_by_points 
top_3mth_burn_rank_by_value ) descending ties=low ;
743       +
744       +	by
745       +		p_commercial_name
746       +	;
MPRINT(CREATE_PB_STD_FORMATS):   by p_commercial_name ;
747       +
748       +	var
749       +		tot_3mth_burn_uniq_memcount
750       +		tot_3mth_burn_actcount
751       +		tot_3mth_burn_points
752       +		tot_3mth_burn_value
753       +	;
MPRINT(CREATE_PB_STD_FORMATS):   var tot_3mth_burn_uniq_memcount tot_3mth_burn_actcount tot_3mth_burn_points tot_3mth_burn_value ;
754       +
755       +	ranks
756       +		top_3mth_burn_rank_by_memcnt
757       +		top_3mth_burn_rank_by_actcnt
758       +		top_3mth_burn_rank_by_points
759       +		top_3mth_burn_rank_by_value
760       +	;
MPRINT(CREATE_PB_STD_FORMATS):   ranks top_3mth_burn_rank_by_memcnt top_3mth_burn_rank_by_actcnt top_3mth_burn_rank_by_points 
top_3mth_burn_rank_by_value ;
63                                                         The SAS System                              11:39 Monday, January 5, 2015

761       +run;
MPRINT(CREATE_PB_STD_FORMATS):   run;

NOTE: There were 0 observations read from the data set WORK.FG_3MTH_TOP_CITYLIST_BY_FMT_B.
NOTE: The data set WORK.FG_3MTH_TOP_CITY_BY_FMT_B_RANKS has 0 observations and 6 variables.
NOTE: PROCEDURE RANK used (Total process time):
      real time           0.00 seconds
      cpu time            0.00 seconds
      

MPRINT(CREATE_PB_STD_FORMATS):   quit;
761      !+    
762       +quit;
763       +
764       +proc rank data = fg_6mth_top_citylist_by_fmt_e out=fg_6mth_top_city_by_fmt_e_ranks 
765       +		(
766       +		keep=
767       +			p_commercial_name 
768       +			branch_city 
769       +			top_6mth_earn_rank_by_memcnt
770       +			top_6mth_earn_rank_by_actcnt
771       +			top_6mth_earn_rank_by_points
772       +			top_6mth_earn_rank_by_value
773       +		) descending ties=low
774       +	;
MPRINT(CREATE_PB_STD_FORMATS):   proc rank data = fg_6mth_top_citylist_by_fmt_e out=fg_6mth_top_city_by_fmt_e_ranks ( keep= 
p_commercial_name branch_city top_6mth_earn_rank_by_memcnt top_6mth_earn_rank_by_actcnt top_6mth_earn_rank_by_points 
top_6mth_earn_rank_by_value ) descending ties=low ;
775       +
776       +	by
777       +		p_commercial_name
778       +	;
MPRINT(CREATE_PB_STD_FORMATS):   by p_commercial_name ;
779       +
780       +	var
781       +		tot_6mth_earn_uniq_memcount
782       +		tot_6mth_earn_actcount
783       +		tot_6mth_earn_points
784       +		tot_6mth_earn_value
785       +	;
MPRINT(CREATE_PB_STD_FORMATS):   var tot_6mth_earn_uniq_memcount tot_6mth_earn_actcount tot_6mth_earn_points tot_6mth_earn_value ;
786       +
787       +	ranks
788       +		top_6mth_earn_rank_by_memcnt
789       +		top_6mth_earn_rank_by_actcnt
790       +		top_6mth_earn_rank_by_points
791       +		top_6mth_earn_rank_by_value
792       +	;
MPRINT(CREATE_PB_STD_FORMATS):   ranks top_6mth_earn_rank_by_memcnt top_6mth_earn_rank_by_actcnt top_6mth_earn_rank_by_points 
top_6mth_earn_rank_by_value ;
793       +run;
MPRINT(CREATE_PB_STD_FORMATS):   run;

NOTE: There were 0 observations read from the data set WORK.FG_6MTH_TOP_CITYLIST_BY_FMT_E.
NOTE: The data set WORK.FG_6MTH_TOP_CITY_BY_FMT_E_RANKS has 0 observations and 6 variables.
NOTE: PROCEDURE RANK used (Total process time):
      real time           0.00 seconds
      cpu time            0.00 seconds
64                                                         The SAS System                              11:39 Monday, January 5, 2015

      

MPRINT(CREATE_PB_STD_FORMATS):   quit;
793      !+    
794       +quit;
795       +
796       +proc rank data = fg_6mth_top_citylist_by_fmt_b out=fg_6mth_top_city_by_fmt_b_ranks 
797       +		(
798       +		keep=
799       +			p_commercial_name 
800       +			branch_city 
801       +			top_6mth_burn_rank_by_memcnt
802       +			top_6mth_burn_rank_by_actcnt
803       +			top_6mth_burn_rank_by_points
804       +			top_6mth_burn_rank_by_value
805       +		) descending ties=low
806       +	;
MPRINT(CREATE_PB_STD_FORMATS):   proc rank data = fg_6mth_top_citylist_by_fmt_b out=fg_6mth_top_city_by_fmt_b_ranks ( keep= 
p_commercial_name branch_city top_6mth_burn_rank_by_memcnt top_6mth_burn_rank_by_actcnt top_6mth_burn_rank_by_points 
top_6mth_burn_rank_by_value ) descending ties=low ;
807       +
808       +	by
809       +		p_commercial_name
810       +	;
MPRINT(CREATE_PB_STD_FORMATS):   by p_commercial_name ;
811       +
812       +	var
813       +		tot_6mth_burn_uniq_memcount
814       +		tot_6mth_burn_actcount
815       +		tot_6mth_burn_points
816       +		tot_6mth_burn_value
817       +	;
MPRINT(CREATE_PB_STD_FORMATS):   var tot_6mth_burn_uniq_memcount tot_6mth_burn_actcount tot_6mth_burn_points tot_6mth_burn_value ;
818       +
819       +	ranks
820       +		top_6mth_burn_rank_by_memcnt
821       +		top_6mth_burn_rank_by_actcnt
822       +		top_6mth_burn_rank_by_points
823       +		top_6mth_burn_rank_by_value
824       +	;
MPRINT(CREATE_PB_STD_FORMATS):   ranks top_6mth_burn_rank_by_memcnt top_6mth_burn_rank_by_actcnt top_6mth_burn_rank_by_points 
top_6mth_burn_rank_by_value ;
825       +run;
MPRINT(CREATE_PB_STD_FORMATS):   run;

NOTE: There were 0 observations read from the data set WORK.FG_6MTH_TOP_CITYLIST_BY_FMT_B.
NOTE: The data set WORK.FG_6MTH_TOP_CITY_BY_FMT_B_RANKS has 0 observations and 6 variables.
NOTE: PROCEDURE RANK used (Total process time):
      real time           0.00 seconds
      cpu time            0.00 seconds
      

MPRINT(CREATE_PB_STD_FORMATS):   quit;
825      !+    
826       +quit;
827       +
828       +proc rank data = fg_12mth_top_citylist_by_fmt_e out=fg_12mth_top_city_by_fmt_e_ranks 
829       +		(
65                                                         The SAS System                              11:39 Monday, January 5, 2015

830       +		keep=
831       +			p_commercial_name 
832       +			branch_city 
833       +			top_12mth_earn_rank_by_memcnt
834       +			top_12mth_earn_rank_by_actcnt
835       +			top_12mth_earn_rank_by_points
836       +			top_12mth_earn_rank_by_value
837       +		) descending ties=low
838       +	;
MPRINT(CREATE_PB_STD_FORMATS):   proc rank data = fg_12mth_top_citylist_by_fmt_e out=fg_12mth_top_city_by_fmt_e_ranks ( keep= 
p_commercial_name branch_city top_12mth_earn_rank_by_memcnt top_12mth_earn_rank_by_actcnt top_12mth_earn_rank_by_points 
top_12mth_earn_rank_by_value ) descending ties=low ;
839       +
840       +	by
841       +		p_commercial_name
842       +	;
MPRINT(CREATE_PB_STD_FORMATS):   by p_commercial_name ;
843       +
844       +	var
845       +		tot_12mth_earn_uniq_memcount
846       +		tot_12mth_earn_actcount
847       +		tot_12mth_earn_points
848       +		tot_12mth_earn_value
849       +	;
MPRINT(CREATE_PB_STD_FORMATS):   var tot_12mth_earn_uniq_memcount tot_12mth_earn_actcount tot_12mth_earn_points 
tot_12mth_earn_value ;
850       +
851       +	ranks
852       +		top_12mth_earn_rank_by_memcnt
853       +		top_12mth_earn_rank_by_actcnt
854       +		top_12mth_earn_rank_by_points
855       +		top_12mth_earn_rank_by_value
856       +	;
MPRINT(CREATE_PB_STD_FORMATS):   ranks top_12mth_earn_rank_by_memcnt top_12mth_earn_rank_by_actcnt top_12mth_earn_rank_by_points 
top_12mth_earn_rank_by_value ;
857       +run;
MPRINT(CREATE_PB_STD_FORMATS):   run;

NOTE: There were 282 observations read from the data set WORK.FG_12MTH_TOP_CITYLIST_BY_FMT_E.
NOTE: The data set WORK.FG_12MTH_TOP_CITY_BY_FMT_E_RANKS has 282 observations and 6 variables.
NOTE: Compressing data set WORK.FG_12MTH_TOP_CITY_BY_FMT_E_RANKS decreased size by 0.00 percent. 
      Compressed is 3 pages; un-compressed would require 3 pages.
NOTE: PROCEDURE RANK used (Total process time):
      real time           0.00 seconds
      cpu time            0.01 seconds
      

MPRINT(CREATE_PB_STD_FORMATS):   quit;
857      !+    
858       +quit;
859       +
860       +proc rank data = fg_12mth_top_citylist_by_fmt_b out=fg_12mth_top_city_by_fmt_b_ranks 
861       +		(
862       +		keep=
863       +			p_commercial_name 
864       +			branch_city 
865       +			top_12mth_burn_rank_by_memcnt
866       +			top_12mth_burn_rank_by_actcnt
66                                                         The SAS System                              11:39 Monday, January 5, 2015

867       +			top_12mth_burn_rank_by_points
868       +			top_12mth_burn_rank_by_value
869       +		) descending ties=low
870       +	;
MPRINT(CREATE_PB_STD_FORMATS):   proc rank data = fg_12mth_top_citylist_by_fmt_b out=fg_12mth_top_city_by_fmt_b_ranks ( keep= 
p_commercial_name branch_city top_12mth_burn_rank_by_memcnt top_12mth_burn_rank_by_actcnt top_12mth_burn_rank_by_points 
top_12mth_burn_rank_by_value ) descending ties=low ;
871       +
872       +	by
873       +		p_commercial_name
874       +	;
MPRINT(CREATE_PB_STD_FORMATS):   by p_commercial_name ;
875       +
876       +	var
877       +		tot_12mth_burn_uniq_memcount
878       +		tot_12mth_burn_actcount
879       +		tot_12mth_burn_points
880       +		tot_12mth_burn_value
881       +	;
MPRINT(CREATE_PB_STD_FORMATS):   var tot_12mth_burn_uniq_memcount tot_12mth_burn_actcount tot_12mth_burn_points 
tot_12mth_burn_value ;
882       +
883       +	ranks
884       +		top_12mth_burn_rank_by_memcnt
885       +		top_12mth_burn_rank_by_actcnt
886       +		top_12mth_burn_rank_by_points
887       +		top_12mth_burn_rank_by_value
888       +	;
MPRINT(CREATE_PB_STD_FORMATS):   ranks top_12mth_burn_rank_by_memcnt top_12mth_burn_rank_by_actcnt top_12mth_burn_rank_by_points 
top_12mth_burn_rank_by_value ;
889       +run;
MPRINT(CREATE_PB_STD_FORMATS):   run;

NOTE: There were 254 observations read from the data set WORK.FG_12MTH_TOP_CITYLIST_BY_FMT_B.
NOTE: The data set WORK.FG_12MTH_TOP_CITY_BY_FMT_B_RANKS has 254 observations and 6 variables.
NOTE: Compressing data set WORK.FG_12MTH_TOP_CITY_BY_FMT_B_RANKS decreased size by 0.00 percent. 
      Compressed is 3 pages; un-compressed would require 3 pages.
NOTE: PROCEDURE RANK used (Total process time):
      real time           0.05 seconds
      cpu time            0.00 seconds
      

MPRINT(CREATE_PB_STD_FORMATS):   quit;
889      !+    
890       +quit;
891       +
892       +
893       +
894       +proc rank data = fg_ptd_top_citylist_by_fmt_e out=fg_ptd_top_city_by_fmt_e_ranks 
895       +		(
896       +		keep=
897       +			p_commercial_name 
898       +			branch_city 
899       +			top_ptd_earn_rank_by_memcnt
900       +			top_ptd_earn_rank_by_actcnt
901       +			top_ptd_earn_rank_by_points
902       +			top_ptd_earn_rank_by_value
903       +		) descending ties=low
67                                                         The SAS System                              11:39 Monday, January 5, 2015

904       +	;
MPRINT(CREATE_PB_STD_FORMATS):   proc rank data = fg_ptd_top_citylist_by_fmt_e out=fg_ptd_top_city_by_fmt_e_ranks ( keep= 
p_commercial_name branch_city top_ptd_earn_rank_by_memcnt top_ptd_earn_rank_by_actcnt top_ptd_earn_rank_by_points 
top_ptd_earn_rank_by_value ) descending ties=low ;
905       +
906       +	by
907       +		p_commercial_name
908       +	;
MPRINT(CREATE_PB_STD_FORMATS):   by p_commercial_name ;
909       +
910       +	var
911       +		tot_ptd_earn_uniq_memcount
912       +		tot_ptd_earn_actcount
913       +		tot_ptd_earn_points
914       +		tot_ptd_earn_value
915       +	;
MPRINT(CREATE_PB_STD_FORMATS):   var tot_ptd_earn_uniq_memcount tot_ptd_earn_actcount tot_ptd_earn_points tot_ptd_earn_value ;
916       +
917       +	ranks
918       +		top_ptd_earn_rank_by_memcnt
919       +		top_ptd_earn_rank_by_actcnt
920       +		top_ptd_earn_rank_by_points
921       +		top_ptd_earn_rank_by_value
922       +	;
MPRINT(CREATE_PB_STD_FORMATS):   ranks top_ptd_earn_rank_by_memcnt top_ptd_earn_rank_by_actcnt top_ptd_earn_rank_by_points 
top_ptd_earn_rank_by_value ;
923       +run;
MPRINT(CREATE_PB_STD_FORMATS):   run;

NOTE: There were 317 observations read from the data set WORK.FG_PTD_TOP_CITYLIST_BY_FMT_E.
NOTE: The data set WORK.FG_PTD_TOP_CITY_BY_FMT_E_RANKS has 317 observations and 6 variables.
NOTE: Compressing data set WORK.FG_PTD_TOP_CITY_BY_FMT_E_RANKS decreased size by 25.00 percent. 
      Compressed is 3 pages; un-compressed would require 4 pages.
NOTE: PROCEDURE RANK used (Total process time):
      real time           0.02 seconds
      cpu time            0.01 seconds
      

MPRINT(CREATE_PB_STD_FORMATS):   quit;
923      !+    
924       +quit;
925       +
926       +proc rank data = fg_ptd_top_citylist_by_fmt_b out=fg_ptd_top_city_by_fmt_b_ranks 
927       +		(
928       +		keep=
929       +			p_commercial_name 
930       +			branch_city 
931       +			top_ptd_burn_rank_by_memcnt
932       +			top_ptd_burn_rank_by_actcnt
933       +			top_ptd_burn_rank_by_points
934       +			top_ptd_burn_rank_by_value
935       +		) descending ties=low
936       +	;
MPRINT(CREATE_PB_STD_FORMATS):   proc rank data = fg_ptd_top_citylist_by_fmt_b out=fg_ptd_top_city_by_fmt_b_ranks ( keep= 
p_commercial_name branch_city top_ptd_burn_rank_by_memcnt top_ptd_burn_rank_by_actcnt top_ptd_burn_rank_by_points 
top_ptd_burn_rank_by_value ) descending ties=low ;
937       +
938       +	by
68                                                         The SAS System                              11:39 Monday, January 5, 2015

939       +		p_commercial_name
940       +	;
MPRINT(CREATE_PB_STD_FORMATS):   by p_commercial_name ;
941       +
942       +	var
943       +		tot_ptd_burn_uniq_memcount
944       +		tot_ptd_burn_actcount
945       +		tot_ptd_burn_points
946       +		tot_ptd_burn_value
947       +	;
MPRINT(CREATE_PB_STD_FORMATS):   var tot_ptd_burn_uniq_memcount tot_ptd_burn_actcount tot_ptd_burn_points tot_ptd_burn_value ;
948       +
949       +	ranks
950       +		top_ptd_burn_rank_by_memcnt
951       +		top_ptd_burn_rank_by_actcnt
952       +		top_ptd_burn_rank_by_points
953       +		top_ptd_burn_rank_by_value
954       +	;
MPRINT(CREATE_PB_STD_FORMATS):   ranks top_ptd_burn_rank_by_memcnt top_ptd_burn_rank_by_actcnt top_ptd_burn_rank_by_points 
top_ptd_burn_rank_by_value ;
955       +run;
MPRINT(CREATE_PB_STD_FORMATS):   run;

NOTE: There were 282 observations read from the data set WORK.FG_PTD_TOP_CITYLIST_BY_FMT_B.
NOTE: The data set WORK.FG_PTD_TOP_CITY_BY_FMT_B_RANKS has 282 observations and 6 variables.
NOTE: Compressing data set WORK.FG_PTD_TOP_CITY_BY_FMT_B_RANKS decreased size by 0.00 percent. 
      Compressed is 3 pages; un-compressed would require 3 pages.
NOTE: PROCEDURE RANK used (Total process time):
      real time           0.02 seconds
      cpu time            0.00 seconds
      

MPRINT(CREATE_PB_STD_FORMATS):   quit;
955      !+    
956       +quit;
957       +
958       +
959       +/* Construction of SAS FORMAT based on unique member count for every FG FORMAT */
960       +
961       +data fg_top10cy_ecnt_12mth;
MPRINT(CREATE_PB_STD_FORMATS):   data fg_top10cy_ecnt_12mth;
962       +
963       +	RETAIN FMTNAME "fg_top10cy_ecnt_12mth" Type 'C';
MPRINT(CREATE_PB_STD_FORMATS):   RETAIN FMTNAME "fg_top10cy_ecnt_12mth" Type 'C';
964       +
965       +	set fg_12mth_top_city_by_fmt_e_ranks end=eof;
MPRINT(CREATE_PB_STD_FORMATS):   set fg_12mth_top_city_by_fmt_e_ranks end=eof;
966       +
967       +	format start $50.;
MPRINT(CREATE_PB_STD_FORMATS):   format start $50.;
968       +		
969       +	start = strip(p_commercial_name) || strip(branch_city);
MPRINT(CREATE_PB_STD_FORMATS):   start = strip(p_commercial_name) || strip(branch_city);
970       +	if top_12mth_earn_rank_by_memcnt <= 10 then do;
MPRINT(CREATE_PB_STD_FORMATS):   if top_12mth_earn_rank_by_memcnt <= 10 then do;
971       +		label = branch_city;
MPRINT(CREATE_PB_STD_FORMATS):   label = branch_city;
972       +	end;
69                                                         The SAS System                              11:39 Monday, January 5, 2015

MPRINT(CREATE_PB_STD_FORMATS):   end;
973       +	else label = "OTHERS";
MPRINT(CREATE_PB_STD_FORMATS):   else label = "OTHERS";
974       +	output;
MPRINT(CREATE_PB_STD_FORMATS):   output;
975       +	if eof then do;
MPRINT(CREATE_PB_STD_FORMATS):   if eof then do;
976       +		hlo='O';
MPRINT(CREATE_PB_STD_FORMATS):   hlo='O';
977       +		label = "OTHERS";
MPRINT(CREATE_PB_STD_FORMATS):   label = "OTHERS";
978       +		OUTPUT;
MPRINT(CREATE_PB_STD_FORMATS):   OUTPUT;
979       +	end;
MPRINT(CREATE_PB_STD_FORMATS):   end;
980       +
981       +run;
MPRINT(CREATE_PB_STD_FORMATS):   run;

NOTE: There were 282 observations read from the data set WORK.FG_12MTH_TOP_CITY_BY_FMT_E_RANKS.
NOTE: The data set WORK.FG_TOP10CY_ECNT_12MTH has 283 observations and 11 variables.
NOTE: Compressing data set WORK.FG_TOP10CY_ECNT_12MTH decreased size by 0.00 percent. 
      Compressed is 3 pages; un-compressed would require 3 pages.
NOTE: DATA statement used (Total process time):
      real time           0.05 seconds
      cpu time            0.00 seconds
      

981      !+    
982       +
983       +proc format library = formats cntlin=fg_top10cy_ecnt_12mth;
MPRINT(CREATE_PB_STD_FORMATS):   proc format library = formats cntlin=fg_top10cy_ecnt_12mth;
NOTE: Format $FG_TOP10CY_ECNT_12MTH has been written to FORMATS.FORMATS.
MPRINT(CREATE_PB_STD_FORMATS):   quit;
983      !+                                                           
984       +quit;

NOTE: There were 283 observations read from the data set WORK.FG_TOP10CY_ECNT_12MTH.
NOTE: PROCEDURE FORMAT used (Total process time):
      real time           0.14 seconds
      cpu time            0.02 seconds
      

984      !+     
985       +
986       +/* Top20 FG cities by performance variable: UNIQ EARN MEMBER COUNT */
987       +
988       +data fg_top20cy_ecnt_12mth;
MPRINT(CREATE_PB_STD_FORMATS):   data fg_top20cy_ecnt_12mth;
989       +
990       +	RETAIN FMTNAME "fg_top20cy_ecnt_12mth" Type 'C';
MPRINT(CREATE_PB_STD_FORMATS):   RETAIN FMTNAME "fg_top20cy_ecnt_12mth" Type 'C';
991       +
992       +	set fg_12mth_top_city_by_fmt_e_ranks end=eof;
MPRINT(CREATE_PB_STD_FORMATS):   set fg_12mth_top_city_by_fmt_e_ranks end=eof;
993       +
994       +	format start $50.;
MPRINT(CREATE_PB_STD_FORMATS):   format start $50.;
70                                                         The SAS System                              11:39 Monday, January 5, 2015

995       +		
996       +	start = strip(p_commercial_name) || strip(branch_city);
MPRINT(CREATE_PB_STD_FORMATS):   start = strip(p_commercial_name) || strip(branch_city);
997       +	if top_12mth_earn_rank_by_memcnt <= 20 then do;
MPRINT(CREATE_PB_STD_FORMATS):   if top_12mth_earn_rank_by_memcnt <= 20 then do;
998       +		label = branch_city;
MPRINT(CREATE_PB_STD_FORMATS):   label = branch_city;
999       +	end;
MPRINT(CREATE_PB_STD_FORMATS):   end;
1000      +	else label = "OTHERS";
MPRINT(CREATE_PB_STD_FORMATS):   else label = "OTHERS";
1001      +	output;
MPRINT(CREATE_PB_STD_FORMATS):   output;
1002      +	if eof then do;
MPRINT(CREATE_PB_STD_FORMATS):   if eof then do;
1003      +		hlo='O';
MPRINT(CREATE_PB_STD_FORMATS):   hlo='O';
1004      +		label = "OTHERS";
MPRINT(CREATE_PB_STD_FORMATS):   label = "OTHERS";
1005      +		OUTPUT;
MPRINT(CREATE_PB_STD_FORMATS):   OUTPUT;
1006      +	end;
MPRINT(CREATE_PB_STD_FORMATS):   end;
1007      +
1008      +run;
MPRINT(CREATE_PB_STD_FORMATS):   run;

NOTE: There were 282 observations read from the data set WORK.FG_12MTH_TOP_CITY_BY_FMT_E_RANKS.
NOTE: The data set WORK.FG_TOP20CY_ECNT_12MTH has 283 observations and 11 variables.
NOTE: Compressing data set WORK.FG_TOP20CY_ECNT_12MTH decreased size by 0.00 percent. 
      Compressed is 3 pages; un-compressed would require 3 pages.
NOTE: DATA statement used (Total process time):
      real time           0.06 seconds
      cpu time            0.00 seconds
      

1008     !+    
1009      +
1010      +proc format library = formats cntlin=fg_top20cy_ecnt_12mth;
MPRINT(CREATE_PB_STD_FORMATS):   proc format library = formats cntlin=fg_top20cy_ecnt_12mth;
NOTE: Format $FG_TOP20CY_ECNT_12MTH has been written to FORMATS.FORMATS.
MPRINT(CREATE_PB_STD_FORMATS):   quit;
1010     !+                                                           
1011      +quit;

NOTE: There were 283 observations read from the data set WORK.FG_TOP20CY_ECNT_12MTH.
NOTE: PROCEDURE FORMAT used (Total process time):
      real time           0.00 seconds
      cpu time            0.00 seconds
      

1011     !+     
1012      +
1013      +
1014      +/* Top50 FG cities by performance variable: UNIQ EARN MEMBER COUNT */
1015      +
1016      +
1017      +data fg_top50cy_ecnt_12mth;
71                                                         The SAS System                              11:39 Monday, January 5, 2015

MPRINT(CREATE_PB_STD_FORMATS):   data fg_top50cy_ecnt_12mth;
1018      +
1019      +	RETAIN FMTNAME "fg_top50cy_ecnt_12mth" Type 'C';
MPRINT(CREATE_PB_STD_FORMATS):   RETAIN FMTNAME "fg_top50cy_ecnt_12mth" Type 'C';
1020      +
1021      +	set fg_12mth_top_city_by_fmt_e_ranks end=eof;
MPRINT(CREATE_PB_STD_FORMATS):   set fg_12mth_top_city_by_fmt_e_ranks end=eof;
1022      +
1023      +	format start $50.;
MPRINT(CREATE_PB_STD_FORMATS):   format start $50.;
1024      +		
1025      +	start = strip(p_commercial_name) || strip(branch_city);
MPRINT(CREATE_PB_STD_FORMATS):   start = strip(p_commercial_name) || strip(branch_city);
1026      +	if top_12mth_earn_rank_by_memcnt <= 50 then do;
MPRINT(CREATE_PB_STD_FORMATS):   if top_12mth_earn_rank_by_memcnt <= 50 then do;
1027      +		label = branch_city;
MPRINT(CREATE_PB_STD_FORMATS):   label = branch_city;
1028      +	end;
MPRINT(CREATE_PB_STD_FORMATS):   end;
1029      +	else label = "OTHERS";
MPRINT(CREATE_PB_STD_FORMATS):   else label = "OTHERS";
1030      +	
1031      +	output;
MPRINT(CREATE_PB_STD_FORMATS):   output;
1032      +run;
MPRINT(CREATE_PB_STD_FORMATS):   run;

NOTE: There were 282 observations read from the data set WORK.FG_12MTH_TOP_CITY_BY_FMT_E_RANKS.
NOTE: The data set WORK.FG_TOP50CY_ECNT_12MTH has 282 observations and 10 variables.
NOTE: Compressing data set WORK.FG_TOP50CY_ECNT_12MTH decreased size by 0.00 percent. 
      Compressed is 3 pages; un-compressed would require 3 pages.
NOTE: DATA statement used (Total process time):
      real time           0.02 seconds
      cpu time            0.01 seconds
      

1032     !+    
1033      +
1034      +proc format library = formats cntlin=fg_top50cy_ecnt_12mth;
MPRINT(CREATE_PB_STD_FORMATS):   proc format library = formats cntlin=fg_top50cy_ecnt_12mth;
NOTE: Format $FG_TOP50CY_ECNT_12MTH has been written to FORMATS.FORMATS.
MPRINT(CREATE_PB_STD_FORMATS):   quit;
1034     !+                                                           
1035      +quit;

NOTE: There were 282 observations read from the data set WORK.FG_TOP50CY_ECNT_12MTH.
NOTE: PROCEDURE FORMAT used (Total process time):
      real time           0.00 seconds
      cpu time            0.00 seconds
      

1035     !+     
1036      +
1037      +/* Top20 FG cities by performance variable: EARN activity count */
1038      +
1039      +data fg_top20cy_eactcnt_12mth;
MPRINT(CREATE_PB_STD_FORMATS):   data fg_top20cy_eactcnt_12mth;
1040      +
72                                                         The SAS System                              11:39 Monday, January 5, 2015

1041      +	RETAIN FMTNAME "fg_top20cy_eactcnt_12mth" Type 'C';
MPRINT(CREATE_PB_STD_FORMATS):   RETAIN FMTNAME "fg_top20cy_eactcnt_12mth" Type 'C';
1042      +
1043      +	set fg_12mth_top_city_by_fmt_e_ranks end=eof;
MPRINT(CREATE_PB_STD_FORMATS):   set fg_12mth_top_city_by_fmt_e_ranks end=eof;
1044      +
1045      +	format start $50.;
MPRINT(CREATE_PB_STD_FORMATS):   format start $50.;
1046      +		
1047      +	start = strip(p_commercial_name) || strip(branch_city);
MPRINT(CREATE_PB_STD_FORMATS):   start = strip(p_commercial_name) || strip(branch_city);
1048      +	if top_12mth_earn_rank_by_actcnt <= 20 then do;
MPRINT(CREATE_PB_STD_FORMATS):   if top_12mth_earn_rank_by_actcnt <= 20 then do;
1049      +		label = branch_city;
MPRINT(CREATE_PB_STD_FORMATS):   label = branch_city;
1050      +	end;
MPRINT(CREATE_PB_STD_FORMATS):   end;
1051      +	else label = "OTHERS";
MPRINT(CREATE_PB_STD_FORMATS):   else label = "OTHERS";
1052      +	output;
MPRINT(CREATE_PB_STD_FORMATS):   output;
1053      +	if eof then do;
MPRINT(CREATE_PB_STD_FORMATS):   if eof then do;
1054      +		hlo='O';
MPRINT(CREATE_PB_STD_FORMATS):   hlo='O';
1055      +		label = "OTHERS";
MPRINT(CREATE_PB_STD_FORMATS):   label = "OTHERS";
1056      +		OUTPUT;
MPRINT(CREATE_PB_STD_FORMATS):   OUTPUT;
1057      +	end;
MPRINT(CREATE_PB_STD_FORMATS):   end;
1058      +
1059      +run;
MPRINT(CREATE_PB_STD_FORMATS):   run;

NOTE: There were 282 observations read from the data set WORK.FG_12MTH_TOP_CITY_BY_FMT_E_RANKS.
NOTE: The data set WORK.FG_TOP20CY_EACTCNT_12MTH has 283 observations and 11 variables.
NOTE: Compressing data set WORK.FG_TOP20CY_EACTCNT_12MTH decreased size by 25.00 percent. 
      Compressed is 3 pages; un-compressed would require 4 pages.
NOTE: DATA statement used (Total process time):
      real time           0.02 seconds
      cpu time            0.01 seconds
      

1059     !+    
1060      +
1061      +proc format library = formats cntlin=fg_top20cy_eactcnt_12mth;
MPRINT(CREATE_PB_STD_FORMATS):   proc format library = formats cntlin=fg_top20cy_eactcnt_12mth;
NOTE: Format $FG_TOP20CY_EACTCNT_12MTH has been written to FORMATS.FORMATS.
MPRINT(CREATE_PB_STD_FORMATS):   quit;
1061     !+                                                              
1062      +quit;

NOTE: There were 283 observations read from the data set WORK.FG_TOP20CY_EACTCNT_12MTH.
NOTE: PROCEDURE FORMAT used (Total process time):
      real time           0.00 seconds
      cpu time            0.00 seconds
      
73                                                         The SAS System                              11:39 Monday, January 5, 2015


1062     !+     
1063      +
1064      +/* FG Top cities Format by PTD performance - */
1065      +
1066      +data fg_top20cy_ecnt_ptd;
MPRINT(CREATE_PB_STD_FORMATS):   data fg_top20cy_ecnt_ptd;
1067      +
1068      +	RETAIN FMTNAME "fg_top20cy_ecnt_ptd" Type 'C';
MPRINT(CREATE_PB_STD_FORMATS):   RETAIN FMTNAME "fg_top20cy_ecnt_ptd" Type 'C';
1069      +
1070      +	set fg_ptd_top_city_by_fmt_e_ranks end=eof;
MPRINT(CREATE_PB_STD_FORMATS):   set fg_ptd_top_city_by_fmt_e_ranks end=eof;
1071      +
1072      +	format start $50.;
MPRINT(CREATE_PB_STD_FORMATS):   format start $50.;
1073      +		
1074      +	start = strip(p_commercial_name) || strip(branch_city);
MPRINT(CREATE_PB_STD_FORMATS):   start = strip(p_commercial_name) || strip(branch_city);
1075      +	if top_ptd_earn_rank_by_memcnt <= 20 then do;
MPRINT(CREATE_PB_STD_FORMATS):   if top_ptd_earn_rank_by_memcnt <= 20 then do;
1076      +		label = branch_city;
MPRINT(CREATE_PB_STD_FORMATS):   label = branch_city;
1077      +	end;
MPRINT(CREATE_PB_STD_FORMATS):   end;
1078      +	else label = "OTHERS";
MPRINT(CREATE_PB_STD_FORMATS):   else label = "OTHERS";
1079      +	output;
MPRINT(CREATE_PB_STD_FORMATS):   output;
1080      +	if eof then do;
MPRINT(CREATE_PB_STD_FORMATS):   if eof then do;
1081      +		hlo='O';
MPRINT(CREATE_PB_STD_FORMATS):   hlo='O';
1082      +		label = "OTHERS";
MPRINT(CREATE_PB_STD_FORMATS):   label = "OTHERS";
1083      +		OUTPUT;
MPRINT(CREATE_PB_STD_FORMATS):   OUTPUT;
1084      +	end;
MPRINT(CREATE_PB_STD_FORMATS):   end;
1085      +
1086      +run;
MPRINT(CREATE_PB_STD_FORMATS):   run;

NOTE: There were 317 observations read from the data set WORK.FG_PTD_TOP_CITY_BY_FMT_E_RANKS.
NOTE: The data set WORK.FG_TOP20CY_ECNT_PTD has 318 observations and 11 variables.
NOTE: Compressing data set WORK.FG_TOP20CY_ECNT_PTD decreased size by 25.00 percent. 
      Compressed is 3 pages; un-compressed would require 4 pages.
NOTE: DATA statement used (Total process time):
      real time           0.00 seconds
      cpu time            0.00 seconds
      

1086     !+    
1087      +
1088      +proc format library = formats cntlin=fg_top20cy_ecnt_ptd;
MPRINT(CREATE_PB_STD_FORMATS):   proc format library = formats cntlin=fg_top20cy_ecnt_ptd;
NOTE: Format $FG_TOP20CY_ECNT_PTD has been written to FORMATS.FORMATS.
MPRINT(CREATE_PB_STD_FORMATS):   quit;
74                                                         The SAS System                              11:39 Monday, January 5, 2015

1088     !+                                                         
1089      +quit;

NOTE: There were 318 observations read from the data set WORK.FG_TOP20CY_ECNT_PTD.
NOTE: PROCEDURE FORMAT used (Total process time):
      real time           0.00 seconds
      cpu time            0.00 seconds
      

1089     !+     
1090      +
1091      +data fg_top20cy_eactcnt_ptd;
MPRINT(CREATE_PB_STD_FORMATS):   data fg_top20cy_eactcnt_ptd;
1092      +
1093      +	RETAIN FMTNAME "fg_top20cy_eactcnt_ptd" Type 'C';
MPRINT(CREATE_PB_STD_FORMATS):   RETAIN FMTNAME "fg_top20cy_eactcnt_ptd" Type 'C';
1094      +
1095      +	set fg_ptd_top_city_by_fmt_e_ranks end=eof;
MPRINT(CREATE_PB_STD_FORMATS):   set fg_ptd_top_city_by_fmt_e_ranks end=eof;
1096      +
1097      +	format start $50.;
MPRINT(CREATE_PB_STD_FORMATS):   format start $50.;
1098      +		
1099      +	start = strip(p_commercial_name) || strip(branch_city);
MPRINT(CREATE_PB_STD_FORMATS):   start = strip(p_commercial_name) || strip(branch_city);
1100      +	if top_ptd_earn_rank_by_actcnt <= 20 then do;
MPRINT(CREATE_PB_STD_FORMATS):   if top_ptd_earn_rank_by_actcnt <= 20 then do;
1101      +		label = branch_city;
MPRINT(CREATE_PB_STD_FORMATS):   label = branch_city;
1102      +	end;
MPRINT(CREATE_PB_STD_FORMATS):   end;
1103      +	else label = "OTHERS";
MPRINT(CREATE_PB_STD_FORMATS):   else label = "OTHERS";
1104      +	output;
MPRINT(CREATE_PB_STD_FORMATS):   output;
1105      +	if eof then do;
MPRINT(CREATE_PB_STD_FORMATS):   if eof then do;
1106      +		hlo='O';
MPRINT(CREATE_PB_STD_FORMATS):   hlo='O';
1107      +		label = "OTHERS";
MPRINT(CREATE_PB_STD_FORMATS):   label = "OTHERS";
1108      +		OUTPUT;
MPRINT(CREATE_PB_STD_FORMATS):   OUTPUT;
1109      +	end;
MPRINT(CREATE_PB_STD_FORMATS):   end;
1110      +
1111      +run;
MPRINT(CREATE_PB_STD_FORMATS):   run;

NOTE: There were 317 observations read from the data set WORK.FG_PTD_TOP_CITY_BY_FMT_E_RANKS.
NOTE: The data set WORK.FG_TOP20CY_EACTCNT_PTD has 318 observations and 11 variables.
NOTE: Compressing data set WORK.FG_TOP20CY_EACTCNT_PTD decreased size by 25.00 percent. 
      Compressed is 3 pages; un-compressed would require 4 pages.
NOTE: DATA statement used (Total process time):
      real time           0.01 seconds
      cpu time            0.01 seconds
      

75                                                         The SAS System                              11:39 Monday, January 5, 2015

1111     !+    
1112      +
1113      +proc format library = formats cntlin=fg_top20cy_eactcnt_ptd;
MPRINT(CREATE_PB_STD_FORMATS):   proc format library = formats cntlin=fg_top20cy_eactcnt_ptd;
NOTE: Format $FG_TOP20CY_EACTCNT_PTD has been written to FORMATS.FORMATS.
MPRINT(CREATE_PB_STD_FORMATS):   quit;
1113     !+                                                            
1114      +quit;

NOTE: There were 318 observations read from the data set WORK.FG_TOP20CY_EACTCNT_PTD.
NOTE: PROCEDURE FORMAT used (Total process time):
      real time           0.00 seconds
      cpu time            0.00 seconds
      

1114     !+     
NOTE: %INCLUDE (level 1) ending.
MLOGIC(CREATE_PB_STD_FORMATS):  Ending execution.

ERROR: Errors printed on page 9.

NOTE: SAS Institute Inc., SAS Campus Drive, Cary, NC USA 27513-2414
NOTE: The SAS System used:
      real time           1:10.88
      cpu time            1:02.50
      
